Build started 10/22/2025 10:17:10 AM.
     1>Project "/Users/dguisinger/git/oproto-fluent-dynamodb/Oproto.FluentDynamoDb.sln" on node 1 (VSTest target(s)).
     1>ValidateSolutionConfiguration:
         Building solution configuration "Debug|Any CPU".
Test run for /Users/dguisinger/git/oproto-fluent-dynamodb/Oproto.FluentDynamoDb.FluentResults.UnitTests/bin/Debug/net8.0/Oproto.FluentDynamoDb.FluentResults.UnitTests.dll (.NETCoreApp,Version=v8.0)
Test run for /Users/dguisinger/git/oproto-fluent-dynamodb/Oproto.FluentDynamoDb.UnitTests/bin/Debug/net8.0/Oproto.FluentDynamoDb.UnitTests.dll (.NETCoreApp,Version=v8.0)
Test run for /Users/dguisinger/git/oproto-fluent-dynamodb/Oproto.FluentDynamoDb.SourceGenerator.UnitTests/bin/Debug/net8.0/Oproto.FluentDynamoDb.SourceGenerator.UnitTests.dll (.NETCoreApp,Version=v8.0)
Test run for /Users/dguisinger/git/oproto-fluent-dynamodb/Oproto.FluentDynamoDb.BlobStorage.S3.UnitTests/bin/Debug/net8.0/Oproto.FluentDynamoDb.BlobStorage.S3.UnitTests.dll (.NETCoreApp,Version=v8.0)
Microsoft (R) Test Execution Command Line Tool Version 17.8.0 (arm64)
Copyright (c) Microsoft Corporation.  All rights reserved.

Microsoft (R) Test Execution Command Line Tool Version 17.8.0 (arm64)
Copyright (c) Microsoft Corporation.  All rights reserved.
Microsoft (R) Test Execution Command Line Tool Version 17.8.0 (arm64)
Copyright (c) Microsoft Corporation.  All rights reserved.


Microsoft (R) Test Execution Command Line Tool Version 17.8.0 (arm64)
Copyright (c) Microsoft Corporation.  All rights reserved.

Starting test execution, please wait...
Starting test execution, please wait...
A total of 1 test files matched the specified pattern.
Starting test execution, please wait...
A total of 1 test files matched the specified pattern.A total of 1 test files matched the specified pattern.

Starting test execution, please wait...
A total of 1 test files matched the specified pattern.
[xUnit.net 00:00:00.00] xUnit.net VSTest Adapter v2.5.3.1+6b60a9e56a (64-bit .NET 8.0.0)
[xUnit.net 00:00:00.00] xUnit.net VSTest Adapter v2.5.3.1+6b60a9e56a (64-bit .NET 8.0.0)
[xUnit.net 00:00:00.00] xUnit.net VSTest Adapter v2.4.5+1caef2f33e (64-bit .NET 8.0.0)
[xUnit.net 00:00:00.04]   Discovering: Oproto.FluentDynamoDb.SourceGenerator.UnitTests
[xUnit.net 00:00:00.00] xUnit.net VSTest Adapter v2.4.5+1caef2f33e (64-bit .NET 8.0.0)
[xUnit.net 00:00:00.05]   Discovering: Oproto.FluentDynamoDb.FluentResults.UnitTests
[xUnit.net 00:00:00.07]   Discovered:  Oproto.FluentDynamoDb.FluentResults.UnitTests
[xUnit.net 00:00:00.09]   Discovered:  Oproto.FluentDynamoDb.SourceGenerator.UnitTests
[xUnit.net 00:00:00.07]   Starting:    Oproto.FluentDynamoDb.FluentResults.UnitTests
[xUnit.net 00:00:00.09]   Starting:    Oproto.FluentDynamoDb.SourceGenerator.UnitTests
  Passed Oproto.FluentDynamoDb.SourceGenerator.UnitTests.Models.PropertyModelTests.IsNullable_WithDifferentTypes_ShouldDetectCorrectly(propertyType: "int?", expectedIsNullable: True) [12 ms]
  Passed Oproto.FluentDynamoDb.SourceGenerator.UnitTests.Models.RelationshipModelTests.IsWildcardPattern_WithVariousPatterns_ShouldDetectCorrectly(pattern: "*", expectedIsWildcard: True) [11 ms]
  Passed Oproto.FluentDynamoDb.SourceGenerator.UnitTests.Diagnostics.DiagnosticDescriptorsTests.MultipleSortKeys_ShouldHaveCorrectProperties [13 ms]
  Passed Oproto.FluentDynamoDb.SourceGenerator.UnitTests.Models.EntityModelTests.PartitionKeyProperty_WithPartitionKeyProperty_ReturnsCorrectProperty [13 ms]
  Passed Oproto.FluentDynamoDb.SourceGenerator.UnitTests.Models.RelationshipModelTests.IsWildcardPattern_WithVariousPatterns_ShouldDetectCorrectly(pattern: "audit#123", expectedIsWildcard: False) [< 1 ms]
  Passed Oproto.FluentDynamoDb.SourceGenerator.UnitTests.Models.PropertyModelTests.IsNullable_WithDifferentTypes_ShouldDetectCorrectly(propertyType: "int", expectedIsNullable: False) [< 1 ms]
  Passed Oproto.FluentDynamoDb.SourceGenerator.UnitTests.Models.RelationshipModelTests.IsWildcardPattern_WithVariousPatterns_ShouldDetectCorrectly(pattern: "", expectedIsWildcard: False) [< 1 ms]
  Passed Oproto.FluentDynamoDb.SourceGenerator.UnitTests.Models.PropertyModelTests.IsNullable_WithDifferentTypes_ShouldDetectCorrectly(propertyType: "string?", expectedIsNullable: True) [< 1 ms]
  Passed Oproto.FluentDynamoDb.SourceGenerator.UnitTests.Models.RelationshipModelTests.IsWildcardPattern_WithVariousPatterns_ShouldDetectCorrectly(pattern: "audit#*", expectedIsWildcard: True) [< 1 ms]
  Passed Oproto.FluentDynamoDb.SourceGenerator.UnitTests.Models.PropertyModelTests.IsNullable_WithDifferentTypes_ShouldDetectCorrectly(propertyType: "System.Nullable<int>", expectedIsNullable: True) [< 1 ms]
  Passed Oproto.FluentDynamoDb.SourceGenerator.UnitTests.Models.RelationshipModelTests.IsWildcardPattern_WithVariousPatterns_ShouldDetectCorrectly(pattern: "audit", expectedIsWildcard: False) [< 1 ms]
  Passed Oproto.FluentDynamoDb.SourceGenerator.UnitTests.Models.RelationshipModelTests.IsWildcardPattern_WithVariousPatterns_ShouldDetectCorrectly(pattern: "prefix#*#suffix", expectedIsWildcard: True) [< 1 ms]
  Passed Oproto.FluentDynamoDb.SourceGenerator.UnitTests.Models.PropertyModelTests.IsNullable_WithDifferentTypes_ShouldDetectCorrectly(propertyType: "string", expectedIsNullable: False) [< 1 ms]
  Passed Oproto.FluentDynamoDb.SourceGenerator.UnitTests.Models.EntityModelTests.HasValidKeyStructure_WithPartitionKey_ReturnsTrue [< 1 ms]
  Passed Oproto.FluentDynamoDb.SourceGenerator.UnitTests.Models.PropertyModelTests.IsCollection_WithDifferentTypes_ShouldDetectCorrectly(propertyType: "int", expectedIsCollection: False) [< 1 ms]
  Passed Oproto.FluentDynamoDb.SourceGenerator.UnitTests.Models.RelationshipModelTests.RelationshipModel_SingleRelationship_ShouldBeConfiguredCorrectly [< 1 ms]
  Passed Oproto.FluentDynamoDb.SourceGenerator.UnitTests.Models.PropertyModelTests.IsCollection_WithDifferentTypes_ShouldDetectCorrectly(propertyType: "string", expectedIsCollection: False) [< 1 ms]
  Passed Oproto.FluentDynamoDb.SourceGenerator.UnitTests.Models.PropertyModelTests.IsCollection_WithDifferentTypes_ShouldDetectCorrectly(propertyType: "IEnumerable<string>", expectedIsCollection: True) [< 1 ms]
  Passed Oproto.FluentDynamoDb.SourceGenerator.UnitTests.Models.PropertyModelTests.IsCollection_WithDifferentTypes_ShouldDetectCorrectly(propertyType: "string[]", expectedIsCollection: True) [< 1 ms]
  Passed Oproto.FluentDynamoDb.SourceGenerator.UnitTests.Models.PropertyModelTests.IsCollection_WithDifferentTypes_ShouldDetectCorrectly(propertyType: "IList<int>", expectedIsCollection: True) [< 1 ms]
  Passed Oproto.FluentDynamoDb.SourceGenerator.UnitTests.Models.RelationshipModelTests.HasSpecificEntityType_WithVariousEntityTypes_ShouldDetectCorrectly(entityType: "MyNamespace.AuditEntry", expectedHasSpecificType: True) [< 1 ms]
  Passed Oproto.FluentDynamoDb.SourceGenerator.UnitTests.Models.PropertyModelTests.IsCollection_WithDifferentTypes_ShouldDetectCorrectly(propertyType: "object", expectedIsCollection: False) [< 1 ms]
  Passed Oproto.FluentDynamoDb.SourceGenerator.UnitTests.Models.RelationshipModelTests.HasSpecificEntityType_WithVariousEntityTypes_ShouldDetectCorrectly(entityType: "   ", expectedHasSpecificType: False) [< 1 ms]
  Passed Oproto.FluentDynamoDb.SourceGenerator.UnitTests.Models.PropertyModelTests.IsCollection_WithDifferentTypes_ShouldDetectCorrectly(propertyType: "ICollection<object>", expectedIsCollection: True) [< 1 ms]
  Passed Oproto.FluentDynamoDb.SourceGenerator.UnitTests.Models.RelationshipModelTests.HasSpecificEntityType_WithVariousEntityTypes_ShouldDetectCorrectly(entityType: "", expectedHasSpecificType: False) [< 1 ms]
  Passed Oproto.FluentDynamoDb.SourceGenerator.UnitTests.Models.RelationshipModelTests.HasSpecificEntityType_WithVariousEntityTypes_ShouldDetectCorrectly(entityType: "AuditEntry", expectedHasSpecificType: True) [< 1 ms]
  Passed Oproto.FluentDynamoDb.SourceGenerator.UnitTests.Models.RelationshipModelTests.HasSpecificEntityType_WithVariousEntityTypes_ShouldDetectCorrectly(entityType: null, expectedHasSpecificType: False) [< 1 ms]
  Passed Oproto.FluentDynamoDb.SourceGenerator.UnitTests.Models.RelationshipModelTests.IsWildcardPattern_WithWildcardPattern_ReturnsTrue [< 1 ms]
  Passed Oproto.FluentDynamoDb.SourceGenerator.UnitTests.Models.PropertyModelTests.IsCollection_WithDifferentTypes_ShouldDetectCorrectly(propertyType: "List<string>", expectedIsCollection: True) [< 1 ms]
  Passed Oproto.FluentDynamoDb.SourceGenerator.UnitTests.Models.RelationshipModelTests.IsWildcardPattern_WithMultipleWildcards_ReturnsTrue [< 1 ms]
  Passed Oproto.FluentDynamoDb.SourceGenerator.UnitTests.Models.RelationshipModelTests.RelationshipModel_CollectionRelationship_ShouldBeConfiguredCorrectly [< 1 ms]
  Passed Oproto.FluentDynamoDb.SourceGenerator.UnitTests.Models.PropertyModelTests.IsPartOfGsi_WithGsiAttributes_ReturnsTrue [1 ms]
  Passed Oproto.FluentDynamoDb.SourceGenerator.UnitTests.Models.RelationshipModelTests.HasSpecificEntityType_WithEmptyEntityType_ReturnsFalse [< 1 ms]
  Passed Oproto.FluentDynamoDb.SourceGenerator.UnitTests.Models.RelationshipModelTests.HasSpecificEntityType_WithEntityType_ReturnsTrue [< 1 ms]
  Passed Oproto.FluentDynamoDb.SourceGenerator.UnitTests.Models.PropertyModelTests.IsPartOfGsi_WithoutGsiAttributes_ReturnsFalse [< 1 ms]
  Passed Oproto.FluentDynamoDb.SourceGenerator.UnitTests.Models.PropertyModelTests.HasAttributeMapping_WithEmptyAttributeName_ReturnsFalse [< 1 ms]
  Passed Oproto.FluentDynamoDb.SourceGenerator.UnitTests.Models.EntityModelTests.EntityModel_WithCompleteConfiguration_ShouldSetAllProperties [2 ms]
  Passed Oproto.FluentDynamoDb.SourceGenerator.UnitTests.Models.PropertyModelTests.HasAttributeMapping_WithNullAttributeName_ReturnsFalse [< 1 ms]
  Passed Oproto.FluentDynamoDb.SourceGenerator.UnitTests.Models.EntityModelTests.SortKeyProperty_WithSortKeyProperty_ReturnsCorrectProperty [< 1 ms]
  Passed Oproto.FluentDynamoDb.SourceGenerator.UnitTests.Models.RelationshipModelTests.RelationshipModel_DefaultValues_ShouldBeCorrect [1 ms]
  Passed Oproto.FluentDynamoDb.SourceGenerator.UnitTests.Models.EntityModelTests.SortKeyProperty_WithoutSortKeyProperty_ReturnsNull [< 1 ms]
  Passed Oproto.FluentDynamoDb.SourceGenerator.UnitTests.Models.RelationshipModelTests.HasSpecificEntityType_WithoutEntityType_ReturnsFalse [< 1 ms]
  Passed Oproto.FluentDynamoDb.SourceGenerator.UnitTests.Models.EntityModelTests.HasValidKeyStructure_WithoutPartitionKey_ReturnsFalse [< 1 ms]
  Passed Oproto.FluentDynamoDb.SourceGenerator.UnitTests.Models.EntityModelTests.PartitionKeyProperty_WithoutPartitionKeyProperty_ReturnsNull [< 1 ms]
  Passed Oproto.FluentDynamoDb.SourceGenerator.UnitTests.Models.RelationshipModelTests.RelationshipModel_WithCompleteConfiguration_ShouldSetAllProperties [< 1 ms]
  Passed Oproto.FluentDynamoDb.SourceGenerator.UnitTests.Models.RelationshipModelTests.IsWildcardPattern_WithoutWildcardPattern_ReturnsFalse [< 1 ms]
  Passed Oproto.FluentDynamoDb.SourceGenerator.UnitTests.Models.EntityModelTests.EntityModel_DefaultValues_ShouldBeCorrect [1 ms]
  Passed Oproto.FluentDynamoDb.SourceGenerator.UnitTests.Models.PropertyModelTests.PropertyModel_WithMultipleGsiAttributes_ShouldHandleCorrectly [2 ms]
  Passed Oproto.FluentDynamoDb.SourceGenerator.UnitTests.Models.PropertyModelTests.HasAttributeMapping_WithAttributeName_ReturnsTrue [< 1 ms]
  Passed Oproto.FluentDynamoDb.SourceGenerator.UnitTests.Models.PropertyModelTests.PropertyModel_WithCompleteConfiguration_ShouldSetAllProperties [11 ms]
  Passed Oproto.FluentDynamoDb.SourceGenerator.UnitTests.Models.PropertyModelTests.PropertyModel_DefaultValues_ShouldBeCorrect [< 1 ms]
  Passed Oproto.FluentDynamoDb.SourceGenerator.UnitTests.Diagnostics.DiagnosticDescriptorsTests.AllDiagnosticDescriptors_ShouldHaveNonEmptyTitleAndMessage [20 ms]
  Passed Oproto.FluentDynamoDb.SourceGenerator.UnitTests.Diagnostics.DiagnosticDescriptorsTests.IncompatibleAttributes_ShouldHaveCorrectProperties [< 1 ms]
  Passed Oproto.FluentDynamoDb.SourceGenerator.UnitTests.Diagnostics.DiagnosticDescriptorsTests.AllDiagnosticDescriptors_ShouldBeEnabledByDefault [< 1 ms]
  Passed Oproto.FluentDynamoDb.SourceGenerator.UnitTests.Diagnostics.DiagnosticDescriptorsTests.AmbiguousRelatedEntityPattern_ShouldHaveCorrectProperties [< 1 ms]
  Passed Oproto.FluentDynamoDb.SourceGenerator.UnitTests.Diagnostics.DiagnosticDescriptorsTests.MultiplePartitionKeys_ShouldHaveCorrectProperties [< 1 ms]
  Passed Oproto.FluentDynamoDb.SourceGenerator.UnitTests.Diagnostics.DiagnosticDescriptorsTests.MissingPartitionKey_ShouldHaveCorrectProperties [< 1 ms]
  Passed Oproto.FluentDynamoDb.SourceGenerator.UnitTests.Diagnostics.DiagnosticDescriptorsTests.MissingJsonSerializer_ShouldHaveCorrectProperties [< 1 ms]
  Passed Oproto.FluentDynamoDb.SourceGenerator.UnitTests.Diagnostics.DiagnosticDescriptorsTests.InvalidTtlType_ShouldHaveCorrectProperties [< 1 ms]
  Passed Oproto.FluentDynamoDb.SourceGenerator.UnitTests.Diagnostics.DiagnosticDescriptorsTests.RelatedEntitiesRequireSortKey_ShouldHaveCorrectProperties [< 1 ms]
  Passed Oproto.FluentDynamoDb.SourceGenerator.UnitTests.Diagnostics.DiagnosticDescriptorsTests.InvalidKeyFormat_ShouldHaveCorrectProperties [< 1 ms]
  Passed Oproto.FluentDynamoDb.SourceGenerator.UnitTests.Diagnostics.DiagnosticDescriptorsTests.AllDiagnosticDescriptors_ShouldHaveDynamoDbCategory [< 1 ms]
  Passed Oproto.FluentDynamoDb.SourceGenerator.UnitTests.Diagnostics.DiagnosticDescriptorsTests.UnsupportedPropertyType_ShouldHaveCorrectProperties [< 1 ms]
  Passed Oproto.FluentDynamoDb.SourceGenerator.UnitTests.Diagnostics.DiagnosticDescriptorsTests.ConflictingEntityTypes_ShouldHaveCorrectProperties [< 1 ms]
  Passed Oproto.FluentDynamoDb.SourceGenerator.UnitTests.Diagnostics.DiagnosticDescriptorsTests.ReservedWordUsage_ShouldHaveCorrectProperties [< 1 ms]
  Passed Oproto.FluentDynamoDb.SourceGenerator.UnitTests.Diagnostics.DiagnosticDescriptorsTests.UnsupportedCollectionType_ShouldHaveCorrectProperties [< 1 ms]
  Passed Oproto.FluentDynamoDb.SourceGenerator.UnitTests.Diagnostics.DiagnosticDescriptorsTests.ConflictingRelatedEntityPatterns_ShouldHaveCorrectProperties [< 1 ms]
  Passed Oproto.FluentDynamoDb.SourceGenerator.UnitTests.Diagnostics.DiagnosticDescriptorsTests.AllDiagnosticDescriptors_ShouldHaveUniqueIds [2 ms]
  Passed Oproto.FluentDynamoDb.SourceGenerator.UnitTests.Diagnostics.DiagnosticDescriptorsTests.MultipleTtlFields_ShouldHaveCorrectProperties [< 1 ms]
  Passed Oproto.FluentDynamoDb.SourceGenerator.UnitTests.Diagnostics.DiagnosticDescriptorsTests.EntityMustBePartial_ShouldHaveCorrectProperties [< 1 ms]
  Passed Oproto.FluentDynamoDb.SourceGenerator.UnitTests.Diagnostics.DiagnosticDescriptorsTests.MissingBlobProvider_ShouldHaveCorrectProperties [< 1 ms]
  Passed Oproto.FluentDynamoDb.SourceGenerator.UnitTests.Diagnostics.DiagnosticDescriptorsTests.NestedMapTypeMissingEntity_ShouldHaveCorrectProperties [< 1 ms]
  Passed Oproto.FluentDynamoDb.SourceGenerator.UnitTests.TestHelpers.SemanticAssertionsTests.ShouldContainAssignment_WhenAssignmentExists_DoesNotThrow [45 ms]
  Passed Oproto.FluentDynamoDb.SourceGenerator.UnitTests.TestHelpers.SemanticAssertionsTests.ShouldReferenceType_WhenTypeDoesNotExist_ThrowsWithAvailableTypes [6 ms]
  Passed Oproto.FluentDynamoDb.SourceGenerator.UnitTests.TestHelpers.SemanticAssertionsTests.ShouldContainMethod_WithEmptyCode_ProvidesHelpfulMessage [1 ms]
  Passed Oproto.FluentDynamoDb.SourceGenerator.UnitTests.TestHelpers.SemanticAssertionsTests.ShouldContainMethod_WhenMethodExists_DoesNotThrow [< 1 ms]
  Passed Oproto.FluentDynamoDb.SourceGenerator.UnitTests.TestHelpers.SemanticAssertionsTests.ShouldUseLinqMethod_WhenLinqMethodDoesNotExist_ThrowsWithAvailableMethods [2 ms]
  Passed Oproto.FluentDynamoDb.SourceGenerator.UnitTests.TestHelpers.SemanticAssertionsTests.ShouldUseLinqMethod_WhenLinqMethodExists_DoesNotThrow [< 1 ms]
  Passed Oproto.FluentDynamoDb.SourceGenerator.UnitTests.TestHelpers.SemanticAssertionsTests.ShouldReferenceType_WhenTypeExists_DoesNotThrow [< 1 ms]
  Passed Oproto.FluentDynamoDb.SourceGenerator.UnitTests.TestHelpers.SemanticAssertionsTests.ShouldContainAssignment_WhenAssignmentDoesNotExist_ThrowsWithAvailableTargets [< 1 ms]
  Passed Oproto.FluentDynamoDb.SourceGenerator.UnitTests.TestHelpers.SemanticAssertionsTests.ShouldContainMethod_WhenMethodDoesNotExist_ThrowsWithAvailableMethods [< 1 ms]
  Passed Oproto.FluentDynamoDb.FluentResults.UnitTests.FluentResultsExtensionsTests.ExecuteAsyncResult_PutItem_Exception_ReturnsFailResult [107 ms]
  Passed Oproto.FluentDynamoDb.FluentResults.UnitTests.FluentResultsExtensionsTests.ExecuteAsyncResult_PutItem_Success_ReturnsOkResult [4 ms]
  Passed Oproto.FluentDynamoDb.FluentResults.UnitTests.FluentResultsExtensionsTests.ToListAsyncResult_Scan_Exception_ReturnsFailResult [5 ms]
  Passed Oproto.FluentDynamoDb.FluentResults.UnitTests.FluentResultsExtensionsTests.ExecuteAsyncResult_OperationCanceled_RethrowsException [4 ms]
  Passed Oproto.FluentDynamoDb.FluentResults.UnitTests.FluentResultsExtensionsTests.ToListAsyncResult_Scan_Success_ReturnsOkResult [2 ms]
  Passed Oproto.FluentDynamoDb.FluentResults.UnitTests.FluentResultsExtensionsTests.ExecuteAsyncResult_GetItem_Exception_ReturnsFailResult [< 1 ms]
  Passed Oproto.FluentDynamoDb.FluentResults.UnitTests.FluentResultsExtensionsTests.ToListAsyncResult_Query_Exception_ReturnsFailResult [4 ms]
  Passed Oproto.FluentDynamoDb.FluentResults.UnitTests.FluentResultsExtensionsTests.WithItemResult_Success_ReturnsOkResult [1 ms]
  Passed Oproto.FluentDynamoDb.FluentResults.UnitTests.FluentResultsExtensionsTests.ExecuteAsyncResult_GetItem_Success_ReturnsOkResult [1 ms]
[xUnit.net 00:00:00.26]   Finished:    Oproto.FluentDynamoDb.FluentResults.UnitTests
  Passed Oproto.FluentDynamoDb.FluentResults.UnitTests.FluentResultsExtensionsTests.ToListAsyncResult_Query_Success_ReturnsOkResult [1 ms]

Test Run Successful.
Total tests: 10
     Passed: 10
 Total time: 0.6880 Seconds
[xUnit.net 00:00:00.33]   Discovering: Oproto.FluentDynamoDb.UnitTests
[xUnit.net 00:00:00.31]   Discovering: Oproto.FluentDynamoDb.BlobStorage.S3.UnitTests
[xUnit.net 00:00:00.33]   Discovered:  Oproto.FluentDynamoDb.BlobStorage.S3.UnitTests
[xUnit.net 00:00:00.33]   Starting:    Oproto.FluentDynamoDb.BlobStorage.S3.UnitTests
[xUnit.net 00:00:00.38]   Discovered:  Oproto.FluentDynamoDb.UnitTests
[xUnit.net 00:00:00.38]   Starting:    Oproto.FluentDynamoDb.UnitTests
  Passed Oproto.FluentDynamoDb.UnitTests.Requests.BatchGetItemBuilderTests.UsingExpressionAttributeNameSuccess [14 ms]
  Passed Oproto.FluentDynamoDb.UnitTests.Utility.AttributeValueConverterListTests.ToList_ComplexObjectList_ShouldConvertUsingCustomConverter [14 ms]
  Passed Oproto.FluentDynamoDb.UnitTests.Requests.Extensions.WithAttributeNamesExtensionsTests.WithAttribute_ShouldAddSingleAttribute [14 ms]
  Passed Oproto.FluentDynamoDb.UnitTests.Requests.Extensions.WithAttributeNamesExtensionsTests.WithAttribute_MultipleCallsChained_ShouldAddAllAttributes [< 1 ms]
  Passed Oproto.FluentDynamoDb.UnitTests.Utility.AttributeValueConverterListTests.ToList_StringList_NonEmpty_ShouldReturnListAttributeValue [< 1 ms]
  Passed Oproto.FluentDynamoDb.UnitTests.Requests.Extensions.WithFilterExpressionExtensionsTests.WithFilter_WithComplexConditions_ProcessesAllParameters [22 ms]
  Passed Oproto.FluentDynamoDb.UnitTests.Requests.Extensions.WithAttributeNamesExtensionsTests.WithAttribute_EmptyParameterName_ShouldAddAttribute [4 ms]
  Passed Oproto.FluentDynamoDb.UnitTests.Requests.BatchGetItemBuilderTests.ToKeysAndAttributesWithoutAttributeNamesSuccess [5 ms]
  Passed Oproto.FluentDynamoDb.UnitTests.Requests.Extensions.WithAttributeNamesExtensionsTests.WithAttributes_Dictionary_ShouldAddAllAttributes [1 ms]
  Passed Oproto.FluentDynamoDb.UnitTests.Requests.Extensions.WithAttributeNamesExtensionsTests.WithAttributes_Action_ShouldConfigureAttributes [< 1 ms]
  Passed Oproto.FluentDynamoDb.UnitTests.Requests.Extensions.WithAttributeNamesExtensionsTests.WithAttribute_ReservedWords_ShouldHandleCorrectly [< 1 ms]
  Passed Oproto.FluentDynamoDb.UnitTests.Requests.BatchGetItemBuilderTests.UsingExpressionAttributeNamesSuccess [1 ms]
  Passed Oproto.FluentDynamoDb.UnitTests.Requests.BatchGetItemBuilderTests.WithMultipleKeysSuccess [< 1 ms]
  Passed Oproto.FluentDynamoDb.UnitTests.Requests.BatchGetItemBuilderTests.ComplexBuilderWithAllOptionsSuccess [< 1 ms]
  Passed Oproto.FluentDynamoDb.UnitTests.Requests.BatchGetItemBuilderTests.WithMultipleAttributeNamesSuccess [< 1 ms]
  Passed Oproto.FluentDynamoDb.UnitTests.Requests.BatchGetItemBuilderTests.UsingConsistentReadSuccess [< 1 ms]
  Passed Oproto.FluentDynamoDb.UnitTests.Requests.Extensions.WithConditionExpressionExtensionsTests.Where_FormatString_ParameterIndexOutOfRange_ShouldThrowArgumentException [29 ms]
  Passed Oproto.FluentDynamoDb.UnitTests.Requests.BatchGetItemBuilderTests.UsingExpressionAttributeNamesUsingLambdaSuccess [1 ms]
  Passed Oproto.FluentDynamoDb.UnitTests.Requests.Extensions.WithFilterExpressionExtensionsTests.WithFilter_WithComplexFilterExpression_ProcessesCorrectly [6 ms]
  Passed Oproto.FluentDynamoDb.UnitTests.Utility.AttributeValueConverterListTests.ToList_DecimalList_NonEmpty_ShouldReturnListAttributeValue [10 ms]
  Passed Oproto.FluentDynamoDb.UnitTests.Utility.AttributeValueConverterListTests.ToList_IntList_NonEmpty_ShouldReturnListAttributeValue [< 1 ms]
  Passed Oproto.FluentDynamoDb.UnitTests.Requests.Extensions.WithFilterExpressionExtensionsTests.WithFilter_WithNullArgs_ThrowsArgumentNullException [1 ms]
  Passed Oproto.FluentDynamoDb.UnitTests.Requests.Extensions.WithAttributeNamesExtensionsTests.WithAttributes_EmptyDictionary_ShouldNotAddAttributes [6 ms]
  Passed Oproto.FluentDynamoDb.UnitTests.Requests.BatchGetItemBuilderTests.ConstructorSuccess [2 ms]
  Passed Oproto.FluentDynamoDb.UnitTests.Requests.Extensions.WithAttributeNamesExtensionsTests.WithAttributes_Action_EmptyAction_ShouldNotAddAttributes [< 1 ms]
  Passed Oproto.FluentDynamoDb.UnitTests.Requests.Extensions.WithConditionExpressionExtensionsTests.Where_FormatString_DateTime_NoFormat_ShouldUseISOFormat [4 ms]
  Passed Oproto.FluentDynamoDb.UnitTests.Requests.Extensions.WithFilterExpressionExtensionsTests.WithFilter_WithNoPlaceholders_ReturnsExpressionUnchanged [2 ms]
  Passed Oproto.FluentDynamoDb.UnitTests.Requests.Extensions.WithAttributeNamesExtensionsTests.WithAttribute_EmptyAttributeName_ShouldAddAttribute [< 1 ms]
  Passed Oproto.FluentDynamoDb.UnitTests.Requests.Extensions.WithConditionExpressionExtensionsTests.Where_FormatString_SingleParameter_ShouldReplaceWithGeneratedParameter [3 ms]
  Passed Oproto.FluentDynamoDb.UnitTests.Requests.BatchGetItemBuilderTests.WithKeyPkStringValueSuccess [4 ms]
  Passed Oproto.FluentDynamoDb.UnitTests.Requests.Extensions.WithFilterExpressionExtensionsTests.WithFilter_WithEnumValue_ConvertsToString [3 ms]
  Passed Oproto.FluentDynamoDb.UnitTests.Requests.Extensions.WithFilterExpressionExtensionsTests.WithFilter_WithSimpleExpression_SetsExpressionDirectly [< 1 ms]
  Passed Oproto.FluentDynamoDb.UnitTests.Requests.BatchGetItemBuilderTests.WithKeyPkAttributeValueOnlySuccess [1 ms]
  Passed Oproto.FluentDynamoDb.UnitTests.Requests.BatchGetItemBuilderTests.WithKeyPkSkAttributeValueSuccess [< 1 ms]
  Passed Oproto.FluentDynamoDb.UnitTests.Requests.BatchGetItemBuilderTests.WithProjectionSuccess [< 1 ms]
  Passed Oproto.FluentDynamoDb.UnitTests.Requests.BatchGetItemBuilderTests.WithKeyPkSkStringValueSuccess [< 1 ms]
  Passed Oproto.FluentDynamoDb.UnitTests.Requests.TransactDeleteBuilderTests.WithKeyPkSkStringValueSuccess [< 1 ms]
  Passed Oproto.FluentDynamoDb.UnitTests.Requests.TransactDeleteBuilderTests.ReturnNoValuesOnConditionCheckFailureSuccess [< 1 ms]
  Passed Oproto.FluentDynamoDb.UnitTests.Requests.TransactDeleteBuilderTests.UsingExpressionAttributeValuesSuccess [< 1 ms]
  Passed Oproto.FluentDynamoDb.UnitTests.Requests.Extensions.WithConditionExpressionExtensionsTests.Where_FormatString_ComplexExpressionWithMixedTypes_ShouldProcessCorrectly [4 ms]
  Passed Oproto.FluentDynamoDb.UnitTests.Requests.TransactDeleteBuilderTests.WithKeyPkSkAttributeValueSuccess [< 1 ms]
  Passed Oproto.FluentDynamoDb.UnitTests.Requests.Extensions.WithFilterExpressionExtensionsTests.WithFilter_WithInvalidFormatSpecifier_HandlesGracefully [4 ms]
  Passed Oproto.FluentDynamoDb.UnitTests.Requests.TransactDeleteBuilderTests.UsingExpressionAttributeNamesSuccess [< 1 ms]
  Passed Oproto.FluentDynamoDb.UnitTests.Requests.TransactDeleteBuilderTests.UsingExpressionAttributeBooleanValueSuccess [1 ms]
  Passed Oproto.FluentDynamoDb.UnitTests.Requests.TransactDeleteBuilderTests.UsingExpressionAttributeValuesLambdaSuccess [< 1 ms]
  Passed Oproto.FluentDynamoDb.UnitTests.Requests.TransactDeleteBuilderTests.UsingExpressionAttributeNameSuccess [< 1 ms]
  Passed Oproto.FluentDynamoDb.UnitTests.Requests.TransactDeleteBuilderTests.UsingExpressionAttributeNamesUsingLambdaSuccess [< 1 ms]
  Passed Oproto.FluentDynamoDb.UnitTests.Requests.Extensions.WithConditionExpressionExtensionsTests.Where_FormatString_NullValue_ShouldCreateNullAttributeValue [3 ms]
  Passed Oproto.FluentDynamoDb.UnitTests.Requests.TransactDeleteBuilderTests.WithKeyPkStringValueSuccess [< 1 ms]
  Passed Oproto.FluentDynamoDb.UnitTests.Requests.Extensions.WithFilterExpressionExtensionsTests.WithFilter_WithNullValue_HandlesCorrectly [6 ms]
  Passed Oproto.FluentDynamoDb.UnitTests.Requests.TransactDeleteBuilderTests.ReturnOldValuesOnConditionCheckFailureSuccess [3 ms]
  Passed Oproto.FluentDynamoDb.UnitTests.Requests.TransactDeleteBuilderTests.WhereSuccess [< 1 ms]
  Passed Oproto.FluentDynamoDb.UnitTests.Requests.TransactDeleteBuilderTests.ForTableSuccess [< 1 ms]
  Passed Oproto.FluentDynamoDb.UnitTests.Requests.TransactDeleteBuilderTests.UsingExpressionAttributeStringValueSuccess [< 1 ms]
  Passed Oproto.FluentDynamoDb.UnitTests.Requests.ParameterGeneratorTests.ParameterNameFormat_ShouldContainOnlyDigitsAfterPrefix [< 1 ms]
  Passed Oproto.FluentDynamoDb.UnitTests.Requests.ParameterGeneratorTests.MultipleInstances_ShouldHaveIndependentCounters [< 1 ms]
  Passed Oproto.FluentDynamoDb.UnitTests.Requests.ParameterGeneratorTests.GenerateParameterName_ManyCallsSequentially_ShouldContinueIncrementing [1 ms]
  Passed Oproto.FluentDynamoDb.UnitTests.Requests.ParameterGeneratorTests.Reset_MultipleTimes_ShouldAlwaysResetToZero [< 1 ms]
  Passed Oproto.FluentDynamoDb.UnitTests.Requests.Extensions.WithConditionExpressionExtensionsTests.Where_FormatString_FunctionCallsWithParameters_ShouldProcessCorrectly [7 ms]
  Passed Oproto.FluentDynamoDb.UnitTests.Requests.Extensions.WithFilterExpressionExtensionsTests.WithFilter_WithMixedTraditionalAndFormatParameters_WorksCorrectly [3 ms]
  Passed Oproto.FluentDynamoDb.UnitTests.Requests.ParameterGeneratorTests.Reset_AfterManyGenerations_ShouldResetCorrectly [< 1 ms]
  Passed Oproto.FluentDynamoDb.UnitTests.Requests.ParameterGeneratorTests.GenerateParameterName_FirstCall_ShouldReturnP0 [< 1 ms]
  Passed Oproto.FluentDynamoDb.UnitTests.Requests.ParameterGeneratorTests.GenerateParameterName_MultipleCalls_ShouldIncrementCounter [1 ms]
  Passed Oproto.FluentDynamoDb.UnitTests.Requests.ParameterGeneratorTests.Reset_ShouldResetCounterToZero [< 1 ms]
  Passed Oproto.FluentDynamoDb.UnitTests.Requests.BatchWriteItemBuilderTests.DeleteItem_WithDictionary_ShouldAddDeleteRequest [17 ms]
  Passed Oproto.FluentDynamoDb.UnitTests.Requests.BatchWriteItemBuilderTests.PutItem_WithDictionary_ShouldAddPutRequest [< 1 ms]
  Passed Oproto.FluentDynamoDb.UnitTests.Requests.BatchWriteItemBuilderTests.DeleteItem_WithSingleKey_ShouldAddDeleteRequest [< 1 ms]
  Passed Oproto.FluentDynamoDb.UnitTests.Requests.Extensions.WithConditionExpressionExtensionsTests.Where_FormatString_Guid_NFormat_ShouldFormatWithoutHyphens [4 ms]
  Passed Oproto.FluentDynamoDb.UnitTests.Requests.BatchWriteItemBuilderTests.DeleteItem_WithCompositeKey_ShouldAddDeleteRequest [< 1 ms]
  Passed Oproto.FluentDynamoDb.UnitTests.Requests.Extensions.WithConditionExpressionExtensionsTests.Where_FormatString_EnumWithFormat_ShouldThrowFormatException [4 ms]
  Passed Oproto.FluentDynamoDb.UnitTests.Requests.Extensions.WithConditionExpressionExtensionsTests.Where_FormatString_NoPlaceholders_ShouldReturnOriginalExpression [< 1 ms]
  Passed Oproto.FluentDynamoDb.UnitTests.Requests.Extensions.WithConditionExpressionExtensionsTests.Where_FormatString_EmptyFormat_ShouldThrowArgumentException [1 ms]
  Passed Oproto.FluentDynamoDb.UnitTests.Requests.Extensions.WithConditionExpressionExtensionsTests.Where_SimpleExpression_ShouldSetConditionExpression [< 1 ms]
  Passed Oproto.FluentDynamoDb.UnitTests.Requests.Extensions.WithConditionExpressionExtensionsTests.Where_FormatString_NullArgs_ShouldThrowArgumentNullException [< 1 ms]
  Passed Oproto.FluentDynamoDb.UnitTests.Requests.Extensions.WithConditionExpressionExtensionsTests.Where_FormatString_DecimalValue_ShouldCreateNumericAttributeValue [4 ms]
  Passed Oproto.FluentDynamoDb.UnitTests.Utility.AttributeValueConverterListTests.ToList_FromList_DecimalRoundTrip_ShouldPreserveData [38 ms]
  Passed Oproto.FluentDynamoDb.UnitTests.Utility.AttributeValueConverterListTests.FromList_AttributeValueWithNullList_ShouldReturnNull [< 1 ms]
  Passed Oproto.FluentDynamoDb.UnitTests.Utility.AttributeValueConverterListTests.FromList_BoolList_ValidAttributeValue_ShouldReconstructList [1 ms]
  Passed Oproto.FluentDynamoDb.UnitTests.Requests.Extensions.WithConditionExpressionExtensionsTests.Where_FormatString_RepeatedParameterIndex_ShouldReuseParameter [2 ms]
  Passed Oproto.FluentDynamoDb.UnitTests.Utility.AttributeValueConverterListTests.ToList_StringList_Null_ShouldReturnNull [1 ms]
  Passed Oproto.FluentDynamoDb.UnitTests.Requests.ParameterGeneratorTests.GenerateParameterName_ThreadSafety_ShouldGenerateUniqueNames [23 ms]
  Passed Oproto.FluentDynamoDb.UnitTests.Requests.ParameterGeneratorTests.ParameterNameFormat_ShouldAlwaysStartWithColonP [< 1 ms]
  Passed Oproto.FluentDynamoDb.UnitTests.Utility.AttributeValueConverterListTests.ToList_FromList_IntRoundTrip_ShouldPreserveData [6 ms]
  Passed Oproto.FluentDynamoDb.UnitTests.Utility.AttributeValueConverterListTests.FromList_EmptyList_ShouldReturnNull [< 1 ms]
  Passed Oproto.FluentDynamoDb.UnitTests.Utility.AttributeValueConverterListTests.ToList_FromList_BoolRoundTrip_ShouldPreserveData [6 ms]
  Passed Oproto.FluentDynamoDb.UnitTests.Utility.AttributeValueConverterListTests.FromList_StringList_ValidAttributeValue_ShouldReconstructList [< 1 ms]
  Passed Oproto.FluentDynamoDb.UnitTests.Utility.AttributeValueConverterListTests.ToList_StringList_PreservesOrder [< 1 ms]
  Passed Oproto.FluentDynamoDb.UnitTests.Utility.AttributeValueConverterListTests.FromList_StringList_PreservesOrder [< 1 ms]
  Passed Oproto.FluentDynamoDb.UnitTests.Utility.AttributeValueConverterListTests.ToList_IntList_WithNegativeNumbers_ShouldHandleCorrectly [< 1 ms]
  Passed Oproto.FluentDynamoDb.UnitTests.Utility.AttributeValueConverterListTests.ToList_StringList_SingleElement_ShouldReturnListWithOneElement [< 1 ms]
  Passed Oproto.FluentDynamoDb.UnitTests.Utility.AttributeValueConverterListTests.FromList_ComplexObjectList_ShouldReconstructUsingCustomConverter [< 1 ms]
  Passed Oproto.FluentDynamoDb.UnitTests.Utility.AttributeValueConverterListTests.ToList_StringList_Empty_ShouldReturnNull [< 1 ms]
  Passed Oproto.FluentDynamoDb.UnitTests.Utility.AttributeValueConverterListTests.ToList_FromList_ComplexObjectRoundTrip_ShouldPreserveData [< 1 ms]
  Passed Oproto.FluentDynamoDb.UnitTests.Requests.BatchWriteItemBuilderTests.PutItem_WithMapper_ShouldAddPutRequestWithMappedItem [33 ms]
  Passed Oproto.FluentDynamoDb.UnitTests.Requests.BatchWriteItemBuilderTests.Constructor_ShouldInitializeWithTableName [< 1 ms]
  Passed Oproto.FluentDynamoDb.UnitTests.Utility.AttributeValueConverterListTests.ToList_FromList_StringRoundTrip_ShouldPreserveData [3 ms]
  Passed Oproto.FluentDynamoDb.UnitTests.Utility.AttributeValueConverterListTests.FromList_IntList_ValidAttributeValue_ShouldReconstructList [< 1 ms]
  Passed Oproto.FluentDynamoDb.UnitTests.Utility.AttributeValueConverterListTests.FromList_DecimalList_ValidAttributeValue_ShouldReconstructList [1 ms]
  Passed Oproto.FluentDynamoDb.UnitTests.Requests.BatchWriteItemBuilderTests.ToWriteRequests_ShouldReturnCopyOfRequests [2 ms]
  Passed Oproto.FluentDynamoDb.UnitTests.Requests.BatchWriteItemBuilderTests.MixedOperations_ShouldMaintainOrder [< 1 ms]
  Passed Oproto.FluentDynamoDb.UnitTests.Utility.AttributeValueConverterListTests.ToList_BoolList_NonEmpty_ShouldReturnListAttributeValue [< 1 ms]
  Passed Oproto.FluentDynamoDb.UnitTests.Requests.BatchWriteItemBuilderTests.FluentInterface_ShouldAllowMethodChaining [< 1 ms]
  Passed Oproto.FluentDynamoDb.UnitTests.Utility.AttributeValueConverterListTests.FromList_NullAttributeValue_ShouldReturnNull [< 1 ms]
  Passed Oproto.FluentDynamoDb.UnitTests.Utility.AttributeValueConverterFormatStringTests.AddFormattedValue_DecimalHashSet_Empty_ShouldThrowArgumentException [1 ms]
  Passed Oproto.FluentDynamoDb.UnitTests.Utility.AttributeValueConverterFormatStringTests.AddFormattedValue_EmptyCollection_ErrorMessageShouldIncludeTypeName [< 1 ms]
  Passed Oproto.FluentDynamoDb.UnitTests.Utility.AttributeValueConverterFormatStringTests.AddFormattedValue_DateTime_WithTtlFormat_CaseInsensitive_ShouldWork [< 1 ms]
  Passed Oproto.FluentDynamoDb.UnitTests.Utility.AttributeValueConverterFormatStringTests.AddFormattedValue_MultipleEmptyCollections_ShouldIncludeCorrectParameterNames [1 ms]
  Passed Oproto.FluentDynamoDb.UnitTests.Utility.AttributeValueConverterFormatStringTests.AddFormattedValue_IntHashSet_Empty_ShouldThrowArgumentException [1 ms]
  Passed Oproto.FluentDynamoDb.UnitTests.Utility.AttributeValueConverterFormatStringTests.AddFormattedValue_BoolList_NonEmpty_ShouldAddListParameter [< 1 ms]
  Passed Oproto.FluentDynamoDb.UnitTests.Utility.AttributeValueConverterFormatStringTests.AddFormattedValue_DateTime_WithTtlFormat_ShouldConvertToUnixEpoch [< 1 ms]
  Passed Oproto.FluentDynamoDb.UnitTests.Utility.AttributeValueConverterFormatStringTests.AddFormattedValue_LongList_NonEmpty_ShouldAddListParameter [< 1 ms]
  Passed Oproto.FluentDynamoDb.UnitTests.Utility.AttributeValueConverterFormatStringTests.AddFormattedValue_StringHashSet_NonEmpty_ShouldAddStringSetParameter [< 1 ms]
  Passed Oproto.FluentDynamoDb.UnitTests.Utility.AttributeValueConverterFormatStringTests.AddFormattedValue_IntList_NonEmpty_ShouldAddListParameter [< 1 ms]
  Passed Oproto.FluentDynamoDb.UnitTests.Utility.AttributeValueConverterFormatStringTests.AddFormattedValue_EmptyCollection_ErrorMessageShouldExplainDynamoDbLimitation [< 1 ms]
  Passed Oproto.FluentDynamoDb.UnitTests.Utility.AttributeValueConverterFormatStringTests.AddFormattedValue_IntList_Empty_ShouldThrowArgumentException [1 ms]
  Passed Oproto.FluentDynamoDb.UnitTests.Utility.AttributeValueConverterFormatStringTests.AddFormattedValue_DecimalHashSet_NonEmpty_ShouldAddNumberSetParameter [2 ms]
  Passed Oproto.FluentDynamoDb.UnitTests.Utility.AttributeValueConverterFormatStringTests.AddFormattedValue_StringList_Empty_ShouldThrowArgumentException [< 1 ms]
  Passed Oproto.FluentDynamoDb.UnitTests.Utility.AttributeValueConverterFormatStringTests.AddFormattedValue_BinaryHashSet_NonEmpty_ShouldAddBinarySetParameter [< 1 ms]
  Passed Oproto.FluentDynamoDb.UnitTests.Utility.AttributeValueConverterFormatStringTests.AddFormattedValue_AttributeValueDictionary_NonEmpty_ShouldAddMapParameter [< 1 ms]
  Passed Oproto.FluentDynamoDb.UnitTests.Utility.AttributeValueConverterFormatStringTests.AddFormattedValue_StringList_NonEmpty_ShouldAddListParameter [< 1 ms]
  Passed Oproto.FluentDynamoDb.UnitTests.Utility.AttributeValueConverterFormatStringTests.AddFormattedValue_MultipleAdvancedTypes_ShouldGenerateUniqueParameterNames [< 1 ms]
  Passed Oproto.FluentDynamoDb.UnitTests.Requests.Extensions.WithFilterExpressionExtensionsTests.WithFilter_WithAttributeExistsAndNotExists_ProcessesCorrectly [57 ms]
  Passed Oproto.FluentDynamoDb.UnitTests.Utility.AttributeValueConverterFormatStringTests.AddFormattedValue_StringDictionary_Empty_ShouldThrowArgumentException [< 1 ms]
  Passed Oproto.FluentDynamoDb.UnitTests.Utility.AttributeValueConverterFormatStringTests.AddFormattedValue_StringHashSet_Empty_ShouldThrowArgumentException [< 1 ms]
  Passed Oproto.FluentDynamoDb.UnitTests.Utility.AttributeValueConverterFormatStringTests.AddFormattedValue_MixedStandardAndAdvancedTypes_ShouldWorkCorrectly [< 1 ms]
  Passed Oproto.FluentDynamoDb.UnitTests.Utility.AttributeValueConverterFormatStringTests.AddFormattedValue_IntHashSet_NonEmpty_ShouldAddNumberSetParameter [< 1 ms]
  Passed Oproto.FluentDynamoDb.UnitTests.Utility.AttributeValueConverterFormatStringTests.AddFormattedValue_StringDictionary_NonEmpty_ShouldAddMapParameter [< 1 ms]
  Passed Oproto.FluentDynamoDb.UnitTests.Utility.AttributeValueConverterFormatStringTests.AddFormattedValue_LongHashSet_NonEmpty_ShouldAddNumberSetParameter [1 ms]
  Passed Oproto.FluentDynamoDb.UnitTests.Utility.AttributeValueConverterFormatStringTests.AddFormattedValue_DecimalList_NonEmpty_ShouldAddListParameter [< 1 ms]
  Passed Oproto.FluentDynamoDb.UnitTests.Utility.AttributeValueConverterFormatStringTests.AddFormattedValue_DateTime_WithoutTtlFormat_ShouldUseISOFormat [< 1 ms]
  Passed Oproto.FluentDynamoDb.UnitTests.Utility.AttributeValueConverterFormatStringTests.AddFormattedValue_EmptyCollection_ErrorMessageShouldIncludeParameterName [< 1 ms]
  Passed Oproto.FluentDynamoDb.UnitTests.Utility.AttributeValueConverterFormatStringTests.AddFormattedValue_AttributeValueDictionary_Empty_ShouldThrowArgumentException [< 1 ms]
  Passed Oproto.FluentDynamoDb.UnitTests.Utility.AttributeValueConverterFormatStringTests.AddFormattedValue_DateTimeOffset_WithTtlFormat_ShouldConvertToUnixEpoch [< 1 ms]
  Passed Oproto.FluentDynamoDb.UnitTests.Utility.AttributeValueConverterFormatStringTests.AddFormattedValue_BoolList_Empty_ShouldThrowArgumentException [< 1 ms]
  Passed Oproto.FluentDynamoDb.UnitTests.Requests.Extensions.WithKeyExtensionsTests.WithKey_AttributeValue_PrimaryAndSortKey_ShouldSetBothKeys [< 1 ms]
  Passed Oproto.FluentDynamoDb.UnitTests.Requests.Extensions.WithKeyExtensionsTests.WithKey_String_SingleKey_ShouldSetStringKey [< 1 ms]
  Passed Oproto.FluentDynamoDb.UnitTests.Requests.Extensions.WithKeyExtensionsTests.WithKey_String_EmptyKeyNames_ShouldSetKeysWithEmptyNames [< 1 ms]
  Passed Oproto.FluentDynamoDb.UnitTests.Requests.Extensions.WithKeyExtensionsTests.WithKey_AttributeValue_NullSortKeyName_ShouldSetPrimaryKeyOnly [< 1 ms]
  Passed Oproto.FluentDynamoDb.UnitTests.Requests.Extensions.WithKeyExtensionsTests.WithKey_NumericAttributeValue_ShouldSetNumericKey [< 1 ms]
  Passed Oproto.FluentDynamoDb.UnitTests.Requests.Extensions.WithKeyExtensionsTests.WithKey_AttributeValue_SortKeyNameButNullValue_ShouldSetPrimaryKeyOnly [< 1 ms]
  Passed Oproto.FluentDynamoDb.UnitTests.Requests.Extensions.WithKeyExtensionsTests.WithKey_String_EmptyValues_ShouldSetEmptyStringKeys [< 1 ms]
  Passed Oproto.FluentDynamoDb.UnitTests.Requests.Extensions.WithKeyExtensionsTests.WithKey_BinaryAttributeValue_ShouldSetBinaryKey [< 1 ms]
  Passed Oproto.FluentDynamoDb.UnitTests.Requests.Extensions.WithKeyExtensionsTests.WithKey_String_PrimaryAndSortKey_ShouldSetBothStringKeys [< 1 ms]
  Passed Oproto.FluentDynamoDb.UnitTests.Requests.Extensions.WithKeyExtensionsTests.WithKey_AttributeValue_PrimaryKeyOnly_ShouldSetKey [< 1 ms]
  Passed Oproto.FluentDynamoDb.UnitTests.Requests.Extensions.WithKeyExtensionsTests.WithKey_MixedAttributeValueTypes_ShouldSetMixedKeys [< 1 ms]
  Passed Oproto.FluentDynamoDb.UnitTests.Requests.Extensions.WithFilterExpressionExtensionsTests.WithFilter_WithUnmatchedBraces_ShouldThrowFormatException [10 ms]
  Passed Oproto.FluentDynamoDb.UnitTests.Requests.Extensions.WithFilterExpressionExtensionsTests.WithFilter_WithInFunction_ProcessesCorrectly [4 ms]
  Passed Oproto.FluentDynamoDb.UnitTests.Integration.AdvancedTypesIntegrationTests.MapProperty_WithEmptyDictionary_IsOmitted [7 ms]
  Passed Oproto.FluentDynamoDb.UnitTests.Requests.BatchWriteItemRequestBuilderTests.WriteToTableWithCompositeKeyDeleteSuccess [129 ms]
  Passed Oproto.FluentDynamoDb.UnitTests.Requests.BatchWriteItemRequestBuilderTests.ReturnItemCollectionMetricsSuccess [1 ms]
  Passed Oproto.FluentDynamoDb.UnitTests.Requests.BuilderIntegrationTests.ScanBuilder_WithAttributeExtensions_ShouldWorkCorrectly [50 ms]
  Passed Oproto.FluentDynamoDb.UnitTests.Requests.Extensions.WithClientExtensionsTests.ScanRequestBuilder_WithClient_ShouldPreserveConfiguration [126 ms]
  Passed Oproto.FluentDynamoDb.UnitTests.Requests.BatchWriteItemRequestBuilderTests.WriteToTableSingleTablePutSuccess [4 ms]
  Passed Oproto.FluentDynamoDb.UnitTests.Requests.BatchWriteItemRequestBuilderTests.WriteToTableWithStringKeyDeleteSuccess [< 1 ms]
  Passed Oproto.FluentDynamoDb.UnitTests.Requests.BatchWriteItemRequestBuilderTests.EmptyBuilderProducesValidRequestSuccess [< 1 ms]
  Passed Oproto.FluentDynamoDb.UnitTests.Requests.ScanRequestBuilderTests.ReturnIndexConsumedCapacitySuccess [133 ms]
  Passed Oproto.FluentDynamoDb.UnitTests.Requests.Extensions.WithClientExtensionsTests.DeleteItemRequestBuilder_WithClient_ShouldPreserveConfiguration [5 ms]
  Passed Oproto.FluentDynamoDb.UnitTests.Requests.BatchWriteItemRequestBuilderTests.WriteToTableWithEmptyBuilderActionSuccess [< 1 ms]
  Passed Oproto.FluentDynamoDb.UnitTests.Requests.ScanRequestBuilderTests.ForTableSuccess [< 1 ms]
  Passed Oproto.FluentDynamoDb.UnitTests.Requests.BatchWriteItemRequestBuilderTests.WriteToTableMultipleCallsSameTableSuccess [< 1 ms]
  Passed Oproto.FluentDynamoDb.UnitTests.Requests.ScanRequestBuilderTests.WithValueDecimalSuccess [< 1 ms]
  Passed Oproto.FluentDynamoDb.UnitTests.Requests.ScanRequestBuilderTests.WithValuesLambdaSuccess [< 1 ms]
  Passed Oproto.FluentDynamoDb.UnitTests.Requests.BuilderIntegrationTests.UpdateItemBuilder_WithFormatStringCondition_ShouldGenerateCorrectRequest [6 ms]
  Passed Oproto.FluentDynamoDb.UnitTests.Requests.FluentBuilderCompatibilityTests.QueryRequestBuilder_WithComplexFormatExpressions_ShouldHandleMultipleFormats [134 ms]
  Passed Oproto.FluentDynamoDb.UnitTests.Requests.Extensions.WithClientExtensionsTests.GetItemRequestBuilder_WithClient_ShouldPreserveConfiguration [1 ms]
  Passed Oproto.FluentDynamoDb.UnitTests.Requests.ScanRequestBuilderTests.ToScanRequestSuccess [< 1 ms]
  Passed Oproto.FluentDynamoDb.UnitTests.Requests.BuilderIntegrationTests.ScanBuilder_WithExtensionMethods_ShouldWorkCorrectly [< 1 ms]
  Passed Oproto.FluentDynamoDb.UnitTests.Requests.ScanRequestBuilderTests.WithValuesSuccess [< 1 ms]
  Passed Oproto.FluentDynamoDb.UnitTests.Requests.FluentBuilderCompatibilityTests.DeleteItemRequestBuilder_WithExtensionMethods_ShouldWorkCorrectly [< 1 ms]
  Passed Oproto.FluentDynamoDb.UnitTests.Requests.BuilderIntegrationTests.TransactWriteBuilder_WithClientRequestToken_ShouldWorkCorrectly [< 1 ms]
  Passed Oproto.FluentDynamoDb.UnitTests.Requests.Extensions.WithClientExtensionsTests.TransactGetItemsRequestBuilder_WithClient_ShouldPreserveConfiguration [< 1 ms]
  Passed Oproto.FluentDynamoDb.UnitTests.Requests.UpdateItemRequestBuilderTests.ReturnUpdatedOldValuesSuccess [30 ms]
  Passed Oproto.FluentDynamoDb.UnitTests.Requests.Extensions.WithFilterExpressionExtensionsTests.WithFilter_WithContainsFunction_ProcessesCorrectly [11 ms]
  Passed Oproto.FluentDynamoDb.UnitTests.Requests.Extensions.WithConditionExpressionExtensionsTests.Where_FormatString_ZeroValue_ShouldCreateZeroAttributeValue [65 ms]
  Passed Oproto.FluentDynamoDb.UnitTests.Pagination.PaginationExtensionsTests.Paginate_WithPageSizeAndToken_Success [137 ms]
  Passed Oproto.FluentDynamoDb.UnitTests.Pagination.PaginationExtensionsTests.Paginate_WithPageSizeAndNoToken_Success [< 1 ms]
  Passed Oproto.FluentDynamoDb.UnitTests.Requests.Extensions.WithClientExtensionsTests.BatchGetItemRequestBuilder_WithClient_ShouldPreserveConfiguration [1 ms]
  Passed Oproto.FluentDynamoDb.UnitTests.Requests.AttributeNameInternalTests.WithAttribute_MultipleCalls_ShouldAddAllAttributes [< 1 ms]
  Passed Oproto.FluentDynamoDb.UnitTests.Requests.BuilderIntegrationTests.QueryBuilder_WithComplexFormatStrings_ShouldHandleMultipleFormats [3 ms]
  Passed Oproto.FluentDynamoDb.UnitTests.Requests.Extensions.WithClientExtensionsTests.UpdateItemRequestBuilder_WithClient_ShouldPreserveConfiguration [< 1 ms]
  Passed Oproto.FluentDynamoDb.UnitTests.Requests.BuilderIntegrationTests.DeleteItemBuilder_WithExtensionMethods_ShouldWorkCorrectly [< 1 ms]
  Passed Oproto.FluentDynamoDb.UnitTests.Requests.UpdateItemRequestBuilderTests.ReturnValuesNoneSuccess [3 ms]
  Passed Oproto.FluentDynamoDb.UnitTests.Requests.Extensions.WithClientExtensionsTests.TransactWriteItemsRequestBuilder_WithClient_ShouldPreserveConfiguration [< 1 ms]
  Passed Oproto.FluentDynamoDb.UnitTests.Requests.AttributeNameInternalTests.WithAttributes_DuplicateKeys_ShouldThrowArgumentException [1 ms]
  Passed Oproto.FluentDynamoDb.UnitTests.Requests.UpdateItemRequestBuilderTests.WithKeyPkSkAttributeValueSuccess [< 1 ms]
  Passed Oproto.FluentDynamoDb.UnitTests.Requests.Extensions.WithClientExtensionsTests.QueryRequestBuilder_WithClient_ShouldPreserveConfiguration [< 1 ms]
  Passed Oproto.FluentDynamoDb.UnitTests.Requests.AttributeNameInternalTests.AttributeNames_DirectModification_ShouldBeReflected [< 1 ms]
  Passed Oproto.FluentDynamoDb.UnitTests.Requests.Extensions.WithFilterExpressionExtensionsTests.WithFilter_WithBooleanValue_ConvertsCorrectly [4 ms]
  Passed Oproto.FluentDynamoDb.UnitTests.Requests.Extensions.WithClientExtensionsTests.PutItemRequestBuilder_WithClient_ShouldPreserveConfiguration [4 ms]
  Passed Oproto.FluentDynamoDb.UnitTests.Requests.BuilderIntegrationTests.DeleteItemBuilder_WithFormatStringCondition_ShouldGenerateCorrectRequest [5 ms]
  Passed Oproto.FluentDynamoDb.UnitTests.Requests.AttributeNameInternalTests.WithAttribute_DuplicateKey_ShouldThrowArgumentException [4 ms]
  Passed Oproto.FluentDynamoDb.UnitTests.Requests.AttributeNameInternalTests.WithAttribute_EmptyParameterName_ShouldAddAttribute [< 1 ms]
  Passed Oproto.FluentDynamoDb.UnitTests.Requests.AttributeNameInternalTests.AttributeNames_InitialState_ShouldBeEmpty [< 1 ms]
  Passed Oproto.FluentDynamoDb.UnitTests.Requests.Extensions.WithClientExtensionsTests.BatchWriteItemRequestBuilder_WithClient_ShouldPreserveConfiguration [< 1 ms]
  Passed Oproto.FluentDynamoDb.UnitTests.Requests.AttributeNameInternalTests.WithAttribute_BothEmpty_ShouldAddAttribute [< 1 ms]
  Passed Oproto.FluentDynamoDb.UnitTests.Requests.AttributeNameInternalTests.WithAttributes_Action_DuplicateKeysInAction_ShouldThrowArgumentException [< 1 ms]
  Passed Oproto.FluentDynamoDb.UnitTests.Requests.AttributeNameInternalTests.WithAttributes_EmptyDictionary_ShouldNotAddAttributes [< 1 ms]
  Passed Oproto.FluentDynamoDb.UnitTests.Requests.AttributeNameInternalTests.WithAttribute_EmptyAttributeName_ShouldAddAttribute [< 1 ms]
  Passed Oproto.FluentDynamoDb.UnitTests.Requests.AttributeNameInternalTests.WithAttributes_Action_ConditionalAdditions_ShouldAddOnlyWhenConditionMet [< 1 ms]
  Passed Oproto.FluentDynamoDb.UnitTests.Requests.BuilderIntegrationTests.QueryBuilder_WithFormatStringParameters_ShouldGenerateCorrectRequest [3 ms]
  Passed Oproto.FluentDynamoDb.UnitTests.Requests.AttributeNameInternalTests.WithAttributes_DictionaryWithReservedWords_ShouldAddCorrectly [1 ms]
  Passed Oproto.FluentDynamoDb.UnitTests.Requests.BuilderIntegrationTests.GetItemBuilder_WithExtensionMethods_ShouldWorkCorrectly [< 1 ms]
  Passed Oproto.FluentDynamoDb.UnitTests.Requests.AttributeNameInternalTests.MixedUsage_AllMethods_ShouldCombineCorrectly [< 1 ms]
  Passed Oproto.FluentDynamoDb.UnitTests.Requests.AttributeNameInternalTests.WithAttributes_DictionaryWithEmptyKeys_ShouldAddEmptyKeys [< 1 ms]
  Passed Oproto.FluentDynamoDb.UnitTests.Requests.BuilderIntegrationTests.TransactWriteBuilder_WithBasicOperations_ShouldWorkCorrectly [< 1 ms]
  Passed Oproto.FluentDynamoDb.UnitTests.Requests.AttributeNameInternalTests.WithAttributes_Action_MultipleAdditions_ShouldAddAllAttributes [< 1 ms]
  Passed Oproto.FluentDynamoDb.UnitTests.Requests.AttributeNameInternalTests.MixedUsage_WithAttributesAndWithAttribute_ShouldCombineCorrectly [< 1 ms]
  Passed Oproto.FluentDynamoDb.UnitTests.Requests.AttributeNameInternalTests.WithAttributes_Dictionary_ShouldAddAllAttributes [< 1 ms]
  Passed Oproto.FluentDynamoDb.UnitTests.Requests.AttributeNameInternalTests.WithAttributes_DictionaryWithEmptyValues_ShouldAddEmptyValues [< 1 ms]
  Passed Oproto.FluentDynamoDb.UnitTests.Requests.AttributeNameInternalTests.WithAttribute_ShouldAddSingleAttribute [< 1 ms]
  Passed Oproto.FluentDynamoDb.UnitTests.Requests.AttributeNameInternalTests.WithAttributes_Action_EmptyAction_ShouldNotAddAttributes [< 1 ms]
  Passed Oproto.FluentDynamoDb.UnitTests.Requests.AttributeNameInternalTests.WithAttribute_ReservedWords_ShouldHandleCorrectly [< 1 ms]
  Passed Oproto.FluentDynamoDb.UnitTests.Requests.AttributeNameInternalTests.WithAttributes_Action_ShouldConfigureAttributes [< 1 ms]
  Passed Oproto.FluentDynamoDb.UnitTests.Requests.AttributeNameInternalTests.AttributeNames_AfterAdditions_ShouldReflectChanges [< 1 ms]
  Passed Oproto.FluentDynamoDb.UnitTests.Requests.AttributeNameInternalTests.MixedUsage_WithAttributesActionAndDictionary_ShouldCombineCorrectly [< 1 ms]
  Passed Oproto.FluentDynamoDb.UnitTests.Requests.PutItemRequestBuilderTests.ReturnNoValuesOnConditionCheckFailureSuccess [< 1 ms]
  Passed Oproto.FluentDynamoDb.UnitTests.Requests.PutItemRequestBuilderTests.UsingExpressionAttributeNamesUsingLambdaSuccess [< 1 ms]
  Passed Oproto.FluentDynamoDb.UnitTests.Requests.PutItemRequestBuilderTests.ReturnAllOldValuesSuccess [< 1 ms]
  Passed Oproto.FluentDynamoDb.UnitTests.Requests.PutItemRequestBuilderTests.ReturnValuesNoneSuccess [< 1 ms]
  Passed Oproto.FluentDynamoDb.UnitTests.Requests.PutItemRequestBuilderTests.ReturnOldValuesOnConditionCheckFailureSuccess [< 1 ms]
  Passed Oproto.FluentDynamoDb.UnitTests.Requests.PutItemRequestBuilderTests.WithItemLambdaSuccess [< 1 ms]
  Passed Oproto.FluentDynamoDb.UnitTests.Requests.PutItemRequestBuilderTests.UsingExpressionAttributeNameSuccess [< 1 ms]
  Passed Oproto.FluentDynamoDb.UnitTests.Requests.PutItemRequestBuilderTests.WithItemSuccess [< 1 ms]
  Passed Oproto.FluentDynamoDb.UnitTests.Requests.PutItemRequestBuilderTests.ReturnConsumedCapacitySuccess [< 1 ms]
  Passed Oproto.FluentDynamoDb.UnitTests.Requests.PutItemRequestBuilderTests.WhereSuccess [< 1 ms]
  Passed Oproto.FluentDynamoDb.UnitTests.Requests.PutItemRequestBuilderTests.ReturnItemCollectionMetricsSuccess [< 1 ms]
  Passed Oproto.FluentDynamoDb.UnitTests.Requests.PutItemRequestBuilderTests.UsingExpressionAttributeStringValueSuccess [< 1 ms]
  Passed Oproto.FluentDynamoDb.UnitTests.Requests.PutItemRequestBuilderTests.ForTableSuccess [< 1 ms]
  Passed Oproto.FluentDynamoDb.UnitTests.Requests.PutItemRequestBuilderTests.ReturnUpdatedOldValuesSuccess [< 1 ms]
  Passed Oproto.FluentDynamoDb.UnitTests.Requests.PutItemRequestBuilderTests.UsingExpressionAttributeBooleanValueSuccess [< 1 ms]
  Passed Oproto.FluentDynamoDb.UnitTests.Requests.PutItemRequestBuilderTests.ReturnTotalConsumedCapacitySuccess [< 1 ms]
  Passed Oproto.FluentDynamoDb.UnitTests.Requests.PutItemRequestBuilderTests.ReturnAllNewValuesSuccess [< 1 ms]
  Passed Oproto.FluentDynamoDb.UnitTests.Requests.PutItemRequestBuilderTests.UsingExpressionAttributeValuesLambdaSuccess [< 1 ms]
  Passed Oproto.FluentDynamoDb.UnitTests.Requests.PutItemRequestBuilderTests.UsingExpressionAttributeValuesSuccess [< 1 ms]
  Passed Oproto.FluentDynamoDb.UnitTests.Requests.PutItemRequestBuilderTests.UsingExpressionAttributeNamesSuccess [< 1 ms]
  Passed Oproto.FluentDynamoDb.UnitTests.Requests.PutItemRequestBuilderTests.ReturnUpdatedNewValuesSuccess [< 1 ms]
  Passed Oproto.FluentDynamoDb.UnitTests.Requests.Extensions.WithUpdateExpressionExtensionsTests.Set_WithSimpleExpression_SetsExpressionDirectly [< 1 ms]
  Passed Oproto.FluentDynamoDb.UnitTests.Requests.Extensions.WithUpdateExpressionExtensionsTests.Set_WithDateTimeFormatting_FormatsCorrectly [3 ms]
  Passed Oproto.FluentDynamoDb.UnitTests.Requests.Extensions.WithUpdateExpressionExtensionsTests.Set_WithEnumValue_ConvertsToString [4 ms]
  Passed Oproto.FluentDynamoDb.UnitTests.Requests.BatchWriteItemRequestBuilderTests.ExecuteAsyncCallsClientSuccess [31 ms]
  Passed Oproto.FluentDynamoDb.UnitTests.Requests.ScanRequestBuilderTests.ExecuteAsyncSuccess [29 ms]
  Passed Oproto.FluentDynamoDb.UnitTests.Requests.ScanRequestBuilderTests.CountSuccess [< 1 ms]
  Passed Oproto.FluentDynamoDb.UnitTests.Requests.Extensions.WithClientExtensionsTests.WithClient_ExecuteAsync_ShouldUseScopedClient [20 ms]
  Passed Oproto.FluentDynamoDb.UnitTests.Requests.BatchWriteItemRequestBuilderTests.ComplexMultiTableRequestSuccess [< 1 ms]
  Passed Oproto.FluentDynamoDb.UnitTests.Requests.Extensions.WithClientExtensionsTests.WithClient_EmptyBuilder_ShouldCreateNewBuilderWithClient [< 1 ms]
  Passed Oproto.FluentDynamoDb.UnitTests.Requests.BatchWriteItemRequestBuilderTests.ReturnConsumedCapacitySuccess [< 1 ms]
  Passed Oproto.FluentDynamoDb.UnitTests.Utility.AttributeValueConverterMapTests.ToMap_StringDictionary_SingleEntry_ShouldReturnMapWithOneEntry [< 1 ms]
  Passed Oproto.FluentDynamoDb.UnitTests.Utility.AttributeValueConverterMapTests.ToMap_StringDictionary_Null_ShouldReturnNull [< 1 ms]
  Passed Oproto.FluentDynamoDb.UnitTests.Requests.BatchWriteItemRequestBuilderTests.WriteToTableSingleTableDeleteSuccess [< 1 ms]
  Passed Oproto.FluentDynamoDb.UnitTests.Requests.BatchWriteItemRequestBuilderTests.ReturnTotalConsumedCapacitySuccess [< 1 ms]
  Passed Oproto.FluentDynamoDb.UnitTests.Utility.AttributeValueConverterMapTests.ToMap_AttributeValueDictionary_NonEmpty_ShouldReturnMapAttributeValue [< 1 ms]
  Passed Oproto.FluentDynamoDb.UnitTests.Utility.AttributeValueConverterMapTests.FromMapRaw_NullAttributeValue_ShouldReturnNull [< 1 ms]
  Passed Oproto.FluentDynamoDb.UnitTests.Requests.BatchWriteItemRequestBuilderTests.ToBatchWriteItemRequestReturnsCorrectRequestSuccess [< 1 ms]
  Passed Oproto.FluentDynamoDb.UnitTests.Requests.ScanRequestBuilderTests.WithValueAttributeValueDictionarySuccess [1 ms]
  Passed Oproto.FluentDynamoDb.UnitTests.Utility.AttributeValueConverterMapTests.FromMapRaw_ValidMapAttributeValue_ShouldReturnRawDictionary [< 1 ms]
  Passed Oproto.FluentDynamoDb.UnitTests.Utility.AttributeValueConverterMapTests.ToMap_StringDictionary_NonEmpty_ShouldReturnMapAttributeValue [< 1 ms]
  Passed Oproto.FluentDynamoDb.UnitTests.Requests.ScanRequestBuilderTests.WithAttributesSuccess [< 1 ms]
  Passed Oproto.FluentDynamoDb.UnitTests.Requests.BatchWriteItemRequestBuilderTests.WriteToTableMultipleTablesSuccess [< 1 ms]
  Passed Oproto.FluentDynamoDb.UnitTests.Requests.ScanRequestBuilderTests.WithSegmentSuccess [< 1 ms]
  Passed Oproto.FluentDynamoDb.UnitTests.Requests.ScanRequestBuilderTests.TakeSuccess [< 1 ms]
  Passed Oproto.FluentDynamoDb.UnitTests.Requests.Extensions.WithUpdateExpressionExtensionsTests.Set_WithFormatString_ProcessesParametersCorrectly [3 ms]
  Passed Oproto.FluentDynamoDb.UnitTests.Requests.ScanRequestBuilderTests.UsingIndexSuccess [< 1 ms]
  Passed Oproto.FluentDynamoDb.UnitTests.Requests.Extensions.WithUpdateExpressionExtensionsTests.Set_WithNullFormat_ThrowsArgumentException [< 1 ms]
  Passed Oproto.FluentDynamoDb.UnitTests.Requests.ScanRequestBuilderTests.WithAttributeSuccess [< 1 ms]
  Passed Oproto.FluentDynamoDb.UnitTests.Requests.BatchWriteItemRequestBuilderTests.ExecuteAsyncWithCancellationTokenSuccess [1 ms]
  Passed Oproto.FluentDynamoDb.UnitTests.Requests.ScanRequestBuilderTests.ReturnConsumedCapacitySuccess [< 1 ms]
  Passed Oproto.FluentDynamoDb.UnitTests.Requests.BatchWriteItemRequestBuilderTests.WriteToTableMixedOperationsSuccess [< 1 ms]
  Passed Oproto.FluentDynamoDb.UnitTests.Requests.BuilderIntegrationTests.Builders_WithMismatchedParameterCount_ShouldThrowArgumentException [19 ms]
  Passed Oproto.FluentDynamoDb.UnitTests.Requests.ScanRequestBuilderTests.WithSegmentAndFilterSuccess [< 1 ms]
  Passed Oproto.FluentDynamoDb.UnitTests.Requests.ScanRequestBuilderTests.WithValueConditionalUseTrueSuccess [< 1 ms]
  Passed Oproto.FluentDynamoDb.UnitTests.Requests.BatchWriteItemRequestBuilderTests.ReturnItemCollectionMetricsWithParameterSuccess [< 1 ms]
  Passed Oproto.FluentDynamoDb.UnitTests.Requests.BatchWriteItemRequestBuilderTests.ConstructorSuccess [< 1 ms]
  Passed Oproto.FluentDynamoDb.UnitTests.Requests.BatchWriteItemRequestBuilderTests.ReturnIndexesConsumedCapacitySuccess [< 1 ms]
  Passed Oproto.FluentDynamoDb.UnitTests.Requests.ScanRequestBuilderTests.MultipleAttributeAndValueCallsSuccess [< 1 ms]
  Passed Oproto.FluentDynamoDb.UnitTests.Requests.BatchWriteItemRequestBuilderTests.WriteToTableWithModelMappingSuccess [< 1 ms]
  Passed Oproto.FluentDynamoDb.UnitTests.Requests.ScanRequestBuilderTests.WithValueDecimalNullSuccess [< 1 ms]
  Passed Oproto.FluentDynamoDb.UnitTests.Requests.BuilderIntegrationTests.Builders_WithNullArguments_ShouldThrowArgumentNullException [1 ms]
  Passed Oproto.FluentDynamoDb.UnitTests.Utility.AttributeValueConverterMapTests.FromMap_ValidMapAttributeValue_ShouldReconstructDictionary [3 ms]
  Passed Oproto.FluentDynamoDb.UnitTests.Requests.ScanRequestBuilderTests.WithValueBooleanNullSuccess [< 1 ms]
  Passed Oproto.FluentDynamoDb.UnitTests.Requests.ScanRequestBuilderTests.FluentInterfaceChainSuccess [< 1 ms]
  Passed Oproto.FluentDynamoDb.UnitTests.Utility.AttributeValueConverterTtlTests.FromTtl_Zero_ShouldReturnUnixEpoch [< 1 ms]
  Passed Oproto.FluentDynamoDb.UnitTests.Requests.ScanRequestBuilderTests.WithSegmentMultipleSegmentsSuccess [< 1 ms]
  Passed Oproto.FluentDynamoDb.UnitTests.Requests.Extensions.WithUpdateExpressionExtensionsTests.Set_WithComplexUpdateExpression_ProcessesCorrectly [3 ms]
  Passed Oproto.FluentDynamoDb.UnitTests.Utility.AttributeValueConverterTtlTests.FromTtlOffset_NullAttributeValue_ShouldReturnNull [< 1 ms]
  Passed Oproto.FluentDynamoDb.UnitTests.Utility.AttributeValueConverterTtlTests.ToTtl_DateTimeOffset_WithOffset_ShouldConvertToUtc [< 1 ms]
  Passed Oproto.FluentDynamoDb.UnitTests.Requests.ScanRequestBuilderTests.WithAttributesUsingLambdaSuccess [< 1 ms]
  Passed Oproto.FluentDynamoDb.UnitTests.Requests.Extensions.WithUpdateExpressionExtensionsTests.Set_WithUnmatchedBraces_ShouldThrowFormatException [< 1 ms]
  Passed Oproto.FluentDynamoDb.UnitTests.Utility.AttributeValueConverterTtlTests.ToTtl_FromTtlOffset_DateTimeOffset_RoundTrip_WithOffset_ShouldPreserveValue [< 1 ms]
  Passed Oproto.FluentDynamoDb.UnitTests.Utility.AttributeValueConverterTtlTests.ToTtl_DateTimeOffset_ValidValue_ShouldConvertToUnixEpochSeconds [< 1 ms]
  Passed Oproto.FluentDynamoDb.UnitTests.Utility.AttributeValueConverterTtlTests.ToTtl_DateTime_FutureDate_ShouldConvertCorrectly [< 1 ms]
  Passed Oproto.FluentDynamoDb.UnitTests.Requests.BuilderIntegrationTests.AllBuilders_MethodChaining_ShouldReturnCorrectTypes [1 ms]
  Passed Oproto.FluentDynamoDb.UnitTests.Utility.AttributeValueConverterTtlTests.FromTtlOffset_Zero_ShouldReturnUnixEpoch [< 1 ms]
  Passed Oproto.FluentDynamoDb.UnitTests.Utility.AttributeValueConverterTtlTests.FromTtlOffset_AttributeValueWithNullN_ShouldReturnNull [< 1 ms]
  Passed Oproto.FluentDynamoDb.UnitTests.Requests.ScanRequestBuilderTests.WithProjectionSingleAttributeSuccess [1 ms]
  Passed Oproto.FluentDynamoDb.UnitTests.Requests.BuilderIntegrationTests.PutItemBuilder_WithExtensionMethods_ShouldWorkCorrectly [< 1 ms]
  Passed Oproto.FluentDynamoDb.UnitTests.Utility.AttributeValueConverterMapTests.ToMap_FromMap_RoundTrip_ShouldPreserveData [3 ms]
  Passed Oproto.FluentDynamoDb.UnitTests.Requests.BuilderIntegrationTests.GetItemBuilder_WithKeyExtensions_ShouldSupportAllOverloads [1 ms]
  Passed Oproto.FluentDynamoDb.UnitTests.Requests.ScanRequestBuilderTests.ExecuteAsyncWithCancellationTokenSuccess [1 ms]
  Passed Oproto.FluentDynamoDb.UnitTests.Utility.AttributeValueConverterMapTests.ToMap_FromMapRaw_RoundTrip_ShouldPreserveComplexData [< 1 ms]
  Passed Oproto.FluentDynamoDb.UnitTests.Requests.ScanRequestBuilderTests.WithValueConditionalUseFalseSuccess [< 1 ms]
  Passed Oproto.FluentDynamoDb.UnitTests.Utility.AttributeValueConverterMapTests.FromMap_EmptyMap_ShouldReturnNull [< 1 ms]
  Passed Oproto.FluentDynamoDb.UnitTests.Utility.AttributeValueConverterMapTests.ToMap_AttributeValueDictionary_Empty_ShouldReturnNull [< 1 ms]
  Passed Oproto.FluentDynamoDb.UnitTests.Requests.ScanRequestBuilderTests.UsingConsistentReadSuccess [< 1 ms]
  Passed Oproto.FluentDynamoDb.UnitTests.Requests.ScanRequestBuilderTests.WithProjectionSuccess [< 1 ms]
  Passed Oproto.FluentDynamoDb.UnitTests.Utility.AttributeValueConverterTtlTests.FromTtl_FutureDate_ShouldReconstructCorrectly [2 ms]
  Passed Oproto.FluentDynamoDb.UnitTests.Utility.AttributeValueConverterMapTests.FromMap_SingleEntry_ShouldReconstructSingleEntryDictionary [< 1 ms]
  Passed Oproto.FluentDynamoDb.UnitTests.Requests.BuilderIntegrationTests.Builders_WithEmptyFormatString_ShouldThrowArgumentException [< 1 ms]
  Passed Oproto.FluentDynamoDb.UnitTests.Requests.ScanRequestBuilderTests.WithValueBooleanSuccess [< 1 ms]
  Passed Oproto.FluentDynamoDb.UnitTests.Utility.AttributeValueConverterMapTests.FromMapRaw_EmptyMap_ShouldReturnNull [< 1 ms]
  Passed Oproto.FluentDynamoDb.UnitTests.Requests.BuilderIntegrationTests.BatchWriteBuilder_WithBasicOperations_ShouldWorkCorrectly [< 1 ms]
  Passed Oproto.FluentDynamoDb.UnitTests.Requests.ScanRequestBuilderTests.WithFilterSuccess [< 1 ms]
  Passed Oproto.FluentDynamoDb.SourceGenerator.UnitTests.TestHelpers.SemanticAssertionsTests.ErrorMessages_IncludeSourceContext [< 1 ms]
  Passed Oproto.FluentDynamoDb.SourceGenerator.UnitTests.EntityAnalyzerTests.AnalyzeEntity_WithMissingPartitionKey_ReportsDiagnostic [419 ms]
  Passed Oproto.FluentDynamoDb.SourceGenerator.UnitTests.EntityAnalyzerTests.AnalyzeEntity_WithGsiAttributes_ExtractsIndexInformation [14 ms]
  Passed Oproto.FluentDynamoDb.SourceGenerator.UnitTests.EntityAnalyzerTests.AnalyzeEntity_WithBasicEntity_ExtractsCorrectInformation [23 ms]
  Passed Oproto.FluentDynamoDb.SourceGenerator.UnitTests.EntityAnalyzerTests.AnalyzeEntity_WithKeyFormatting_ExtractsKeyFormatInformation [11 ms]
  Passed Oproto.FluentDynamoDb.SourceGenerator.UnitTests.EntityAnalyzerTests.AnalyzeEntity_WithNonPartialClass_ReportsDiagnostic [8 ms]
  Passed Oproto.FluentDynamoDb.SourceGenerator.UnitTests.EntityAnalyzerTests.AnalyzeEntity_WithAmbiguousRelatedEntityPattern_ReportsWarning [14 ms]
  Passed Oproto.FluentDynamoDb.SourceGenerator.UnitTests.EntityAnalyzerTests.AnalyzeEntity_WithConflictingRelatedEntityPatterns_ReportsWarning [11 ms]
  Passed Oproto.FluentDynamoDb.UnitTests.Utility.AttributeValueConverterMapTests.ToMap_StringDictionary_Empty_ShouldReturnNull [< 1 ms]
  Passed Oproto.FluentDynamoDb.UnitTests.Utility.AttributeValueConverterMapTests.FromMap_NullAttributeValue_ShouldReturnNull [< 1 ms]
  Passed Oproto.FluentDynamoDb.UnitTests.Requests.Extensions.WithUpdateExpressionExtensionsTests.Set_WithNegativeParameterIndex_ShouldThrowFormatException [4 ms]
  Passed Oproto.FluentDynamoDb.UnitTests.Requests.ScanRequestBuilderTests.ReturnTotalConsumedCapacitySuccess [< 1 ms]
  Passed Oproto.FluentDynamoDb.UnitTests.Utility.AttributeValueConverterMapTests.ToMap_AttributeValueDictionary_NestedMap_ShouldPreserveNesting [< 1 ms]
  Passed Oproto.FluentDynamoDb.UnitTests.Utility.AttributeValueConverterMapTests.FromMap_AttributeValueWithNullMap_ShouldReturnNull [< 1 ms]
  Passed Oproto.FluentDynamoDb.UnitTests.Utility.AttributeValueConverterMapTests.ToMap_AttributeValueDictionary_Null_ShouldReturnNull [< 1 ms]
  Passed Oproto.FluentDynamoDb.UnitTests.Requests.ScanRequestBuilderTests.WithValueStringDictionarySuccess [1 ms]
  Passed Oproto.FluentDynamoDb.UnitTests.Requests.QueryRequestBuilderTests.UsingExpressionAttributeValuesSuccess [< 1 ms]
  Passed Oproto.FluentDynamoDb.UnitTests.Requests.ScanRequestBuilderTests.DefaultConsistentReadSuccess [< 1 ms]
  Passed Oproto.FluentDynamoDb.UnitTests.Requests.QueryRequestBuilderTests.UsingIndexSuccess [< 1 ms]
  Passed Oproto.FluentDynamoDb.UnitTests.Requests.ScanRequestBuilderTests.DefaultConsumedCapacitySuccess [< 1 ms]
  Passed Oproto.FluentDynamoDb.UnitTests.Utility.AttributeValueConverterTtlTests.FromTtl_ValidAttributeValue_ShouldReconstructDateTime [2 ms]
  Passed Oproto.FluentDynamoDb.UnitTests.Utility.AttributeValueConverterTtlTests.ToTtl_DateTime_Null_ShouldReturnNull [< 1 ms]
  Passed Oproto.FluentDynamoDb.UnitTests.Requests.ScanRequestBuilderTests.CountOverridesProjectionSuccess [< 1 ms]
  Passed Oproto.FluentDynamoDb.UnitTests.Requests.QueryRequestBuilderTests.UsingExpressionAttributeBooleanValueSuccess [< 1 ms]
  Passed Oproto.FluentDynamoDb.UnitTests.Utility.AttributeValueConverterTtlTests.FromTtl_NullAttributeValue_ShouldReturnNull [< 1 ms]
  Passed Oproto.FluentDynamoDb.UnitTests.Requests.ScanRequestBuilderTests.UsingIndexWithFilterSuccess [< 1 ms]
  Passed Oproto.FluentDynamoDb.UnitTests.Utility.AttributeValueConverterTtlTests.ToTtl_DateTime_UnixEpoch_ShouldReturnZero [< 1 ms]
  Passed Oproto.FluentDynamoDb.UnitTests.Utility.AttributeValueConverterTtlTests.ToTtl_DateTime_ValidValue_ShouldConvertToUnixEpochSeconds [< 1 ms]
  Passed Oproto.FluentDynamoDb.UnitTests.Utility.AttributeValueConverterTtlTests.ToTtl_DateTimeOffset_UnixEpoch_ShouldReturnZero [< 1 ms]
  Passed Oproto.FluentDynamoDb.UnitTests.Utility.AttributeValueConverterTtlTests.ToTtl_FromTtl_DateTime_RoundTrip_ShouldPreserveValue [< 1 ms]
  Passed Oproto.FluentDynamoDb.UnitTests.Requests.QueryRequestBuilderTests.UsingConsistentReadSuccess [< 1 ms]
  Passed Oproto.FluentDynamoDb.UnitTests.Requests.ScanRequestBuilderTests.WithValueStringNullSuccess [< 1 ms]
  Passed Oproto.FluentDynamoDb.UnitTests.Requests.ScanRequestBuilderTests.WithFilterComplexExpressionSuccess [< 1 ms]
  Passed Oproto.FluentDynamoDb.UnitTests.Utility.AttributeValueConverterTtlTests.ToTtl_DateTime_VeryOldDate_ShouldHandleNegativeEpoch [< 1 ms]
  Passed Oproto.FluentDynamoDb.UnitTests.Requests.QueryRequestBuilderTests.WhereSuccess [< 1 ms]
  Passed Oproto.FluentDynamoDb.UnitTests.Utility.AttributeValueConverterTtlTests.FromTtlOffset_ValidAttributeValue_ShouldReconstructDateTimeOffset [< 1 ms]
  Passed Oproto.FluentDynamoDb.UnitTests.Requests.QueryRequestBuilderTests.ForTableSuccess [< 1 ms]
  Passed Oproto.FluentDynamoDb.UnitTests.Requests.ScanRequestBuilderTests.WithValueStringSuccess [< 1 ms]
  Passed Oproto.FluentDynamoDb.UnitTests.Requests.Extensions.WithUpdateExpressionExtensionsTests.Set_WithMixedTraditionalAndFormatParameters_WorksCorrectly [3 ms]
  Passed Oproto.FluentDynamoDb.UnitTests.Requests.QueryRequestBuilderTests.ReturnTotalConsumedCapacitySuccess [< 1 ms]
  Passed Oproto.FluentDynamoDb.UnitTests.Utility.AttributeValueConverterTtlTests.ToTtl_FromTtl_DateTime_RoundTrip_WithLocalTime_ShouldPreserveUtcValue [< 1 ms]
  Passed Oproto.FluentDynamoDb.UnitTests.Requests.ScanRequestBuilderTests.StartAtSuccess [< 1 ms]
  Passed Oproto.FluentDynamoDb.UnitTests.Requests.QueryRequestBuilderTests.UsingExpressionAttributeNamesUsingLambdaSuccess [< 1 ms]
  Passed Oproto.FluentDynamoDb.UnitTests.Requests.BuilderIntegrationTests.QueryBuilder_WithMixedParameterStyles_ShouldWorkCorrectly [4 ms]
  Passed Oproto.FluentDynamoDb.UnitTests.Utility.AttributeValueConverterTtlTests.ToTtl_DateTimeOffset_FutureDate_ShouldConvertCorrectly [< 1 ms]
  Passed Oproto.FluentDynamoDb.UnitTests.Requests.QueryRequestBuilderTests.ReturnIndexConsumedCapacitySuccess [< 1 ms]
  Passed Oproto.FluentDynamoDb.UnitTests.Requests.BuilderIntegrationTests.UpdateItemBuilder_WithExtensionMethods_ShouldWorkCorrectly [< 1 ms]
  Passed Oproto.FluentDynamoDb.UnitTests.Utility.AttributeValueConverterTtlTests.ToTtl_DateTime_LocalTime_ShouldConvertToUtc [< 1 ms]
  Passed Oproto.FluentDynamoDb.UnitTests.Requests.BuilderIntegrationTests.AllBuilders_ExistingMethodCalls_ShouldContinueToWork [< 1 ms]
  Passed Oproto.FluentDynamoDb.UnitTests.Requests.QueryRequestBuilderTests.UsingExpressionAttributeValuesLambdaSuccess [< 1 ms]
  Passed Oproto.FluentDynamoDb.UnitTests.Utility.AttributeValueConverterTtlTests.FromTtl_NegativeEpochSeconds_ShouldReconstructDateBeforeUnixEpoch [< 1 ms]
  Passed Oproto.FluentDynamoDb.UnitTests.Utility.AttributeValueConverterTtlTests.ToTtl_DateTimeOffset_Null_ShouldReturnNull [< 1 ms]
  Passed Oproto.FluentDynamoDb.UnitTests.Utility.AttributeValueConverterTtlTests.FromTtl_AttributeValueWithNullN_ShouldReturnNull [< 1 ms]
  Passed Oproto.FluentDynamoDb.UnitTests.Requests.BuilderIntegrationTests.TransactGetBuilder_WithBasicOperations_ShouldWorkCorrectly [< 1 ms]
  Passed Oproto.FluentDynamoDb.UnitTests.Utility.AttributeValueConverterTtlTests.ToTtl_FromTtlOffset_DateTimeOffset_RoundTrip_ShouldPreserveValue [< 1 ms]
  Passed Oproto.FluentDynamoDb.UnitTests.Utility.AttributeValueConverterTtlTests.ToTtl_FromTtl_MultipleValues_ShouldPreserveAllWithinTolerance [< 1 ms]
  Passed Oproto.FluentDynamoDb.UnitTests.Requests.QueryRequestBuilderTests.ReturnConsumedCapacitySuccess [< 1 ms]
  Passed Oproto.FluentDynamoDb.UnitTests.Requests.QueryRequestBuilderTests.UsingExpressionAttributeNameSuccess [< 1 ms]
  Passed Oproto.FluentDynamoDb.UnitTests.Requests.QueryRequestBuilderTests.StartAtSuccess [< 1 ms]
  Passed Oproto.FluentDynamoDb.UnitTests.Requests.QueryRequestBuilderTests.UsingExpressionAttributeNamesSuccess [< 1 ms]
  Passed Oproto.FluentDynamoDb.UnitTests.Requests.TransactGetItemBuilderTests.ProjectionExpressionSuccess [< 1 ms]
  Passed Oproto.FluentDynamoDb.UnitTests.Requests.QueryRequestBuilderTests.UsingExpressionAttributeStringValueSuccess [< 1 ms]
  Passed Oproto.FluentDynamoDb.UnitTests.Requests.TransactGetItemBuilderTests.WithKeyPkSkStringValueSuccess [< 1 ms]
  Passed Oproto.FluentDynamoDb.UnitTests.Requests.QueryRequestBuilderTests.ProjectionExpressionSuccess [< 1 ms]
  Passed Oproto.FluentDynamoDb.UnitTests.Requests.TransactGetItemBuilderTests.WithKeyPkStringValueSuccess [< 1 ms]
  Passed Oproto.FluentDynamoDb.UnitTests.Requests.QueryRequestBuilderTests.WithFilterSuccess [< 1 ms]
  Passed Oproto.FluentDynamoDb.UnitTests.Requests.QueryRequestBuilderTests.TakeSuccess [< 1 ms]
  Passed Oproto.FluentDynamoDb.UnitTests.Requests.BatchGetItemRequestBuilderTests.ReturnConsumedCapacitySuccess [< 1 ms]
  Passed Oproto.FluentDynamoDb.UnitTests.Requests.TransactGetItemBuilderTests.WithKeyPkSkAttributeValueSuccess [< 1 ms]
  Passed Oproto.FluentDynamoDb.UnitTests.Requests.BatchGetItemRequestBuilderTests.GetFromTableWithProjectionSuccess [< 1 ms]
  Passed Oproto.FluentDynamoDb.UnitTests.Requests.BuilderIntegrationTests.PutItemBuilder_WithFormatStringCondition_ShouldGenerateCorrectRequest [3 ms]
  Passed Oproto.FluentDynamoDb.UnitTests.Requests.TransactGetItemBuilderTests.UsingExpressionAttributeNameSuccess [< 1 ms]
  Passed Oproto.FluentDynamoDb.UnitTests.Requests.BuilderIntegrationTests.BatchGetBuilder_WithBasicOperations_ShouldWorkCorrectly [< 1 ms]
  Passed Oproto.FluentDynamoDb.UnitTests.Requests.BuilderIntegrationTests.QueryBuilder_WithExtensionMethods_ShouldWorkCorrectly [< 1 ms]
  Passed Oproto.FluentDynamoDb.UnitTests.Requests.TransactGetItemBuilderTests.UsingExpressionAttributeNamesUsingLambdaSuccess [< 1 ms]
  Passed Oproto.FluentDynamoDb.UnitTests.Requests.BatchGetItemRequestBuilderTests.GetFromTableSingleTableSuccess [2 ms]
  Passed Oproto.FluentDynamoDb.UnitTests.Requests.TransactUpdateBuilderTests.ReturnOldValuesOnConditionCheckFailureSuccess [2 ms]
  Passed Oproto.FluentDynamoDb.UnitTests.Requests.BatchGetItemRequestBuilderTests.GetFromTableMultipleKeysPerTableSuccess [1 ms]
  Passed Oproto.FluentDynamoDb.UnitTests.Requests.TransactGetItemBuilderTests.ForTableSuccess [15 ms]
  Passed Oproto.FluentDynamoDb.UnitTests.Requests.TransactUpdateBuilderTests.UsingExpressionAttributeNameSuccess [13 ms]
  Passed Oproto.FluentDynamoDb.UnitTests.Requests.TransactUpdateBuilderTests.UsingExpressionAttributeStringValueSuccess [< 1 ms]
  Passed Oproto.FluentDynamoDb.UnitTests.Requests.BatchGetItemRequestBuilderTests.GetFromTableWithAttributeNamesSuccess [14 ms]
  Passed Oproto.FluentDynamoDb.UnitTests.Requests.TransactGetItemBuilderTests.UsingExpressionAttributeNamesSuccess [< 1 ms]
  Passed Oproto.FluentDynamoDb.UnitTests.Requests.TransactUpdateBuilderTests.ForTableSuccess [< 1 ms]
  Passed Oproto.FluentDynamoDb.UnitTests.Requests.TransactUpdateBuilderTests.UsingExpressionAttributeNamesSuccess [< 1 ms]
  Passed Oproto.FluentDynamoDb.UnitTests.Requests.TransactUpdateBuilderTests.UsingExpressionAttributeValuesLambdaSuccess [< 1 ms]
  Passed Oproto.FluentDynamoDb.UnitTests.Requests.TransactUpdateBuilderTests.UsingExpressionAttributeValuesSuccess [< 1 ms]
  Passed Oproto.FluentDynamoDb.UnitTests.Requests.DeleteItemRequestBuilderTests.DefaultReturnValuesOnConditionCheckFailureSuccess [< 1 ms]
  Passed Oproto.FluentDynamoDb.UnitTests.Requests.TransactUpdateBuilderTests.UsingExpressionAttributeBooleanValueSuccess [< 1 ms]
  Passed Oproto.FluentDynamoDb.UnitTests.Requests.DeleteItemRequestBuilderTests.WithKeyCompositeKeyAttributeValueSuccess [< 1 ms]
  Passed Oproto.FluentDynamoDb.UnitTests.Requests.TransactUpdateBuilderTests.UsingExpressionAttributeNamesUsingLambdaSuccess [< 1 ms]
  Passed Oproto.FluentDynamoDb.UnitTests.Requests.DeleteItemRequestBuilderTests.WithValueStringSuccess [< 1 ms]
  Passed Oproto.FluentDynamoDb.UnitTests.Requests.DeleteItemRequestBuilderTests.WhereSuccess [< 1 ms]
  Passed Oproto.FluentDynamoDb.UnitTests.Requests.TransactUpdateBuilderTests.WhereSuccess [< 1 ms]
  Passed Oproto.FluentDynamoDb.UnitTests.Requests.Extensions.WithUpdateExpressionExtensionsTests.Set_WithNumericFormatting_FormatsCorrectly [25 ms]
  Passed Oproto.FluentDynamoDb.UnitTests.Requests.DeleteItemRequestBuilderTests.WithAttributeSuccess [< 1 ms]
  Passed Oproto.FluentDynamoDb.UnitTests.Requests.TransactUpdateBuilderTests.WithKeyPkSkStringValueSuccess [< 1 ms]
  Passed Oproto.FluentDynamoDb.UnitTests.Requests.TransactUpdateBuilderTests.ReturnNoValuesOnConditionCheckFailureSuccess [< 1 ms]
  Passed Oproto.FluentDynamoDb.UnitTests.Requests.UpdateItemRequestBuilderTests.ReturnTotalConsumedCapacitySuccess [65 ms]
  Passed Oproto.FluentDynamoDb.UnitTests.Requests.TransactUpdateBuilderTests.WithKeyPkStringValueSuccess [< 1 ms]
  Passed Oproto.FluentDynamoDb.UnitTests.Requests.TransactUpdateBuilderTests.SetSuccess [< 1 ms]
  Passed Oproto.FluentDynamoDb.UnitTests.Requests.TransactUpdateBuilderTests.WithKeyPkSkAttributeValueSuccess [< 1 ms]
  Passed Oproto.FluentDynamoDb.UnitTests.Requests.BatchGetItemRequestBuilderTests.ExecuteAsyncCallsClientSuccess [3 ms]
  Passed Oproto.FluentDynamoDb.UnitTests.Requests.DeleteItemRequestBuilderTests.ExecuteAsyncSuccess [1 ms]
  Passed Oproto.FluentDynamoDb.UnitTests.Requests.DeleteItemRequestBuilderTests.WithAttributesUsingLambdaSuccess [< 1 ms]
  Passed Oproto.FluentDynamoDb.UnitTests.Requests.BatchGetItemRequestBuilderTests.ComplexMultiTableRequestSuccess [1 ms]
  Passed Oproto.FluentDynamoDb.UnitTests.Requests.BatchGetItemRequestBuilderTests.GetFromTableWithConsistentReadSuccess [< 1 ms]
  Passed Oproto.FluentDynamoDb.UnitTests.Requests.DeleteItemRequestBuilderTests.DefaultReturnValuesSuccess [< 1 ms]
  Passed Oproto.FluentDynamoDb.UnitTests.Requests.BatchGetItemRequestBuilderTests.ToBatchGetItemRequestReturnsCorrectRequestSuccess [< 1 ms]
  Passed Oproto.FluentDynamoDb.UnitTests.Requests.DeleteItemRequestBuilderTests.DefaultItemCollectionMetricsSuccess [< 1 ms]
  Passed Oproto.FluentDynamoDb.UnitTests.Requests.UpdateItemRequestBuilderTests.ForTableSuccess [3 ms]
  Passed Oproto.FluentDynamoDb.UnitTests.Requests.Extensions.WithConditionExpressionExtensionsTests.Where_FormatString_WhitespaceStringParameter_ShouldPreserveWhitespace [72 ms]
  Passed Oproto.FluentDynamoDb.UnitTests.Requests.DeleteItemRequestBuilderTests.WithValueStringDictionarySuccess [< 1 ms]
  Passed Oproto.FluentDynamoDb.UnitTests.Requests.BatchGetItemRequestBuilderTests.GetFromTableOverwritesSameTableSuccess [< 1 ms]
  Passed Oproto.FluentDynamoDb.UnitTests.Requests.UpdateItemRequestBuilderTests.UsingExpressionAttributeNameSuccess [< 1 ms]
  Passed Oproto.FluentDynamoDb.UnitTests.Requests.DeleteItemRequestBuilderTests.WithKeyMultipleCallsSuccess [< 1 ms]
  Passed Oproto.FluentDynamoDb.UnitTests.Requests.UpdateItemRequestBuilderTests.UsingExpressionAttributeStringValueSuccess [< 1 ms]
  Passed Oproto.FluentDynamoDb.UnitTests.Requests.BatchGetItemRequestBuilderTests.GetFromTableWithCompositeKeysAndAttributeValuesSuccess [< 1 ms]
  Passed Oproto.FluentDynamoDb.UnitTests.Requests.DeleteItemRequestBuilderTests.WithValueStringNullSuccess [< 1 ms]
  Passed Oproto.FluentDynamoDb.UnitTests.Requests.Extensions.WithFilterExpressionExtensionsTests.WithFilter_WithSizeFunction_ProcessesCorrectly [69 ms]
  Passed Oproto.FluentDynamoDb.UnitTests.Requests.BatchGetItemRequestBuilderTests.ConstructorSuccess [< 1 ms]
  Passed Oproto.FluentDynamoDb.UnitTests.Requests.UpdateItemRequestBuilderTests.UsingExpressionAttributeValuesSuccess [< 1 ms]
  Passed Oproto.FluentDynamoDb.UnitTests.Requests.DeleteItemRequestBuilderTests.WithValueBooleanNullSuccess [< 1 ms]
  Passed Oproto.FluentDynamoDb.UnitTests.Requests.DeleteItemRequestBuilderTests.WithKeyCompositeKeyStringSuccess [< 1 ms]
  Passed Oproto.FluentDynamoDb.UnitTests.Requests.DeleteItemRequestBuilderTests.WithValueConditionalUseFalseSuccess [< 1 ms]
  Passed Oproto.FluentDynamoDb.UnitTests.Requests.BatchGetItemRequestBuilderTests.GetFromTableMultipleTablesSuccess [< 1 ms]
  Passed Oproto.FluentDynamoDb.UnitTests.Requests.DeleteItemRequestBuilderTests.DefaultConsumedCapacitySuccess [< 1 ms]
  Passed Oproto.FluentDynamoDb.UnitTests.Requests.UpdateItemRequestBuilderTests.ReturnConsumedCapacitySuccess [< 1 ms]
  Passed Oproto.FluentDynamoDb.UnitTests.Requests.BatchGetItemRequestBuilderTests.EmptyBuilderProducesValidRequestSuccess [< 1 ms]
  Passed Oproto.FluentDynamoDb.UnitTests.Requests.DeleteItemRequestBuilderTests.ExecuteAsyncWithCancellationTokenSuccess [< 1 ms]
  Passed Oproto.FluentDynamoDb.UnitTests.Requests.BatchGetItemRequestBuilderTests.ExecuteAsyncWithCancellationTokenSuccess [< 1 ms]
  Passed Oproto.FluentDynamoDb.UnitTests.Requests.UpdateItemRequestBuilderTests.UsingExpressionAttributeBooleanValueSuccess [< 1 ms]
  Passed Oproto.FluentDynamoDb.UnitTests.Requests.DeleteItemRequestBuilderTests.WhereWithComplexConditionSuccess [< 1 ms]
  Passed Oproto.FluentDynamoDb.UnitTests.Storage.DynamoDbTableTests.TableGetReturnsBuilder [< 1 ms]
  Passed Oproto.FluentDynamoDb.UnitTests.Requests.UpdateItemRequestBuilderTests.WhereSuccess [< 1 ms]
  Passed Oproto.FluentDynamoDb.UnitTests.Requests.DeleteItemRequestBuilderTests.WithValueDecimalNullSuccess [< 1 ms]
  Passed Oproto.FluentDynamoDb.UnitTests.Requests.ScopedClientIntegrationTests.ServiceLayerPattern_PutOperation_ShouldUseScopedClient [6 ms]
  Passed Oproto.FluentDynamoDb.UnitTests.Requests.UpdateItemRequestBuilderTests.ReturnAllNewValuesSuccess [< 1 ms]
  Passed Oproto.FluentDynamoDb.UnitTests.Storage.DynamoDbTableTests.TablePutReturnsBuilder [< 1 ms]
  Passed Oproto.FluentDynamoDb.UnitTests.Requests.DeleteItemRequestBuilderTests.WithAttributesSuccess [< 1 ms]
  Passed Oproto.FluentDynamoDb.UnitTests.Requests.UpdateItemRequestBuilderTests.ReturnItemCollectionMetricsSuccess [< 1 ms]
  Passed Oproto.FluentDynamoDb.UnitTests.Storage.DynamoDbTableTests.TableUpdateReturnsBuilder [< 1 ms]
  Passed Oproto.FluentDynamoDb.UnitTests.Requests.DeleteItemRequestBuilderTests.MultipleAttributeAndValueCallsSuccess [< 1 ms]
  Passed Oproto.FluentDynamoDb.UnitTests.Requests.DeleteItemRequestBuilderTests.WithKeySingleKeyStringSuccess [< 1 ms]
  Passed Oproto.FluentDynamoDb.UnitTests.Storage.DynamoDbTableTests.TableDeleteReturnsBuilder [1 ms]
  Passed Oproto.FluentDynamoDb.UnitTests.Requests.DeleteItemRequestBuilderTests.ReturnItemCollectionMetricsSuccess [< 1 ms]
  Passed Oproto.FluentDynamoDb.UnitTests.Requests.DeleteItemRequestBuilderTests.WithKeySingleKeyAttributeValueSuccess [< 1 ms]
  Passed Oproto.FluentDynamoDb.UnitTests.Requests.DeleteItemRequestBuilderTests.WithValueAttributeValueDictionarySuccess [< 1 ms]
  Passed Oproto.FluentDynamoDb.UnitTests.Storage.DynamoDbTableTests.TableQueryOnIndexReturnsBuilder [< 1 ms]
  Passed Oproto.FluentDynamoDb.UnitTests.Requests.DeleteItemRequestBuilderTests.ReturnNoneSuccess [< 1 ms]
  Passed Oproto.FluentDynamoDb.UnitTests.Requests.DeleteItemRequestBuilderTests.ReturnConsumedCapacitySuccess [< 1 ms]
  Passed Oproto.FluentDynamoDb.UnitTests.Storage.DynamoDbTableTests.TableQueryReturnsBuilder [< 1 ms]
  Passed Oproto.FluentDynamoDb.UnitTests.Storage.DynamoDbTableTests.TableInitializationSuccess [< 1 ms]
  Passed Oproto.FluentDynamoDb.UnitTests.Requests.DeleteItemRequestBuilderTests.WithValueConditionalUseTrueSuccess [< 1 ms]
  Passed Oproto.FluentDynamoDb.UnitTests.Requests.DeleteItemRequestBuilderTests.WithValuesLambdaSuccess [< 1 ms]
  Passed Oproto.FluentDynamoDb.UnitTests.Utility.AttributeValueConverterSetTests.FromNumberSetDecimal_NullAttributeValue_ShouldReturnNull [< 1 ms]
  Passed Oproto.FluentDynamoDb.UnitTests.Requests.DeleteItemRequestBuilderTests.ReturnTotalConsumedCapacitySuccess [< 1 ms]
  Passed Oproto.FluentDynamoDb.UnitTests.Requests.DeleteItemRequestBuilderTests.ForTableSuccess [< 1 ms]
  Passed Oproto.FluentDynamoDb.UnitTests.Requests.Extensions.WithUpdateExpressionExtensionsTests.Set_WithInvalidFormatSpecifier_HandlesGracefully [12 ms]
  Passed Oproto.FluentDynamoDb.UnitTests.Requests.DeleteItemRequestBuilderTests.ReturnOldValuesOnConditionCheckFailureSuccess [< 1 ms]
  Passed Oproto.FluentDynamoDb.UnitTests.Requests.DeleteItemRequestBuilderTests.ReturnAllOldValuesSuccess [< 1 ms]
  Passed Oproto.FluentDynamoDb.UnitTests.Utility.AttributeValueConverterSetTests.FromBinarySet_NullAttributeValue_ShouldReturnNull [< 1 ms]
  Passed Oproto.FluentDynamoDb.UnitTests.Requests.UpdateItemRequestBuilderTests.WithKeyPkStringValueSuccess [4 ms]
  Passed Oproto.FluentDynamoDb.UnitTests.Requests.DeleteItemRequestBuilderTests.WithValuesSuccess [< 1 ms]
  Passed Oproto.FluentDynamoDb.UnitTests.Utility.AttributeValueConverterSetTests.ToNumberSet_DecimalHashSet_Null_ShouldReturnNull [< 1 ms]
  Passed Oproto.FluentDynamoDb.UnitTests.Requests.DeleteItemRequestBuilderTests.FluentInterfaceChainSuccess [< 1 ms]
  Passed Oproto.FluentDynamoDb.UnitTests.Requests.ScopedClientIntegrationTests.ServiceLayerPattern_GetOperation_ShouldUseScopedClient [5 ms]
  Passed Oproto.FluentDynamoDb.UnitTests.Requests.DeleteItemRequestBuilderTests.ToDeleteItemRequestSuccess [< 1 ms]
  Passed Oproto.FluentDynamoDb.UnitTests.Requests.DeleteItemRequestBuilderTests.ReturnConsumedCapacityNoneSuccess [< 1 ms]
  Passed Oproto.FluentDynamoDb.UnitTests.Requests.Extensions.WithUpdateExpressionExtensionsTests.Set_WithNoPlaceholders_ReturnsExpressionUnchanged [1 ms]
  Passed Oproto.FluentDynamoDb.UnitTests.Requests.UpdateItemRequestBuilderTests.UsingExpressionAttributeNamesSuccess [< 1 ms]
  Passed Oproto.FluentDynamoDb.UnitTests.Requests.UpdateItemRequestBuilderTests.ReturnUpdatedNewValuesSuccess [< 1 ms]
  Passed Oproto.FluentDynamoDb.UnitTests.Requests.UpdateItemRequestBuilderTests.ReturnAllOldValuesSuccess [< 1 ms]
  Passed Oproto.FluentDynamoDb.UnitTests.Requests.UpdateItemRequestBuilderTests.ReturnNoValuesOnConditionCheckFailureSuccess [< 1 ms]
  Passed Oproto.FluentDynamoDb.UnitTests.Requests.Extensions.WithConditionExpressionExtensionsTests.Where_FormatString_FalseValue_ShouldCreateFalseAttributeValue [10 ms]
  Passed Oproto.FluentDynamoDb.UnitTests.Utility.AttributeValueConverterSetTests.FromNumberSetLong_EmptyNumberSet_ShouldReturnNull [1 ms]
  Passed Oproto.FluentDynamoDb.UnitTests.Requests.UpdateItemRequestBuilderTests.WithKeyPkSkStringValueSuccess [< 1 ms]
  Passed Oproto.FluentDynamoDb.UnitTests.Requests.DeleteItemRequestBuilderTests.WithValueBooleanSuccess [1 ms]
  Passed Oproto.FluentDynamoDb.UnitTests.Requests.UpdateItemRequestBuilderTests.UsingExpressionAttributeNamesUsingLambdaSuccess [< 1 ms]
  Passed Oproto.FluentDynamoDb.UnitTests.Utility.AttributeValueConverterSetTests.ToNumberSet_LongHashSet_NonEmpty_ShouldReturnNumberSetAttributeValue [< 1 ms]
  Passed Oproto.FluentDynamoDb.UnitTests.Requests.DeleteItemRequestBuilderTests.WithKeyCompositeKeyAttributeValueWithNullSortKeySuccess [< 1 ms]
  Passed Oproto.FluentDynamoDb.UnitTests.Requests.DeleteItemRequestBuilderTests.WithValueDecimalSuccess [< 1 ms]
  Passed Oproto.FluentDynamoDb.UnitTests.Requests.UpdateItemRequestBuilderTests.SetSuccess [< 1 ms]
  Passed Oproto.FluentDynamoDb.UnitTests.Requests.UpdateItemRequestBuilderTests.UsingExpressionAttributeValuesLambdaSuccess [< 1 ms]
  Passed Oproto.FluentDynamoDb.UnitTests.Requests.Extensions.WithFilterExpressionExtensionsTests.WithFilter_WithNumericFormatting_FormatsCorrectly [9 ms]
  Passed Oproto.FluentDynamoDb.UnitTests.Requests.ScopedClientIntegrationTests.ServiceLayerPattern_UpdateOperation_ShouldUseScopedClient [3 ms]
  Passed Oproto.FluentDynamoDb.UnitTests.Pagination.PaginationRequestTests.PaginationRequest_Constructor_Succcess [< 1 ms]
  Passed Oproto.FluentDynamoDb.UnitTests.Storage.ScannableDynamoDbTableTests.AsScannable_PreservesTableProperties [< 1 ms]
  Passed Oproto.FluentDynamoDb.UnitTests.Storage.ScannableDynamoDbTableTests.ScannableTable_Scan_ReturnsNewInstanceEachTime [< 1 ms]
  Passed Oproto.FluentDynamoDb.UnitTests.Storage.ScannableDynamoDbTableTests.ScannableTable_MultipleScannableInstances_AreIndependent [< 1 ms]
  Passed Oproto.FluentDynamoDb.UnitTests.Storage.ScannableDynamoDbTableTests.AsScannable_ReturnsScannableInterface [< 1 ms]
  Passed Oproto.FluentDynamoDb.UnitTests.Storage.ScannableDynamoDbTableTests.ScannableTable_ScanWithComplexConfiguration [< 1 ms]
  Passed Oproto.FluentDynamoDb.UnitTests.Requests.Extensions.WithUpdateExpressionExtensionsTests.Set_WithNullValue_HandlesCorrectly [4 ms]
  Passed Oproto.FluentDynamoDb.UnitTests.Storage.ScannableDynamoDbTableTests.ScannableTable_CoreOperations_ReturnNewInstancesEachTime [< 1 ms]
  Passed Oproto.FluentDynamoDb.UnitTests.Storage.ScannableDynamoDbTableTests.ScannableTable_PassesThroughAllCoreOperations [< 1 ms]
  Passed Oproto.FluentDynamoDb.UnitTests.Storage.ScannableDynamoDbTableTests.AsScannable_UnderlyingTable_ReturnsOriginalTable [< 1 ms]
  Passed Oproto.FluentDynamoDb.UnitTests.Storage.ScannableDynamoDbTableTests.ScannableTable_ImplementsIntentionalFriction [< 1 ms]
  Passed Oproto.FluentDynamoDb.UnitTests.Storage.ScannableDynamoDbTableTests.ScannableTable_Scan_ReturnsConfiguredScanBuilder [< 1 ms]
  Passed Oproto.FluentDynamoDb.UnitTests.Storage.ScannableDynamoDbTableTests.RegularTable_DoesNotExposeScanDirectly [< 1 ms]
  Passed Oproto.FluentDynamoDb.UnitTests.Requests.Extensions.WithUpdateExpressionExtensionsTests.Set_WithEmptyFormat_ThrowsArgumentException [< 1 ms]
  Passed Oproto.FluentDynamoDb.UnitTests.Requests.Extensions.WithFilterExpressionExtensionsTests.WithFilter_WithFormatString_ProcessesParametersCorrectly [3 ms]
  Passed Oproto.FluentDynamoDb.UnitTests.Storage.ScannableDynamoDbTableTests.ScannableTable_AllowsAccessToCustomTableProperties [< 1 ms]
  Passed Oproto.FluentDynamoDb.UnitTests.Requests.ScopedClientIntegrationTests.ServiceLayerPattern_DeleteOperation_ShouldUseScopedClient [3 ms]
  Passed Oproto.FluentDynamoDb.UnitTests.Requests.TransactPutBuilderTests.UsingExpressionAttributeNamesUsingLambdaSuccess [< 1 ms]
  Passed Oproto.FluentDynamoDb.UnitTests.Requests.Extensions.WithConditionExpressionExtensionsTests.Where_FormatString_DateTime_ISOFormat_ShouldUseISOFormat [6 ms]
  Passed Oproto.FluentDynamoDb.UnitTests.Requests.TransactPutBuilderTests.UsingExpressionAttributeValuesSuccess [< 1 ms]
  Passed Oproto.FluentDynamoDb.UnitTests.Requests.FluentBuilderCompatibilityTests.Builders_WithInvalidFormatStrings_ShouldThrowAppropriateExceptions [91 ms]
  Passed Oproto.FluentDynamoDb.UnitTests.Requests.TransactPutBuilderTests.UsingExpressionAttributeStringValueSuccess [< 1 ms]
  Passed Oproto.FluentDynamoDb.UnitTests.Requests.TransactPutBuilderTests.WithItemLambdaSuccess [< 1 ms]
  Passed Oproto.FluentDynamoDb.UnitTests.Requests.TransactPutBuilderTests.UsingExpressionAttributeNamesSuccess [< 1 ms]
  Passed Oproto.FluentDynamoDb.UnitTests.Integration.AdvancedTypesIntegrationTests.ListProperty_WithNumbers_PreservesData [101 ms]
  Passed Oproto.FluentDynamoDb.UnitTests.Integration.AdvancedTypesIntegrationTests.ListProperty_WithNullList_IsOmitted [< 1 ms]
  Passed Oproto.FluentDynamoDb.UnitTests.Requests.TransactPutBuilderTests.ReturnOldValuesOnConditionCheckFailureSuccess [< 1 ms]
  Passed Oproto.FluentDynamoDb.UnitTests.Requests.TransactPutBuilderTests.UsingExpressionAttributeValuesLambdaSuccess [< 1 ms]
  Passed Oproto.FluentDynamoDb.UnitTests.Requests.TransactPutBuilderTests.ReturnNoValuesOnConditionCheckFailureSuccess [< 1 ms]
  Passed Oproto.FluentDynamoDb.UnitTests.Requests.TransactPutBuilderTests.UsingExpressionAttributeNameSuccess [< 1 ms]
  Passed Oproto.FluentDynamoDb.UnitTests.Requests.TransactPutBuilderTests.WhereSuccess [< 1 ms]
  Passed Oproto.FluentDynamoDb.UnitTests.Requests.Extensions.WithFilterExpressionExtensionsTests.WithFilter_WithDateTimeFormatting_FormatsCorrectly [4 ms]
  Passed Oproto.FluentDynamoDb.UnitTests.Requests.TransactPutBuilderTests.ForTableSuccess [< 1 ms]
  Passed Oproto.FluentDynamoDb.UnitTests.Requests.TransactPutBuilderTests.WithItemSuccess [< 1 ms]
  Passed Oproto.FluentDynamoDb.UnitTests.Requests.TransactPutBuilderTests.UsingExpressionAttributeBooleanValueSuccess [< 1 ms]
  Passed Oproto.FluentDynamoDb.UnitTests.Requests.Extensions.WithFilterExpressionExtensionsTests.WithFilter_WithEmptyFormat_ThrowsArgumentException [< 1 ms]
  Passed Oproto.FluentDynamoDb.UnitTests.Requests.FluentBuilderCompatibilityTests.UpdateItemRequestBuilder_WithMixedParameterStyles_ShouldWorkCorrectly [3 ms]
  Passed Oproto.FluentDynamoDb.UnitTests.Requests.Extensions.WithConditionExpressionExtensionsTests.Where_FormatString_EnumValue_ShouldCreateStringAttributeValue [3 ms]
  Passed Oproto.FluentDynamoDb.UnitTests.Requests.FluentBuilderCompatibilityTests.AllBuilders_ExistingUsagePatterns_ShouldRemainUnchanged [1 ms]
  Passed Oproto.FluentDynamoDb.UnitTests.Requests.UpdateItemRequestBuilderTests.ReturnOldValuesOnConditionCheckFailureSuccess [5 ms]
  Passed Oproto.FluentDynamoDb.UnitTests.Integration.AdvancedTypesIntegrationTests.TtlProperty_WithNull_IsOmitted [5 ms]
  Passed Oproto.FluentDynamoDb.UnitTests.Requests.ScopedClientIntegrationTests.ServiceLayerPattern_QueryOperation_ShouldUseScopedClient [8 ms]
  Passed Oproto.FluentDynamoDb.UnitTests.Requests.GetItemRequestBuilderTests.ForTableSuccess [< 1 ms]
  Passed Oproto.FluentDynamoDb.UnitTests.Utility.AttributeValueConverterSetTests.ToStringSet_NonEmptyHashSet_ShouldReturnStringSetAttributeValue [13 ms]
  Passed Oproto.FluentDynamoDb.UnitTests.Requests.ScopedClientIntegrationTests.ServiceLayerPattern_ChainedOperations_ShouldPreserveClientThroughChain [< 1 ms]
  Passed Oproto.FluentDynamoDb.UnitTests.Requests.BuilderExtensionMethodsIntegrationTests.PutItemBuilder_WithComplexFormatExpressions_ShouldHandleAdvancedConditions [3 ms]
  Passed Oproto.FluentDynamoDb.UnitTests.Requests.GetItemRequestBuilderTests.UsingExpressionAttributeNamesSuccess [< 1 ms]
  Passed Oproto.FluentDynamoDb.UnitTests.Requests.GetItemRequestBuilderTests.WithKeyPkSkAttributeValueSuccess [< 1 ms]
  Passed Oproto.FluentDynamoDb.UnitTests.Requests.GetItemRequestBuilderTests.UsingExpressionAttributeNamesUsingLambdaSuccess [< 1 ms]
  Passed Oproto.FluentDynamoDb.UnitTests.Requests.GetItemRequestBuilderTests.ProjectionExpressionSuccess [< 1 ms]
  Passed Oproto.FluentDynamoDb.UnitTests.Requests.FluentBuilderCompatibilityTests.Builders_WithVariousDataTypes_ShouldFormatCorrectly [3 ms]
  Passed Oproto.FluentDynamoDb.UnitTests.Requests.GetItemRequestBuilderTests.ReturnConsumedCapacitySuccess [< 1 ms]
  Passed Oproto.FluentDynamoDb.UnitTests.Requests.GetItemRequestBuilderTests.UsingExpressionAttributeNameSuccess [< 1 ms]
  Passed Oproto.FluentDynamoDb.UnitTests.Requests.GetItemRequestBuilderTests.WithKeyPkSkStringValueSuccess [< 1 ms]
  Passed Oproto.FluentDynamoDb.UnitTests.Requests.ScopedClientIntegrationTests.ServiceLayerPattern_ScanOperation_ShouldUseScopedClient [5 ms]
  Passed Oproto.FluentDynamoDb.UnitTests.Requests.Extensions.WithConditionExpressionExtensionsTests.Where_FormatString_BooleanValue_ShouldCreateBooleanAttributeValue [7 ms]
  Passed Oproto.FluentDynamoDb.UnitTests.Requests.ComprehensiveBuilderIntegrationTests.AllBuilders_ExistingUsagePatterns_ShouldRemainUnchanged [< 1 ms]
  Passed Oproto.FluentDynamoDb.UnitTests.Requests.Extensions.WithFilterExpressionExtensionsTests.WithFilter_WithMismatchedParameterCount_ThrowsArgumentException [10 ms]
  Passed Oproto.FluentDynamoDb.UnitTests.Requests.GetItemRequestBuilderTests.ReturnTotalConsumedCapacitySuccess [5 ms]
  Passed Oproto.FluentDynamoDb.UnitTests.Requests.GetItemRequestBuilderTests.WithKeyPkStringValueSuccess [< 1 ms]
  Passed Oproto.FluentDynamoDb.UnitTests.Requests.GetItemRequestBuilderTests.UsingConsistentReadSuccess [< 1 ms]
  Passed Oproto.FluentDynamoDb.UnitTests.Utility.AttributeValueConverterSetTests.ToBinarySet_NonEmptyHashSet_ShouldReturnBinarySetAttributeValue [< 1 ms]
  Passed Oproto.FluentDynamoDb.UnitTests.Requests.Extensions.WithAttributeValuesExtensionsTests.WithValue_StringDictionary_ShouldAddMapValue [< 1 ms]
  Passed Oproto.FluentDynamoDb.UnitTests.Requests.Extensions.WithAttributeValuesExtensionsTests.WithValue_String_Null_ConditionalUseFalse_ShouldNotAddValue [< 1 ms]
  Passed Oproto.FluentDynamoDb.UnitTests.Requests.Extensions.WithAttributeValuesExtensionsTests.WithValue_Boolean_Null_ConditionalUseFalse_ShouldNotAddValue [< 1 ms]
  Passed Oproto.FluentDynamoDb.UnitTests.Requests.BuilderExtensionMethodsIntegrationTests.UpdateItemBuilder_WithMixedParameterStyles_ShouldWorkCorrectly [8 ms]
  Passed Oproto.FluentDynamoDb.UnitTests.Requests.Extensions.WithAttributeValuesExtensionsTests.WithValues_Dictionary_ShouldAddAllValues [< 1 ms]
  Passed Oproto.FluentDynamoDb.UnitTests.Requests.BuilderExtensionMethodsIntegrationTests.AllBuilders_MethodChaining_ShouldReturnCorrectTypes [< 1 ms]
  Passed Oproto.FluentDynamoDb.UnitTests.Requests.ComprehensiveBuilderIntegrationTests.UpdateItemBuilder_WithMixedParameterStyles_ShouldWorkCorrectly [3 ms]
  Passed Oproto.FluentDynamoDb.UnitTests.Requests.Extensions.WithAttributeValuesExtensionsTests.WithValues_Action_ShouldConfigureValues [< 1 ms]
  Passed Oproto.FluentDynamoDb.UnitTests.Requests.FluentBuilderCompatibilityTests.QueryRequestBuilder_WithMixedParameterStyles_ShouldWorkCorrectly [8 ms]
  Passed Oproto.FluentDynamoDb.UnitTests.Requests.BuilderExtensionMethodsIntegrationTests.TransactionBuilders_WithBasicOperations_ShouldWorkCorrectly [< 1 ms]
  Passed Oproto.FluentDynamoDb.UnitTests.Integration.AdvancedTypesIntegrationTests.ListProperty_SaveAndLoad_PreservesData [10 ms]
  Passed Oproto.FluentDynamoDb.UnitTests.Requests.Extensions.WithAttributeValuesExtensionsTests.WithValue_AttributeValueDictionary_ShouldAddMapValue [< 1 ms]
  Passed Oproto.FluentDynamoDb.UnitTests.Requests.Extensions.WithAttributeValuesExtensionsTests.WithValue_Boolean_True_ShouldAddBooleanValue [< 1 ms]
  Passed Oproto.FluentDynamoDb.UnitTests.Requests.FluentBuilderCompatibilityTests.AllBuilders_MethodChaining_ShouldReturnCorrectTypes [< 1 ms]
  Passed Oproto.FluentDynamoDb.UnitTests.Requests.Extensions.WithAttributeValuesExtensionsTests.WithValue_Boolean_False_ShouldAddBooleanValue [< 1 ms]
  Passed Oproto.FluentDynamoDb.UnitTests.Integration.AdvancedTypesIntegrationTests.TtlProperty_DateTime_SaveAndLoad_PreservesValue [< 1 ms]
  Passed Oproto.FluentDynamoDb.UnitTests.Requests.Extensions.WithAttributeValuesExtensionsTests.WithValue_Decimal_ShouldAddNumericValue [< 1 ms]
  Passed Oproto.FluentDynamoDb.UnitTests.Integration.AdvancedTypesIntegrationTests.TtlProperty_DateTimeOffset_SaveAndLoad_PreservesValue [< 1 ms]
  Passed Oproto.FluentDynamoDb.UnitTests.Requests.Extensions.WithAttributeValuesExtensionsTests.WithValue_Boolean_Null_ConditionalUseTrue_ShouldAddBooleanValue [< 1 ms]
  Passed Oproto.FluentDynamoDb.UnitTests.Requests.Extensions.WithAttributeValuesExtensionsTests.WithValue_String_Null_ConditionalUseTrue_ShouldNotAddValue [< 1 ms]
  Passed Oproto.FluentDynamoDb.UnitTests.Requests.Extensions.WithFilterExpressionExtensionsTests.WithFilter_WithNegativeParameterIndex_ShouldThrowFormatException [4 ms]
  Passed Oproto.FluentDynamoDb.UnitTests.Requests.Extensions.WithAttributeValuesExtensionsTests.WithValue_String_ShouldAddStringValue [< 1 ms]
  Passed Oproto.FluentDynamoDb.UnitTests.Requests.Extensions.WithAttributeValuesExtensionsTests.WithValue_AttributeValueDictionary_Null_ConditionalUseFalse_ShouldNotAddValue [< 1 ms]
  Passed Oproto.FluentDynamoDb.UnitTests.Integration.AdvancedTypesIntegrationTests.SetProperty_StringSet_SaveAndLoad_PreservesData [< 1 ms]
  Passed Oproto.FluentDynamoDb.UnitTests.Requests.Extensions.WithFilterExpressionExtensionsTests.WithFilter_WithNullFormat_ThrowsArgumentException [< 1 ms]
  Passed Oproto.FluentDynamoDb.UnitTests.Utility.AttributeValueConverterSetTests.ToNumberSet_IntHashSet_Empty_ShouldReturnNull [2 ms]
  Passed Oproto.FluentDynamoDb.UnitTests.Requests.AttributeValueInternalTests.WithValue_HashSetByteArray_Empty_ShouldNotAddValue [< 1 ms]
  Passed Oproto.FluentDynamoDb.UnitTests.Requests.Extensions.WithAttributeValuesExtensionsTests.WithValue_StringDictionary_Null_ConditionalUseFalse_ShouldNotAddValue [< 1 ms]
  Passed Oproto.FluentDynamoDb.UnitTests.Requests.Extensions.WithAttributeValuesExtensionsTests.WithValue_Decimal_Null_ConditionalUseFalse_ShouldNotAddValue [< 1 ms]
  Passed Oproto.FluentDynamoDb.UnitTests.Requests.Extensions.WithAttributeValuesExtensionsTests.WithValue_Decimal_Null_ConditionalUseTrue_ShouldAddNumericValue [< 1 ms]
  Passed Oproto.FluentDynamoDb.UnitTests.Requests.BuilderExtensionMethodsIntegrationTests.AllBuilders_WithNullValues_ShouldHandleGracefully [3 ms]
  Passed Oproto.FluentDynamoDb.UnitTests.Requests.ComprehensiveBuilderIntegrationTests.QueryBuilder_WithComplexFormatExpressions_ShouldHandleMultipleFormats [4 ms]
  Passed Oproto.FluentDynamoDb.UnitTests.Requests.ComprehensiveBuilderIntegrationTests.ScanBuilder_WithComplexFormatExpressions_ShouldHandleNestedConditions [< 1 ms]
  Passed Oproto.FluentDynamoDb.UnitTests.Requests.FluentBuilderCompatibilityTests.Builders_WithNullValues_ShouldHandleGracefully [4 ms]
  Passed Oproto.FluentDynamoDb.UnitTests.Requests.Extensions.WithConditionExpressionExtensionsTests.Where_FormatString_MultipleParameters_ShouldReplaceAllWithGeneratedParameters [8 ms]
  Passed Oproto.FluentDynamoDb.UnitTests.Requests.FluentBuilderCompatibilityTests.BatchBuilders_WithBasicOperations_ShouldWorkCorrectly [< 1 ms]
  Passed Oproto.FluentDynamoDb.UnitTests.Requests.TransactConditionCheckBuilderTests.UsingExpressionAttributeStringValueSuccess [2 ms]
  Passed Oproto.FluentDynamoDb.UnitTests.Requests.TransactConditionCheckBuilderTests.ReturnNoValuesOnConditionCheckFailureSuccess [< 1 ms]
  Passed Oproto.FluentDynamoDb.UnitTests.Requests.FluentBuilderCompatibilityTests.ScanRequestBuilder_WithExtensionMethods_ShouldWorkCorrectly [< 1 ms]
  Passed Oproto.FluentDynamoDb.UnitTests.Requests.TransactConditionCheckBuilderTests.WithKeyPkSkAttributeValueSuccess [< 1 ms]
  Passed Oproto.FluentDynamoDb.UnitTests.Requests.FluentBuilderCompatibilityTests.PutItemRequestBuilder_WithExtensionMethods_ShouldWorkCorrectly [< 1 ms]
  Passed Oproto.FluentDynamoDb.UnitTests.Requests.BuilderExtensionMethodsIntegrationTests.PutItemBuilder_WithMixedParameterStyles_ShouldWorkCorrectly [3 ms]
  Passed Oproto.FluentDynamoDb.UnitTests.Requests.FluentBuilderCompatibilityTests.UpdateItemRequestBuilder_WithExtensionMethods_ShouldWorkCorrectly [< 1 ms]
  Passed Oproto.FluentDynamoDb.UnitTests.Requests.ComprehensiveBuilderIntegrationTests.PutItemBuilder_WithMixedParameterStyles_ShouldWorkCorrectly [3 ms]
  Passed Oproto.FluentDynamoDb.UnitTests.Requests.ComprehensiveBuilderIntegrationTests.AllBuilders_MethodChaining_ShouldReturnCorrectBuilderTypes [< 1 ms]
  Passed Oproto.FluentDynamoDb.UnitTests.Requests.FluentBuilderCompatibilityTests.GetItemRequestBuilder_WithExtensionMethods_ShouldWorkCorrectly [1 ms]
  Passed Oproto.FluentDynamoDb.UnitTests.Requests.Extensions.WithConditionExpressionExtensionsTests.Where_FormatString_UnmatchedCloseBrace_ShouldThrowFormatException [4 ms]
  Passed Oproto.FluentDynamoDb.UnitTests.Requests.TransactConditionCheckBuilderTests.WhereSuccess [4 ms]
  Passed Oproto.FluentDynamoDb.BlobStorage.S3.UnitTests.S3BlobProviderTests.StoreAsync_WithNullData_ThrowsArgumentNullException [60 ms]
  Passed Oproto.FluentDynamoDb.BlobStorage.S3.UnitTests.S3BlobProviderTests.DeleteAsync_WithEmptyKey_ThrowsArgumentNullException [36 ms]
  Passed Oproto.FluentDynamoDb.BlobStorage.S3.UnitTests.S3BlobProviderTests.StoreAsync_WithSuggestedKey_StoresDataAndReturnsKey [59 ms]
  Passed Oproto.FluentDynamoDb.BlobStorage.S3.UnitTests.S3BlobProviderTests.ExistsAsync_WithEmptyKey_ThrowsArgumentNullException [5 ms]
  Passed Oproto.FluentDynamoDb.BlobStorage.S3.UnitTests.S3BlobProviderTests.StoreAsync_WithoutSuggestedKey_GeneratesUniqueKey [59 ms]
  Passed Oproto.FluentDynamoDb.BlobStorage.S3.UnitTests.S3BlobProviderTests.StoreAsync_WithKeyPrefix_PrependsPrefix [1 ms]
  Passed Oproto.FluentDynamoDb.BlobStorage.S3.UnitTests.S3BlobProviderTests.DeleteAsync_WithValidKey_DeletesBlob [1 ms]
  Passed Oproto.FluentDynamoDb.BlobStorage.S3.UnitTests.S3BlobProviderTests.StoreAsync_WhenS3Fails_ThrowsInvalidOperationException [13 ms]
  Passed Oproto.FluentDynamoDb.BlobStorage.S3.UnitTests.S3BlobProviderTests.RetrieveAsync_WithEmptyKey_ThrowsArgumentNullException [1 ms]
  Passed Oproto.FluentDynamoDb.BlobStorage.S3.UnitTests.S3BlobProviderTests.RetrieveAsync_WithMissingBlob_ThrowsKeyNotFoundException [4 ms]
  Passed Oproto.FluentDynamoDb.BlobStorage.S3.UnitTests.S3BlobProviderTests.ExistsAsync_WithExistingBlob_ReturnsTrue [1 ms]
  Passed Oproto.FluentDynamoDb.BlobStorage.S3.UnitTests.S3BlobProviderTests.StoreAsync_RespectsBucketNameConfiguration [< 1 ms]
  Passed Oproto.FluentDynamoDb.BlobStorage.S3.UnitTests.S3BlobProviderTests.DeleteAsync_WithNullKey_ThrowsArgumentNullException [3 ms]
  Passed Oproto.FluentDynamoDb.BlobStorage.S3.UnitTests.S3BlobProviderTests.StoreAsync_WithKeyPrefixTrailingSlash_HandlesCorrectly [1 ms]
  Passed Oproto.FluentDynamoDb.BlobStorage.S3.UnitTests.S3BlobProviderTests.RetrieveAsync_WithValidKey_RetrievesData [1 ms]
  Passed Oproto.FluentDynamoDb.BlobStorage.S3.UnitTests.S3BlobProviderTests.ExistsAsync_WithMissingBlob_ReturnsFalse [< 1 ms]
  Passed Oproto.FluentDynamoDb.BlobStorage.S3.UnitTests.S3BlobProviderTests.DeleteAsync_WhenS3Fails_ThrowsInvalidOperationException [1 ms]
  Passed Oproto.FluentDynamoDb.BlobStorage.S3.UnitTests.S3BlobProviderTests.RetrieveAsync_WithNullKey_ThrowsArgumentNullException [< 1 ms]
[xUnit.net 00:00:00.62]   Finished:    Oproto.FluentDynamoDb.BlobStorage.S3.UnitTests
  Passed Oproto.FluentDynamoDb.UnitTests.Requests.TransactConditionCheckBuilderTests.ReturnOldValuesOnConditionCheckFailureSuccess [< 1 ms]
  Passed Oproto.FluentDynamoDb.UnitTests.Integration.AdvancedTypesIntegrationTests.ListProperty_WithEmptyList_IsOmitted [2 ms]
  Passed Oproto.FluentDynamoDb.UnitTests.Requests.FluentBuilderCompatibilityTests.DeleteItemRequestBuilder_WithMixedParameterStyles_ShouldWorkCorrectly [3 ms]
  Passed Oproto.FluentDynamoDb.UnitTests.Requests.TransactConditionCheckBuilderTests.UsingExpressionAttributeNameSuccess [< 1 ms]
  Passed Oproto.FluentDynamoDb.UnitTests.Requests.TransactConditionCheckBuilderTests.UsingExpressionAttributeValuesSuccess [< 1 ms]
  Passed Oproto.FluentDynamoDb.UnitTests.Requests.TransactConditionCheckBuilderTests.UsingExpressionAttributeNamesUsingLambdaSuccess [< 1 ms]
  Passed Oproto.FluentDynamoDb.UnitTests.Requests.ComprehensiveBuilderIntegrationTests.AllBuilders_WithNullValues_ShouldHandleGracefully [5 ms]
  Passed Oproto.FluentDynamoDb.UnitTests.Requests.TransactConditionCheckBuilderTests.ConstructorSuccess [< 1 ms]
  Passed Oproto.FluentDynamoDb.UnitTests.Requests.AttributeValueInternalTests.AddFormattedValue_InvalidFormatSpecifier_ShouldThrowFormatException [11 ms]
  Passed Oproto.FluentDynamoDb.UnitTests.Requests.Extensions.WithConditionExpressionExtensionsTests.Where_FormatString_IntegerValue_ShouldCreateNumericAttributeValue [3 ms]
  Passed Oproto.FluentDynamoDb.UnitTests.Requests.TransactConditionCheckBuilderTests.UsingExpressionAttributeValuesLambdaSuccess [< 1 ms]
  Passed Oproto.FluentDynamoDb.UnitTests.Requests.AttributeValueInternalTests.WithValue_HashSetString_Null_ShouldNotAddValue [1 ms]
  Passed Oproto.FluentDynamoDb.UnitTests.Requests.TransactConditionCheckBuilderTests.UsingExpressionAttributeBooleanValueSuccess [< 1 ms]
  Passed Oproto.FluentDynamoDb.UnitTests.Requests.AttributeValueInternalTests.AddFormattedValue_Boolean_ShouldReturnParameterNameAndAddBooleanValue [< 1 ms]
  Passed Oproto.FluentDynamoDb.UnitTests.Requests.TransactConditionCheckBuilderTests.UsingExpressionAttributeNamesSuccess [< 1 ms]
  Passed Oproto.FluentDynamoDb.UnitTests.Requests.AttributeValueInternalTests.WithValue_HashSetInt_Empty_ShouldNotAddValue [1 ms]
  Passed Oproto.FluentDynamoDb.UnitTests.Requests.TransactConditionCheckBuilderTests.WithKeyPkSkStringValueSuccess [< 1 ms]
  Passed Oproto.FluentDynamoDb.UnitTests.Requests.AttributeValueInternalTests.AddFormattedValue_Guid_NFormat_ShouldFormatWithoutHyphens [< 1 ms]
  Passed Oproto.FluentDynamoDb.UnitTests.Integration.AdvancedTypesIntegrationTests.SetProperty_NumberSet_SaveAndLoad_PreservesData [3 ms]
  Passed Oproto.FluentDynamoDb.UnitTests.Utility.AttributeValueConverterSetTests.ToNumberSet_FromNumberSetInt_RoundTrip_ShouldPreserveData [14 ms]
  Passed Oproto.FluentDynamoDb.UnitTests.Integration.AdvancedTypesIntegrationTests.MapProperty_WithMissingAttribute_ReturnsNull [< 1 ms]
  Passed Oproto.FluentDynamoDb.UnitTests.Requests.TransactConditionCheckBuilderTests.WithKeyPkStringValueSuccess [< 1 ms]
  Passed Oproto.FluentDynamoDb.UnitTests.Integration.AdvancedTypesIntegrationTests.SetProperty_WithEmptySet_IsOmitted [< 1 ms]
  Passed Oproto.FluentDynamoDb.UnitTests.Utility.AttributeValueConverterSetTests.FromNumberSetDecimal_EmptyNumberSet_ShouldReturnNull [< 1 ms]
  Passed Oproto.FluentDynamoDb.UnitTests.Integration.AdvancedTypesIntegrationTests.MapProperty_SaveAndLoad_PreservesData [< 1 ms]
  Passed Oproto.FluentDynamoDb.UnitTests.Integration.AdvancedTypesIntegrationTests.MapProperty_WithNullDictionary_IsOmitted [< 1 ms]
  Passed Oproto.FluentDynamoDb.UnitTests.Requests.AttributeValueInternalTests.AddFormattedValue_Double_ShouldReturnParameterNameAndAddNumericValue [< 1 ms]
  Passed Oproto.FluentDynamoDb.UnitTests.Integration.AdvancedTypesIntegrationTests.SetProperty_WithNullSet_IsOmitted [< 1 ms]
  Passed Oproto.FluentDynamoDb.UnitTests.Integration.AdvancedTypesIntegrationTests.TtlProperty_UnixEpochStoredCorrectly [< 1 ms]
  Passed Oproto.FluentDynamoDb.UnitTests.Integration.AdvancedTypesIntegrationTests.MapProperty_WithAttributeValueDictionary_PreservesData [< 1 ms]
  Passed Oproto.FluentDynamoDb.UnitTests.Requests.AttributeValueInternalTests.WithValues_Action_ShouldConfigureValues [1 ms]
  Passed Oproto.FluentDynamoDb.UnitTests.Requests.AttributeValueInternalTests.AddFormattedValue_Double_ExponentialFormat_ShouldFormatAsExponential [1 ms]
  Passed Oproto.FluentDynamoDb.UnitTests.Requests.Extensions.WithUpdateExpressionExtensionsTests.Set_WithMultipleOperations_ProcessesAllParameters [39 ms]
  Passed Oproto.FluentDynamoDb.UnitTests.Streams.DynamoDbStreamRecordProcessorTests.OnPatternMatchPrimaryKeySortKeyRegexFail [84 ms]
  Passed Oproto.FluentDynamoDb.UnitTests.Requests.ComprehensiveBuilderIntegrationTests.QueryBuilder_WithAdvancedFeatures_ShouldIntegrateCorrectly [7 ms]
  Passed Oproto.FluentDynamoDb.UnitTests.Requests.Extensions.WithConditionExpressionExtensionsTests.Where_FormatString_InvalidParameterIndex_ShouldThrowFormatException [7 ms]
  Passed Oproto.FluentDynamoDb.UnitTests.Requests.AttributeValueInternalTests.AddFormattedValue_DateTime_ISOFormat_ShouldUseISOFormat [< 1 ms]
  Passed Oproto.FluentDynamoDb.UnitTests.Requests.AttributeValueInternalTests.AddFormattedValue_DateTimeOffset_ShouldFormatCorrectly [< 1 ms]
  Passed Oproto.FluentDynamoDb.UnitTests.Requests.AttributeValueInternalTests.WithValue_ListString_Empty_ShouldNotAddValue [< 1 ms]
  Passed Oproto.FluentDynamoDb.UnitTests.Requests.ComprehensiveBuilderIntegrationTests.ScanBuilder_WithAdvancedFeatures_ShouldIntegrateCorrectly [< 1 ms]
  Passed Oproto.FluentDynamoDb.UnitTests.Requests.AttributeValueInternalTests.WithValue_ListLong_Empty_ShouldNotAddValue [< 1 ms]
  Passed Oproto.FluentDynamoDb.UnitTests.Requests.AttributeValueInternalTests.WithValue_Decimal_Null_ConditionalUseTrue_ShouldAddEmptyNumericValue [< 1 ms]
  Passed Oproto.FluentDynamoDb.UnitTests.Requests.Extensions.WithConditionExpressionExtensionsTests.Where_FormatString_UnmatchedOpenBrace_ShouldThrowFormatException [1 ms]
  Passed Oproto.FluentDynamoDb.UnitTests.Requests.AttributeValueInternalTests.AddFormattedValue_String_ShouldReturnParameterNameAndAddStringValue [< 1 ms]
  Passed Oproto.FluentDynamoDb.UnitTests.Requests.CoreIntegrationTests.PutItemBuilder_WithFormatStringCondition_ShouldGenerateCorrectRequest [5 ms]
  Passed Oproto.FluentDynamoDb.UnitTests.Requests.BuilderExtensionMethodsIntegrationTests.AllBuilders_WithInvalidFormatStrings_ShouldThrowAppropriateExceptions [16 ms]
  Passed Oproto.FluentDynamoDb.UnitTests.Requests.AttributeValueInternalTests.WithValue_AttributeValueDictionary_ConditionalUseTrue_ShouldAddMapValue [< 1 ms]
  Passed Oproto.FluentDynamoDb.UnitTests.Requests.AttributeValueInternalTests.WithValue_Boolean_True_ConditionalUseTrue_ShouldAddTrueValue [< 1 ms]
  Passed Oproto.FluentDynamoDb.UnitTests.Requests.AttributeValueInternalTests.WithValue_String_ConditionalUseFalse_ShouldNotAddValue [< 1 ms]
  Passed Oproto.FluentDynamoDb.UnitTests.Requests.AttributeValueInternalTests.WithValues_Dictionary_ShouldAddAllValues [< 1 ms]
  Passed Oproto.FluentDynamoDb.UnitTests.Requests.AttributeValueInternalTests.WithValue_String_Null_ConditionalUseTrue_ShouldNotAddValue [< 1 ms]
  Passed Oproto.FluentDynamoDb.UnitTests.Requests.AttributeValueInternalTests.AddFormattedValue_DateTime_NoFormat_ShouldUseISOFormat [< 1 ms]
  Passed Oproto.FluentDynamoDb.UnitTests.Requests.AttributeValueInternalTests.AddFormattedValue_Integer_HexFormat_ShouldFormatAsHex [< 1 ms]
  Passed Oproto.FluentDynamoDb.UnitTests.Requests.AttributeValueInternalTests.AddFormattedValue_Null_ShouldReturnParameterNameAndAddNullValue [< 1 ms]
  Passed Oproto.FluentDynamoDb.UnitTests.Requests.AttributeValueInternalTests.WithValue_HashSetLong_Empty_ShouldNotAddValue [< 1 ms]
  Passed Oproto.FluentDynamoDb.UnitTests.Requests.AttributeValueInternalTests.WithValue_Decimal_ConditionalUseFalse_ShouldNotAddValue [< 1 ms]
  Passed Oproto.FluentDynamoDb.UnitTests.Requests.AttributeValueInternalTests.AddFormattedValue_Decimal_F2Format_ShouldFormatToTwoDecimalPlaces [< 1 ms]
  Passed Oproto.FluentDynamoDb.UnitTests.Streams.DynamoDbStreamRecordExtensionTests.ProcessReturnsSuccessfully [44 ms]
  Passed Oproto.FluentDynamoDb.UnitTests.Requests.ComprehensiveBuilderIntegrationTests.PutItemBuilder_WithComplexFormatExpressions_ShouldHandleAdvancedConditions [3 ms]
  Passed Oproto.FluentDynamoDb.UnitTests.Requests.Extensions.WithUpdateExpressionExtensionsTests.Set_WithMismatchedParameterCount_ThrowsArgumentException [5 ms]
  Passed Oproto.FluentDynamoDb.UnitTests.Requests.CoreIntegrationTests.Builders_ErrorHandling_ShouldThrowAppropriateExceptions [3 ms]
  Passed Oproto.FluentDynamoDb.UnitTests.Requests.Extensions.WithConditionExpressionExtensionsTests.Where_FormatString_GuidValue_ShouldCreateStringAttributeValue [4 ms]
  Passed Oproto.FluentDynamoDb.UnitTests.Requests.AttributeValueInternalTests.WithValue_Boolean_ConditionalUseFalse_ShouldNotAddValue [3 ms]
  Passed Oproto.FluentDynamoDb.UnitTests.Streams.DynamoDbStreamRecordProcessorTests.OnSortKeyMatchFail [2 ms]
  Passed Oproto.FluentDynamoDb.UnitTests.Utility.AttributeValueConverterSetTests.ToNumberSet_FromNumberSetLong_RoundTrip_ShouldPreserveData [10 ms]
  Passed Oproto.FluentDynamoDb.UnitTests.Requests.AttributeValueInternalTests.WithValue_HashSetString_ConditionalUseTrue_ShouldAddStringSetValue [< 1 ms]
  Passed Oproto.FluentDynamoDb.UnitTests.Utility.AttributeValueConverterSetTests.FromStringSet_AttributeValueWithNullSS_ShouldReturnNull [< 1 ms]
  Passed Oproto.FluentDynamoDb.UnitTests.Utility.AttributeValueConverterSetTests.ToNumberSet_LongHashSet_Null_ShouldReturnNull [< 1 ms]
  Passed Oproto.FluentDynamoDb.UnitTests.Utility.AttributeValueConverterSetTests.ToNumberSet_DecimalHashSet_NonEmpty_ShouldReturnNumberSetAttributeValue [< 1 ms]
  Passed Oproto.FluentDynamoDb.UnitTests.Streams.DynamoDbStreamRecordEventProcessorTests.OnUpdateTestAsync [174 ms]
  Passed Oproto.FluentDynamoDb.UnitTests.Requests.AttributeValueInternalTests.AddFormattedValue_Enum_WithFormat_ShouldThrowFormatException [1 ms]
  Passed Oproto.FluentDynamoDb.UnitTests.Requests.AttributeValueInternalTests.WithValues_EmptyDictionary_ShouldNotAddValues [< 1 ms]
  Passed Oproto.FluentDynamoDb.UnitTests.Requests.AttributeValueInternalTests.AddFormattedValue_Boolean_WithFormat_ShouldThrowFormatException [1 ms]
  Passed Oproto.FluentDynamoDb.UnitTests.Requests.Extensions.WithUpdateExpressionExtensionsTests.Set_WithBooleanValue_ConvertsCorrectly [4 ms]
  Passed Oproto.FluentDynamoDb.UnitTests.Requests.AttributeValueInternalTests.GetParameterGenerator_ShouldReturnParameterGeneratorInstance [< 1 ms]
  Passed Oproto.FluentDynamoDb.UnitTests.Requests.AttributeValueInternalTests.AddFormattedValue_Guid_BFormat_ShouldFormatWithBraces [< 1 ms]
  Passed Oproto.FluentDynamoDb.UnitTests.Requests.Extensions.WithUpdateExpressionExtensionsTests.Set_WithNullArgs_ThrowsArgumentNullException [< 1 ms]
  Passed Oproto.FluentDynamoDb.UnitTests.Requests.AttributeValueInternalTests.AddFormattedValue_Enum_ShouldReturnParameterNameAndAddStringValue [9 ms]
  Passed Oproto.FluentDynamoDb.UnitTests.Requests.ComprehensiveBuilderIntegrationTests.AllBuilders_WithInvalidFormatStrings_ShouldThrowAppropriateExceptions [15 ms]
  Passed Oproto.FluentDynamoDb.UnitTests.Requests.AttributeValueInternalTests.WithValue_HashSetString_Empty_ShouldNotAddValue [< 1 ms]
  Passed Oproto.FluentDynamoDb.UnitTests.Requests.AttributeValueInternalTests.WithValue_AttributeValueDictionary_Empty_ShouldNotAddValue [< 1 ms]
  Passed Oproto.FluentDynamoDb.UnitTests.Requests.AttributeValueInternalTests.GetParameterGenerator_ShouldReturnSameInstanceOnMultipleCalls [< 1 ms]
  Passed Oproto.FluentDynamoDb.UnitTests.Utility.AttributeValueConverterSetTests.ToBinarySet_FromBinarySet_RoundTrip_ShouldPreserveData [12 ms]
  Passed Oproto.FluentDynamoDb.UnitTests.Requests.BuilderExtensionMethodsIntegrationTests.DeleteItemBuilder_WithMixedParameterStyles_ShouldWorkCorrectly [18 ms]
  Passed Oproto.FluentDynamoDb.UnitTests.Streams.DynamoDbStreamRecordProcessorTests.OnPatternPrimaryKeyRegexFail [13 ms]
  Passed Oproto.FluentDynamoDb.UnitTests.Requests.AttributeValueInternalTests.WithValue_AttributeValueDictionary_ConditionalUseFalse_ShouldNotAddValue [< 1 ms]
  Passed Oproto.FluentDynamoDb.UnitTests.Utility.AttributeValueConverterSetTests.ToBinarySet_Null_ShouldReturnNull [< 1 ms]
  Passed Oproto.FluentDynamoDb.UnitTests.Utility.AttributeValueConverterSetTests.ToNumberSet_DecimalHashSet_Empty_ShouldReturnNull [< 1 ms]
  Passed Oproto.FluentDynamoDb.UnitTests.Utility.AttributeValueConverterSetTests.FromNumberSetInt_EmptyNumberSet_ShouldReturnNull [< 1 ms]
  Passed Oproto.FluentDynamoDb.UnitTests.Requests.AttributeValueInternalTests.WithValue_ListInt_Empty_ShouldNotAddValue [< 1 ms]
  Passed Oproto.FluentDynamoDb.UnitTests.Utility.AttributeValueConverterSetTests.ToStringSet_FromStringSet_RoundTrip_ShouldPreserveData [< 1 ms]
  Passed Oproto.FluentDynamoDb.UnitTests.Utility.AttributeValueConverterSetTests.ToBinarySet_EmptyHashSet_ShouldReturnNull [< 1 ms]
  Passed Oproto.FluentDynamoDb.UnitTests.Requests.AttributeValueInternalTests.WithValue_ListString_Null_ShouldNotAddValue [< 1 ms]
  Passed Oproto.FluentDynamoDb.UnitTests.Requests.AttributeValueInternalTests.WithValue_StringDictionary_ConditionalUseFalse_ShouldNotAddValue [< 1 ms]
  Passed Oproto.FluentDynamoDb.UnitTests.Requests.AttributeValueInternalTests.AddFormattedValue_UnsupportedTypeWithFormat_ShouldThrowFormatException [< 1 ms]
  Passed Oproto.FluentDynamoDb.UnitTests.Requests.CoreIntegrationTests.Builders_WithComplexFormatStrings_ShouldHandleMultipleFormats [17 ms]
  Passed Oproto.FluentDynamoDb.UnitTests.Requests.AttributeValueInternalTests.WithValue_HashSetDecimal_Empty_ShouldNotAddValue [< 1 ms]
  Passed Oproto.FluentDynamoDb.UnitTests.Requests.AttributeValueInternalTests.AddFormattedValue_Guid_ShouldReturnParameterNameAndAddStringValue [< 1 ms]
  Passed Oproto.FluentDynamoDb.UnitTests.Requests.AttributeValueInternalTests.AddFormattedValue_Integer_ShouldReturnParameterNameAndAddNumericValue [< 1 ms]
  Passed Oproto.FluentDynamoDb.UnitTests.Requests.AttributeValueInternalTests.WithValue_Decimal_ConditionalUseTrue_ShouldAddNumericValue [< 1 ms]
  Passed Oproto.FluentDynamoDb.UnitTests.Requests.AttributeValueInternalTests.WithValue_Boolean_False_ConditionalUseTrue_ShouldAddFalseValue [< 1 ms]
  Passed Oproto.FluentDynamoDb.UnitTests.Requests.AttributeValueInternalTests.WithValue_Boolean_Null_ConditionalUseTrue_ShouldAddFalseValueWithoutBoolSet [< 1 ms]
  Passed Oproto.FluentDynamoDb.UnitTests.Requests.AttributeValueInternalTests.WithValue_StringDictionary_Empty_ShouldNotAddValue [< 1 ms]
  Passed Oproto.FluentDynamoDb.UnitTests.Requests.Extensions.WithConditionExpressionExtensionsTests.Where_FormatString_Guid_BFormat_ShouldFormatWithBraces [19 ms]
  Passed Oproto.FluentDynamoDb.UnitTests.Utility.AttributeValueConverterSetTests.FromNumberSetLong_ValidNumberSetAttributeValue_ShouldReconstructLongHashSet [4 ms]
  Passed Oproto.FluentDynamoDb.UnitTests.Requests.AttributeValueInternalTests.AddFormattedValue_DateTime_CustomFormat_ShouldUseCustomFormat [2 ms]
  Passed Oproto.FluentDynamoDb.UnitTests.Requests.ComprehensiveBuilderIntegrationTests.DeleteItemBuilder_WithMixedParameterStyles_ShouldWorkCorrectly [5 ms]
  Passed Oproto.FluentDynamoDb.UnitTests.Requests.AttributeValueInternalTests.WithValue_Decimal_Zero_ShouldAddZeroValue [< 1 ms]
  Passed Oproto.FluentDynamoDb.UnitTests.Utility.AttributeValueConverterSetTests.ToNumberSet_DecimalHashSet_HighPrecision_ShouldPreservePrecision [< 1 ms]
  Passed Oproto.FluentDynamoDb.UnitTests.Requests.AttributeValueInternalTests.WithValue_ListDecimal_Empty_ShouldNotAddValue [< 1 ms]
  Passed Oproto.FluentDynamoDb.UnitTests.Requests.AttributeValueInternalTests.WithValue_String_ConditionalUseTrue_ShouldAddValue [< 1 ms]
  Passed Oproto.FluentDynamoDb.UnitTests.Requests.AttributeValueInternalTests.WithValue_StringDictionary_ConditionalUseTrue_ShouldAddMapValue [< 1 ms]
  Passed Oproto.FluentDynamoDb.UnitTests.Requests.AttributeValueInternalTests.AddFormattedValue_MultipleCalls_ShouldIncrementParameterNames [< 1 ms]
  Passed Oproto.FluentDynamoDb.UnitTests.Requests.ComprehensiveBuilderIntegrationTests.AllRequestBuilders_WithExtensionMethods_ShouldWorkCorrectly [< 1 ms]
  Passed Oproto.FluentDynamoDb.UnitTests.Utility.AttributeValueConverterSetTests.ToNumberSet_IntHashSet_NonEmpty_ShouldReturnNumberSetAttributeValue [< 1 ms]
  Passed Oproto.FluentDynamoDb.UnitTests.Requests.AttributeValueInternalTests.AddFormattedValue_Decimal_ShouldReturnParameterNameAndAddNumericValue [< 1 ms]
  Passed Oproto.FluentDynamoDb.UnitTests.Utility.AttributeValueConverterSetTests.FromNumberSetInt_NullAttributeValue_ShouldReturnNull [< 1 ms]
  Passed Oproto.FluentDynamoDb.UnitTests.Utility.AttributeValueConverterSetTests.ToStringSet_EmptyHashSet_ShouldReturnNull [< 1 ms]
  Passed Oproto.FluentDynamoDb.UnitTests.Requests.AttributeValueInternalTests.WithValue_ListString_ConditionalUseTrue_ShouldAddListValue [< 1 ms]
  Passed Oproto.FluentDynamoDb.UnitTests.Requests.AttributeValueInternalTests.WithValue_String_EmptyString_ShouldAddEmptyValue [< 1 ms]
  Passed Oproto.FluentDynamoDb.UnitTests.Utility.AttributeValueConverterSetTests.FromStringSet_NullAttributeValue_ShouldReturnNull [< 1 ms]
  Passed Oproto.FluentDynamoDb.UnitTests.Requests.AttributeValueInternalTests.WithValue_HashSetInt_ConditionalUseTrue_ShouldAddNumberSetValue [< 1 ms]
  Passed Oproto.FluentDynamoDb.UnitTests.Requests.AttributeValueInternalTests.WithValue_ListBool_Empty_ShouldNotAddValue [< 1 ms]
  Passed Oproto.FluentDynamoDb.UnitTests.Streams.DynamoDbStreamRecordProcessorTests.OnSortKeyMatchSuccess [4 ms]
  Passed Oproto.FluentDynamoDb.UnitTests.Streams.DynamoDbStreamRecordProcessorTests.OnPatternMatchDualRegexFail [< 1 ms]
  Passed Oproto.FluentDynamoDb.SourceGenerator.UnitTests.EdgeCases.EdgeCaseTests.SourceGenerator_WithVeryComplexRelationshipPatterns_HandlesCorrectly [505 ms]
  Passed Oproto.FluentDynamoDb.SourceGenerator.UnitTests.Performance.SourceGeneratorPerformanceTests.SourceGenerator_WithManyRelatedEntities_HandlesEfficiently [474 ms]
  Passed Oproto.FluentDynamoDb.SourceGenerator.UnitTests.Integration.EndToEndSourceGeneratorTests.SourceGenerator_WithRelatedEntitiesButNoSortKey_GeneratesWarning [487 ms]
  Passed Oproto.FluentDynamoDb.SourceGenerator.UnitTests.EntityAnalyzerTests.AnalyzeEntity_WithMultiplePartitionKeys_ReportsDiagnostic [79 ms]
  Passed Oproto.FluentDynamoDb.SourceGenerator.UnitTests.EntityAnalyzerTests.AnalyzeEntity_WithRelatedEntities_ExtractsRelationshipInformation [14 ms]
  Passed Oproto.FluentDynamoDb.SourceGenerator.UnitTests.EdgeCases.EdgeCaseTests.SourceGenerator_WithNestedNamespaces_HandlesCorrectly [100 ms]
  Passed Oproto.FluentDynamoDb.UnitTests.Requests.CoreIntegrationTests.QueryBuilder_WithFormatStringParameters_ShouldGenerateCorrectRequest [5 ms]
  Passed Oproto.FluentDynamoDb.UnitTests.Requests.CoreIntegrationTests.ScanBuilder_WithExtensionMethods_ShouldWorkCorrectly [< 1 ms]
  Passed Oproto.FluentDynamoDb.UnitTests.Requests.BuilderExtensionMethodsIntegrationTests.BatchBuilders_WithBasicOperations_ShouldWorkCorrectly [1 ms]
  Passed Oproto.FluentDynamoDb.UnitTests.Requests.CoreIntegrationTests.QueryBuilder_WithExtensionMethods_ShouldWorkCorrectly [< 1 ms]
  Passed Oproto.FluentDynamoDb.UnitTests.Requests.CoreIntegrationTests.GetItemBuilder_WithExtensionMethods_ShouldWorkCorrectly [1 ms]
  Passed Oproto.FluentDynamoDb.UnitTests.Requests.Extensions.WithConditionExpressionExtensionsTests.Where_FormatString_EmptyStringParameter_ShouldCreateEmptyStringAttributeValue [6 ms]
  Passed Oproto.FluentDynamoDb.UnitTests.Requests.ComprehensiveBuilderIntegrationTests.QueryBuilder_WithMixedParameterStyles_ShouldHandleComplexScenarios [7 ms]
  Passed Oproto.FluentDynamoDb.UnitTests.Requests.Extensions.WithConditionExpressionExtensionsTests.Where_FormatString_Double_ExponentialFormat_ShouldFormatAsExponential [5 ms]
  Passed Oproto.FluentDynamoDb.UnitTests.Requests.Extensions.WithConditionExpressionExtensionsTests.Where_EmptyExpression_ShouldSetEmptyConditionExpression [< 1 ms]
  Passed Oproto.FluentDynamoDb.UnitTests.Requests.BuilderExtensionMethodsIntegrationTests.QueryBuilder_WithComplexFormatExpressions_ShouldHandleMultipleFormats [8 ms]
  Passed Oproto.FluentDynamoDb.UnitTests.Requests.CoreIntegrationTests.QueryBuilder_WithMixedParameterStyles_ShouldWorkCorrectly [8 ms]
  Passed Oproto.FluentDynamoDb.UnitTests.Requests.CoreIntegrationTests.DeleteItemBuilder_WithExtensionMethods_ShouldWorkCorrectly [< 1 ms]
  Passed Oproto.FluentDynamoDb.UnitTests.Streams.DynamoDbStreamRecordProcessorTests.OnPatternPrimaryKeyRegexSuccess [12 ms]
  Passed Oproto.FluentDynamoDb.UnitTests.Utility.AttributeValueConverterSetTests.FromNumberSetDecimal_HighPrecision_ShouldPreservePrecision [13 ms]
  Passed Oproto.FluentDynamoDb.UnitTests.Requests.BuilderExtensionMethodsIntegrationTests.QueryBuilder_WithMixedParameterStyles_ShouldWorkCorrectly [3 ms]
  Passed Oproto.FluentDynamoDb.UnitTests.Utility.AttributeValueConverterSetTests.ToNumberSet_FromNumberSetDecimal_RoundTrip_ShouldPreserveData [1 ms]
  Passed Oproto.FluentDynamoDb.UnitTests.Utility.AttributeValueConverterSetTests.FromBinarySet_AttributeValueWithNullBS_ShouldReturnNull [< 1 ms]
  Passed Oproto.FluentDynamoDb.UnitTests.Requests.BuilderExtensionMethodsIntegrationTests.AllBuilders_ExistingUsagePatterns_ShouldRemainUnchanged [1 ms]
  Passed Oproto.FluentDynamoDb.UnitTests.Utility.AttributeValueConverterSetTests.ToBinarySet_SingleByteArray_ShouldReturnBinarySetWithOneElement [< 1 ms]
  Passed Oproto.FluentDynamoDb.UnitTests.Requests.CoreIntegrationTests.UpdateItemBuilder_WithExtensionMethods_ShouldWorkCorrectly [< 1 ms]
  Passed Oproto.FluentDynamoDb.UnitTests.Utility.AttributeValueConverterSetTests.ToStringSet_SingleElement_ShouldReturnStringSetWithOneElement [< 1 ms]
  Passed Oproto.FluentDynamoDb.UnitTests.Utility.AttributeValueConverterSetTests.FromNumberSetLong_NullAttributeValue_ShouldReturnNull [< 1 ms]
  Passed Oproto.FluentDynamoDb.UnitTests.Requests.Extensions.WithConditionExpressionExtensionsTests.Where_FormatString_Decimal_F2Format_ShouldFormatToTwoDecimalPlaces [5 ms]
  Passed Oproto.FluentDynamoDb.UnitTests.Requests.CoreIntegrationTests.PutItemBuilder_WithExtensionMethods_ShouldWorkCorrectly [1 ms]
  Passed Oproto.FluentDynamoDb.UnitTests.Utility.AttributeValueConverterSetTests.FromBinarySet_ValidBinarySetAttributeValue_ShouldReconstructHashSet [1 ms]
  Passed Oproto.FluentDynamoDb.UnitTests.Utility.AttributeValueConverterSetTests.FromStringSet_ValidStringSetAttributeValue_ShouldReconstructHashSet [< 1 ms]
  Passed Oproto.FluentDynamoDb.UnitTests.Utility.AttributeValueConverterSetTests.FromBinarySet_EmptyBinarySet_ShouldReturnNull [< 1 ms]
  Passed Oproto.FluentDynamoDb.UnitTests.Utility.AttributeValueConverterSetTests.ToNumberSet_IntHashSet_Null_ShouldReturnNull [< 1 ms]
  Passed Oproto.FluentDynamoDb.UnitTests.Requests.CoreIntegrationTests.AllBuilders_BackwardCompatibility_ShouldWork [1 ms]
  Passed Oproto.FluentDynamoDb.UnitTests.Requests.FluentBuilderCompatibilityTests.PutItemRequestBuilder_WithComplexFormatExpressions_ShouldHandleAdvancedConditions [54 ms]
  Passed Oproto.FluentDynamoDb.UnitTests.Utility.AttributeValueConverterSetTests.FromNumberSetInt_ValidNumberSetAttributeValue_ShouldReconstructIntHashSet [< 1 ms]
  Passed Oproto.FluentDynamoDb.UnitTests.Requests.BuilderExtensionMethodsIntegrationTests.AllRequestBuilders_WithExtensionMethods_ShouldWorkCorrectly [3 ms]
  Passed Oproto.FluentDynamoDb.UnitTests.Utility.AttributeValueConverterSetTests.FromStringSet_EmptyStringSet_ShouldReturnNull [< 1 ms]
  Passed Oproto.FluentDynamoDb.UnitTests.Utility.AttributeValueConverterSetTests.FromNumberSetDecimal_ValidNumberSetAttributeValue_ShouldReconstructDecimalHashSet [< 1 ms]
  Passed Oproto.FluentDynamoDb.UnitTests.Utility.AttributeValueConverterSetTests.ToNumberSet_LongHashSet_Empty_ShouldReturnNull [< 1 ms]
  Passed Oproto.FluentDynamoDb.UnitTests.Streams.DynamoDbStreamRecordEventProcessorTests.OnDeleteTestAsync [40 ms]
  Passed Oproto.FluentDynamoDb.UnitTests.Streams.DynamoDbStreamRecordProcessorTests.OnPatternMatchPrimaryKeySortKeyRegexSuccess [7 ms]
  Passed Oproto.FluentDynamoDb.UnitTests.Utility.AttributeValueConverterSetTests.ToNumberSet_IntHashSet_NegativeNumbers_ShouldHandleCorrectly [1 ms]
  Passed Oproto.FluentDynamoDb.UnitTests.Utility.AttributeValueConverterSetTests.FromNumberSetInt_NegativeNumbers_ShouldHandleCorrectly [< 1 ms]
  Passed Oproto.FluentDynamoDb.UnitTests.Utility.AttributeValueConverterSetTests.ToStringSet_Null_ShouldReturnNull [< 1 ms]
  Passed Oproto.FluentDynamoDb.UnitTests.Streams.DynamoDbStreamRecordProcessorTests.OnPatternMatchDualRegexSuccess [1 ms]
  Passed Oproto.FluentDynamoDb.UnitTests.Streams.DynamoDbStreamRecordEventProcessorTests.OnDeleteWithTtlTestAsync [1 ms]
  Passed Oproto.FluentDynamoDb.UnitTests.Streams.DynamoDbStreamRecordProcessorTests.OnSortKeyPatternMatchRegexFail [< 1 ms]
  Passed Oproto.FluentDynamoDb.UnitTests.Streams.DynamoDbStreamRecordEventProcessorTests.OnInsertTestAsync [< 1 ms]
  Passed Oproto.FluentDynamoDb.UnitTests.Requests.Extensions.WithConditionExpressionExtensionsTests.Where_FormatString_MultipleCallsWithSameBuilder_ShouldIncrementParameterNames [8 ms]
  Passed Oproto.FluentDynamoDb.UnitTests.Streams.DynamoDbStreamRecordProcessorTests.OnSortKeyPatternMatchRegexSuccess [1 ms]
  Passed Oproto.FluentDynamoDb.UnitTests.Streams.DynamoDbStreamRecordProcessorTests.OnMatchPrimaryKeySortKeySuccess [1 ms]
  Passed Oproto.FluentDynamoDb.UnitTests.Requests.FluentBuilderCompatibilityTests.PutItemRequestBuilder_WithMixedParameterStyles_ShouldWorkCorrectly [5 ms]
  Passed Oproto.FluentDynamoDb.UnitTests.Requests.Extensions.WithConditionExpressionExtensionsTests.Where_FormatString_BooleanWithFormat_ShouldThrowFormatException [3 ms]
  Passed Oproto.FluentDynamoDb.UnitTests.Requests.FluentBuilderCompatibilityTests.TransactionBuilders_WithBasicOperations_ShouldWorkCorrectly [< 1 ms]
  Passed Oproto.FluentDynamoDb.UnitTests.Streams.DynamoDbStreamRecordProcessorTests.OnMatchPrimaryKeyOnlySuccess [2 ms]
  Passed Oproto.FluentDynamoDb.UnitTests.Requests.Extensions.WithConditionExpressionExtensionsTests.Where_FormatString_NullFormat_ShouldThrowArgumentException [< 1 ms]
  Passed Oproto.FluentDynamoDb.BlobStorage.S3.UnitTests.S3BlobProviderTests.RetrieveAsync_WhenS3FailsWithOtherError_ThrowsInvalidOperationException [1 ms]
  Passed Oproto.FluentDynamoDb.BlobStorage.S3.UnitTests.S3BlobProviderTests.ExistsAsync_WhenS3FailsWithOtherError_ThrowsInvalidOperationException [1 ms]
  Passed Oproto.FluentDynamoDb.BlobStorage.S3.UnitTests.S3BlobProviderTests.ExistsAsync_WithNullKey_ThrowsArgumentNullException [< 1 ms]

  Passed Oproto.FluentDynamoDb.UnitTests.Streams.DynamoDbStreamRecordProcessorTests.OnMatchPrimaryKeySortKeyFail [< 1 ms]
  Passed Oproto.FluentDynamoDb.UnitTests.Streams.DynamoDbStreamRecordProcessorTests.OnMatchPrimaryKeyOnlyFail [< 1 ms]
Test Run Successful.
Total tests: 21
     Passed: 21
  Passed Oproto.FluentDynamoDb.UnitTests.Requests.FluentBuilderCompatibilityTests.QueryRequestBuilder_WithExtensionMethods_ShouldWorkCorrectly [1 ms]
  Passed Oproto.FluentDynamoDb.UnitTests.Requests.FluentBuilderCompatibilityTests.ScanRequestBuilder_WithComplexFormatExpressions_ShouldHandleNestedConditions [< 1 ms]
  Passed Oproto.FluentDynamoDb.UnitTests.Requests.Extensions.WithConditionExpressionExtensionsTests.Where_FormatString_NestedBracesInStrings_ShouldNotInterfereWithFormatting [3 ms]
  Passed Oproto.FluentDynamoDb.UnitTests.Requests.Extensions.WithConditionExpressionExtensionsTests.Where_FormatString_Integer_HexFormat_ShouldFormatAsHex [2 ms]
  Passed Oproto.FluentDynamoDb.UnitTests.Requests.Extensions.WithConditionExpressionExtensionsTests.Where_FormatString_DateTimeOffset_ShouldFormatCorrectly [2 ms]
  Passed Oproto.FluentDynamoDb.UnitTests.Requests.Extensions.WithConditionExpressionExtensionsTests.Where_FormatString_NegativeParameterIndex_ShouldThrowFormatException [3 ms]
  Passed Oproto.FluentDynamoDb.UnitTests.Requests.Extensions.WithConditionExpressionExtensionsTests.Where_FormatString_DoubleValue_ShouldCreateNumericAttributeValue [3 ms]
 Total time: 1.0822 Seconds
[xUnit.net 00:00:00.76]   Finished:    Oproto.FluentDynamoDb.UnitTests
  Passed Oproto.FluentDynamoDb.UnitTests.Requests.Extensions.WithConditionExpressionExtensionsTests.Where_FormatString_DateTime_CustomFormat_ShouldUseCustomFormat [2 ms]
  Passed Oproto.FluentDynamoDb.UnitTests.Requests.Extensions.WithConditionExpressionExtensionsTests.Where_ComplexExpression_ShouldSetConditionExpression [< 1 ms]
  Passed Oproto.FluentDynamoDb.UnitTests.Requests.Extensions.WithConditionExpressionExtensionsTests.Where_FormatString_StringValue_ShouldCreateStringAttributeValue [2 ms]

Test Run Successful.
Total tests: 788
     Passed: 788
 Total time: 1.1739 Seconds
  Passed Oproto.FluentDynamoDb.SourceGenerator.UnitTests.EntityAnalyzerTests.AnalyzeEntity_WithRelatedEntitiesButNoSortKey_ReportsWarning [18 ms]
  Passed Oproto.FluentDynamoDb.SourceGenerator.UnitTests.EdgeCases.EdgeCaseTests.SourceGenerator_WithUnicodeCharacters_HandlesCorrectly [63 ms]
  Passed Oproto.FluentDynamoDb.SourceGenerator.UnitTests.Integration.EndToEndSourceGeneratorTests.SourceGenerator_WithComplexTypes_GeneratesCorrectConversions [166 ms]
  Passed Oproto.FluentDynamoDb.SourceGenerator.UnitTests.Performance.SourceGeneratorPerformanceTests.SourceGenerator_WithMultipleEntities_ScalesWell [170 ms]
  Passed Oproto.FluentDynamoDb.SourceGenerator.UnitTests.EdgeCases.EdgeCaseTests.SourceGenerator_WithComplexKeyFormats_ParsesCorrectly [38 ms]
  Passed Oproto.FluentDynamoDb.SourceGenerator.UnitTests.Performance.SourceGeneratorPerformanceTests.SourceGenerator_WithComplexEntity_CompletesReasonably [72 ms]
  Passed Oproto.FluentDynamoDb.SourceGenerator.UnitTests.Integration.EndToEndSourceGeneratorTests.SourceGenerator_WithPerformanceIssues_GeneratesActionableDiagnostics [90 ms]
  Passed Oproto.FluentDynamoDb.SourceGenerator.UnitTests.EdgeCases.EdgeCaseTests.SourceGenerator_WithDuplicateAttributeNames_HandlesCorrectly [55 ms]
  Passed Oproto.FluentDynamoDb.SourceGenerator.UnitTests.Performance.SourceGeneratorPerformanceTests.SourceGenerator_WithSingleEntity_CompletesQuickly [23 ms]
  Passed Oproto.FluentDynamoDb.SourceGenerator.UnitTests.EdgeCases.EdgeCaseTests.SourceGenerator_WithSpecialCharactersInNames_HandlesCorrectly [31 ms]
  Passed Oproto.FluentDynamoDb.SourceGenerator.UnitTests.Integration.EndToEndSourceGeneratorTests.SourceGenerator_WithRelatedEntities_GeneratesRelationshipMapping [46 ms]
  Passed Oproto.FluentDynamoDb.SourceGenerator.UnitTests.EdgeCases.EdgeCaseTests.SourceGenerator_WithEmptyAttributeNames_HandlesGracefully [27 ms]
  Passed Oproto.FluentDynamoDb.SourceGenerator.UnitTests.Performance.SourceGeneratorPerformanceTests.SourceGenerator_WithManyProperties_HandlesEfficiently [69 ms]
  Passed Oproto.FluentDynamoDb.SourceGenerator.UnitTests.EdgeCases.EdgeCaseTests.SourceGenerator_WithReservedKeywords_EscapesCorrectly [43 ms]
  Passed Oproto.FluentDynamoDb.SourceGenerator.UnitTests.Performance.SourceGeneratorPerformanceTests.SourceGenerator_WithManyGSIs_HandlesEfficiently [30 ms]
  Passed Oproto.FluentDynamoDb.SourceGenerator.UnitTests.Integration.EndToEndSourceGeneratorTests.SourceGenerator_WithCompleteEntity_GeneratesAllExpectedFiles [70 ms]
  Passed Oproto.FluentDynamoDb.SourceGenerator.UnitTests.EdgeCases.EdgeCaseTests.SourceGenerator_WithVeryLongNames_HandlesCorrectly [21 ms]
  Passed Oproto.FluentDynamoDb.SourceGenerator.UnitTests.Performance.SourceGeneratorPerformanceTests.SourceGenerator_LargeSourceFile_HandlesEfficiently [36 ms]
  Passed Oproto.FluentDynamoDb.SourceGenerator.UnitTests.Integration.EndToEndSourceGeneratorTests.SourceGenerator_WithScalabilityIssues_GeneratesHelpfulWarnings [36 ms]
  Passed Oproto.FluentDynamoDb.SourceGenerator.UnitTests.Generators.KeysGeneratorTests.GenerateKeysClass_WithNullableTypes_GeneratesNullChecks [855 ms]
  Passed Oproto.FluentDynamoDb.SourceGenerator.UnitTests.Generators.FieldsGeneratorTests.GenerateFieldsClass_WithNoAttributeMappings_GeneratesEmptyClass [937 ms]
  Passed Oproto.FluentDynamoDb.SourceGenerator.UnitTests.DynamoDbSourceGeneratorTests.Generator_WithGsiEntity_GeneratesFieldsWithGsiClasses [957 ms]
  Passed Oproto.FluentDynamoDb.SourceGenerator.UnitTests.EdgeCases.EdgeCaseTests.SourceGenerator_WithGenericTypeConstraints_HandlesCorrectly [73 ms]
  Passed Oproto.FluentDynamoDb.SourceGenerator.UnitTests.DynamoDbSourceGeneratorTests.Generator_WithoutDynamoDbTableAttribute_ProducesNoCode [17 ms]
  Passed Oproto.FluentDynamoDb.SourceGenerator.UnitTests.Integration.EndToEndSourceGeneratorTests.SourceGenerator_WithMultiItemEntity_GeneratesMultiItemSupport [69 ms]
  Passed Oproto.FluentDynamoDb.SourceGenerator.UnitTests.EdgeCases.EdgeCaseTests.SourceGenerator_WithCircularReferences_HandlesGracefully [102 ms]
  Passed Oproto.FluentDynamoDb.SourceGenerator.UnitTests.Integration.EndToEndSourceGeneratorTests.SourceGenerator_WithReservedWords_GeneratesHelpfulDiagnostics [139 ms]
  Passed Oproto.FluentDynamoDb.SourceGenerator.UnitTests.EdgeCases.EdgeCaseTests.SourceGenerator_WithEmptyEntity_GeneratesMinimalCode [77 ms]
  Passed Oproto.FluentDynamoDb.SourceGenerator.UnitTests.Generators.FieldsGeneratorTests.GenerateFieldsClass_WithReservedWords_HandlesCorrectly [187 ms]
  Passed Oproto.FluentDynamoDb.SourceGenerator.UnitTests.Generators.KeysGeneratorTests.GenerateKeysClass_WithDateTimeType_GeneratesFormattedString [193 ms]
  Passed Oproto.FluentDynamoDb.SourceGenerator.UnitTests.Integration.EndToEndSourceGeneratorTests.SourceGenerator_WithMultiplePartitionKeys_GeneratesDiagnostics [90 ms]
  Passed Oproto.FluentDynamoDb.SourceGenerator.UnitTests.Generators.MapperGeneratorBugFixTests.GenerateEntityImplementation_WithPropertyNames_UsesEntityClassNameInTypeofExpressions [1 s]
  Passed Oproto.FluentDynamoDb.SourceGenerator.UnitTests.Generators.AdvancedTypeGenerationTests.Generator_WithDictionaryStringString_GeneratesMapConversion [1 s]
[xUnit.net 00:00:01.46]     Oproto.FluentDynamoDb.SourceGenerator.UnitTests.Performance.SourceGeneratorPerformanceTests.SourceGenerator_RepeatedGeneration_ShowsConsistentPerformance [FAIL]
[xUnit.net 00:00:01.47]       Expected (maxTime / Math.Max(minTime, 1)) to be less than 3L because Performance should be relatively consistent, but found 3L.
[xUnit.net 00:00:01.47]       Stack Trace:
[xUnit.net 00:00:01.47]            at FluentAssertions.Execution.XUnit2TestFramework.Throw(String message)
[xUnit.net 00:00:01.47]            at FluentAssertions.Execution.TestFrameworkProvider.Throw(String message)
[xUnit.net 00:00:01.47]            at FluentAssertions.Execution.DefaultAssertionStrategy.HandleFailure(String message)
[xUnit.net 00:00:01.47]            at FluentAssertions.Execution.AssertionScope.FailWith(Func`1 failReasonFunc)
[xUnit.net 00:00:01.47]            at FluentAssertions.Execution.AssertionScope.FailWith(Func`1 failReasonFunc)
[xUnit.net 00:00:01.47]            at FluentAssertions.Execution.AssertionScope.FailWith(String message, Object[] args)
[xUnit.net 00:00:01.47]            at FluentAssertions.Numeric.NumericAssertions`2.BeLessThan(T expected, String because, Object[] becauseArgs)
[xUnit.net 00:00:01.47]         /Users/dguisinger/git/oproto-fluent-dynamodb/Oproto.FluentDynamoDb.SourceGenerator.UnitTests/Performance/SourceGeneratorPerformanceTests.cs(184,0): at Oproto.FluentDynamoDb.SourceGenerator.UnitTests.Performance.SourceGeneratorPerformanceTests.SourceGenerator_RepeatedGeneration_ShowsConsistentPerformance()
[xUnit.net 00:00:01.47]            at System.RuntimeMethodHandle.InvokeMethod(Object target, Void** arguments, Signature sig, Boolean isConstructor)
[xUnit.net 00:00:01.47]            at System.Reflection.MethodBaseInvoker.InvokeWithNoArgs(Object obj, BindingFlags invokeAttr)
  Passed Oproto.FluentDynamoDb.SourceGenerator.UnitTests.Generators.MapperGeneratorTests.GenerateEntityImplementation_WithCollectionProperties_GeneratesNativeDynamoDbCollections [1 s]
  Passed Oproto.FluentDynamoDb.SourceGenerator.UnitTests.Generators.FieldsGeneratorTests.GenerateFieldsClass_WithComplexGsiName_GeneratesSafeClassName [105 ms]
  Passed Oproto.FluentDynamoDb.SourceGenerator.UnitTests.Integration.EndToEndSourceGeneratorTests.SourceGenerator_WithNonPartialClass_GeneratesDiagnostics [32 ms]
  Passed Oproto.FluentDynamoDb.SourceGenerator.UnitTests.Generators.AdvancedTypeGenerationTests.Generator_WithBlobReferenceMissingProvider_GeneratesDYNDB103Error [53 ms]
  Passed Oproto.FluentDynamoDb.SourceGenerator.UnitTests.Integration.EndToEndSourceGeneratorTests.SourceGenerator_WithErrorScenarios_GeneratesDiagnostics [51 ms]
  Failed Oproto.FluentDynamoDb.SourceGenerator.UnitTests.Performance.SourceGeneratorPerformanceTests.SourceGenerator_RepeatedGeneration_ShowsConsistentPerformance [428 ms]
  Error Message:
   Expected (maxTime / Math.Max(minTime, 1)) to be less than 3L because Performance should be relatively consistent, but found 3L.
  Stack Trace:
     at FluentAssertions.Execution.XUnit2TestFramework.Throw(String message)
   at FluentAssertions.Execution.TestFrameworkProvider.Throw(String message)
   at FluentAssertions.Execution.DefaultAssertionStrategy.HandleFailure(String message)
   at FluentAssertions.Execution.AssertionScope.FailWith(Func`1 failReasonFunc)
   at FluentAssertions.Execution.AssertionScope.FailWith(Func`1 failReasonFunc)
   at FluentAssertions.Execution.AssertionScope.FailWith(String message, Object[] args)
   at FluentAssertions.Numeric.NumericAssertions`2.BeLessThan(T expected, String because, Object[] becauseArgs)
   at Oproto.FluentDynamoDb.SourceGenerator.UnitTests.Performance.SourceGeneratorPerformanceTests.SourceGenerator_RepeatedGeneration_ShowsConsistentPerformance() in /Users/dguisinger/git/oproto-fluent-dynamodb/Oproto.FluentDynamoDb.SourceGenerator.UnitTests/Performance/SourceGeneratorPerformanceTests.cs:line 184
   at System.RuntimeMethodHandle.InvokeMethod(Object target, Void** arguments, Signature sig, Boolean isConstructor)
   at System.Reflection.MethodBaseInvoker.InvokeWithNoArgs(Object obj, BindingFlags invokeAttr)
  Passed Oproto.FluentDynamoDb.SourceGenerator.UnitTests.Generators.FieldsGeneratorTests.GenerateFieldsClass_WithMultipleGsis_GeneratesAllNestedClasses [101 ms]
  Passed Oproto.FluentDynamoDb.SourceGenerator.UnitTests.Generators.KeysGeneratorTests.GenerateKeysClass_WithPartitionAndSortKey_GeneratesAllKeyBuilders [231 ms]
  Passed Oproto.FluentDynamoDb.SourceGenerator.UnitTests.Generators.FieldsGeneratorTests.GenerateFieldsClass_WithBasicEntity_ProducesCorrectCode [69 ms]
  Passed Oproto.FluentDynamoDb.SourceGenerator.UnitTests.Generators.MapperGeneratorTests.GenerateEntityImplementation_WithNullableProperties_GeneratesNullChecks [183 ms]
  Passed Oproto.FluentDynamoDb.SourceGenerator.UnitTests.Generators.FieldsGeneratorTests.GenerateFieldsClass_WithGsiProperties_GeneratesNestedGsiClasses [96 ms]
  Passed Oproto.FluentDynamoDb.SourceGenerator.UnitTests.Generators.KeysGeneratorTests.GenerateKeysClass_WithPartitionKeyOnly_GeneratesPartitionKeyBuilder [162 ms]
  Passed Oproto.FluentDynamoDb.SourceGenerator.UnitTests.DynamoDbSourceGeneratorTests.Generator_WithBasicEntity_ProducesCode [594 ms]
  Passed Oproto.FluentDynamoDb.SourceGenerator.UnitTests.Generators.AdvancedTypeGenerationTests.Generator_WithJsonBlobEmptyObject_StoresEmptyJson [281 ms]
  Passed Oproto.FluentDynamoDb.SourceGenerator.UnitTests.Generators.MapperGeneratorTests.GenerateEntityImplementation_WithBasicEntity_ProducesCorrectCode [191 ms]
  Passed Oproto.FluentDynamoDb.SourceGenerator.UnitTests.Generators.KeysGeneratorTests.GenerateKeysClass_WithGsi_GeneratesGsiKeyBuilders [109 ms]
  Passed Oproto.FluentDynamoDb.SourceGenerator.UnitTests.Generators.KeysGeneratorTests.GenerateKeysClass_WithGuidType_GeneratesToStringConversion [61 ms]
  Passed Oproto.FluentDynamoDb.SourceGenerator.UnitTests.Generators.KeysGeneratorTests.GenerateKeysClass_WithNoKeys_GeneratesEmptyClass [54 ms]
  Passed Oproto.FluentDynamoDb.SourceGenerator.UnitTests.Generators.AdvancedTypeGenerationTests.Generator_WithJsonBlobFromDynamoDb_DeserializesCorrectly [188 ms]
  Passed Oproto.FluentDynamoDb.SourceGenerator.UnitTests.Generators.MapperGeneratorTests.GenerateEntityImplementation_WithMultiItemEntity_GeneratesMultiItemMethods [149 ms]
  Passed Oproto.FluentDynamoDb.SourceGenerator.UnitTests.Generators.KeysGeneratorTests.GenerateKeysClass_WithCustomKeyFormat_ParsesFormatCorrectly [121 ms]
  Passed Oproto.FluentDynamoDb.SourceGenerator.UnitTests.Generators.MapperGeneratorTests.GenerateEntityImplementation_WithErrorHandling_GeneratesExceptionHandling [141 ms]
  Passed Oproto.FluentDynamoDb.SourceGenerator.UnitTests.Generators.AdvancedTypeGenerationTests.Generator_WithJsonBlobAndTtl_GeneratesBothCorrectly [197 ms]
  Passed Oproto.FluentDynamoDb.SourceGenerator.UnitTests.Generators.MapperGeneratorTests.GenerateEntityImplementation_WithGsiProperties_GeneratesCorrectMetadata [94 ms]
  Passed Oproto.FluentDynamoDb.SourceGenerator.UnitTests.Generators.AdvancedTypeGenerationTests.Generator_WithHashSetByteArray_GeneratesBinarySetConversion [153 ms]
  Passed Oproto.FluentDynamoDb.SourceGenerator.UnitTests.Generators.MapperGeneratorTests.GenerateEntityImplementation_WithEntityDiscriminator_GeneratesDiscriminatorLogic [125 ms]
  Passed Oproto.FluentDynamoDb.SourceGenerator.UnitTests.Generators.MapperGeneratorTests.GenerateEntityImplementation_WithDifferentPropertyTypes_GeneratesCorrectConversions [120 ms]
  Passed Oproto.FluentDynamoDb.SourceGenerator.UnitTests.Generators.AdvancedTypeGenerationTests.Generator_WithBlobReferenceFromDynamoDb_RetrievesFromStorage [209 ms]
  Passed Oproto.FluentDynamoDb.SourceGenerator.UnitTests.Generators.MapperGeneratorTests.GenerateEntityImplementation_WithRelatedEntities_GeneratesRelationshipMapping [110 ms]
  Passed Oproto.FluentDynamoDb.SourceGenerator.UnitTests.Generators.AdvancedTypeGenerationTests.Generator_WithListDecimal_GeneratesListConversion [117 ms]
  Passed Oproto.FluentDynamoDb.SourceGenerator.UnitTests.Generators.AdvancedTypeGenerationTests.Generator_WithBlobReference_GeneratesBlobStorageCalls [140 ms]
  Passed Oproto.FluentDynamoDb.SourceGenerator.UnitTests.Generators.AdvancedTypeGenerationTests.Generator_WithHashSetString_GeneratesStringSetConversion [111 ms]
  Passed Oproto.FluentDynamoDb.SourceGenerator.UnitTests.Generators.AdvancedTypeGenerationTests.Generator_WithEmptyDictionary_OmitsAttribute [112 ms]
  Passed Oproto.FluentDynamoDb.SourceGenerator.UnitTests.Generators.AdvancedTypeGenerationTests.Generator_WithEmptyHashSet_OmitsAttribute [161 ms]
  Passed Oproto.FluentDynamoDb.SourceGenerator.UnitTests.Generators.AdvancedTypeGenerationTests.Generator_WithInvalidTtlType_GeneratesDYNDB101Error [18 ms]
  Passed Oproto.FluentDynamoDb.SourceGenerator.UnitTests.Generators.AdvancedTypeGenerationTests.Generator_WithEmptyList_OmitsAttribute [108 ms]
  Passed Oproto.FluentDynamoDb.SourceGenerator.UnitTests.Generators.AdvancedTypeGenerationTests.Generator_WithHashSetInt_GeneratesNumberSetConversion [121 ms]
  Passed Oproto.FluentDynamoDb.SourceGenerator.UnitTests.Generators.AdvancedTypeGenerationTests.Generator_WithListInt_GeneratesListConversion [124 ms]
  Passed Oproto.FluentDynamoDb.SourceGenerator.UnitTests.Generators.AdvancedTypeGenerationTests.Generator_WithListString_GeneratesListConversion [113 ms]
  Passed Oproto.FluentDynamoDb.SourceGenerator.UnitTests.Generators.AdvancedTypeGenerationTests.Generator_WithNullTtl_OmitsAttribute [118 ms]
  Passed Oproto.FluentDynamoDb.SourceGenerator.UnitTests.Generators.AdvancedTypeGenerationTests.Generator_WithJsonBlobNullValue_OmitsAttribute [127 ms]
  Passed Oproto.FluentDynamoDb.SourceGenerator.UnitTests.Generators.AdvancedTypeGenerationTests.Generator_WithBlobReference_GeneratesBlobRetrievalCode [151 ms]
  Passed Oproto.FluentDynamoDb.SourceGenerator.UnitTests.Generators.AdvancedTypeGenerationTests.Generator_WithJsonBlobInMultiItemEntity_GeneratesCorrectly [130 ms]
  Passed Oproto.FluentDynamoDb.SourceGenerator.UnitTests.Generators.AdvancedTypeGenerationTests.Generator_WithMultipleTtlFields_GeneratesDYNDB105Error [18 ms]
  Passed Oproto.FluentDynamoDb.SourceGenerator.UnitTests.Generators.AdvancedTypeGenerationTests.Generator_WithTtlFromDynamoDb_ReconstructsCorrectly [125 ms]
  Passed Oproto.FluentDynamoDb.SourceGenerator.UnitTests.Generators.AdvancedTypeGenerationTests.Generator_WithJsonBlobMissingSerializer_GeneratesDYNDB102Error [24 ms]
  Passed Oproto.FluentDynamoDb.SourceGenerator.UnitTests.Generators.AdvancedTypeGenerationTests.Generator_WithJsonBlobNewtonsoftJson_GeneratesNewtonsoftSerialization [136 ms]
  Passed Oproto.FluentDynamoDb.SourceGenerator.UnitTests.Generators.AdvancedTypeGenerationTests.Generator_WithUnsupportedCollectionType_GeneratesDYNDB106Error [18 ms]
  Passed Oproto.FluentDynamoDb.SourceGenerator.UnitTests.Generators.AdvancedTypeGenerationTests.Generator_WithJsonBlobSystemTextJson_GeneratesJsonSerializerContext [134 ms]
[xUnit.net 00:00:04.83]     Oproto.FluentDynamoDb.SourceGenerator.UnitTests.Generators.AdvancedTypeGenerationTests.Generator_WithDateTimeTtl_GeneratesUnixEpochConversion [FAIL]
[xUnit.net 00:00:04.83]       Oproto.FluentDynamoDb.SourceGenerator.UnitTests.TestHelpers.SemanticAssertionException : Expected source code to contain assignment to 'seconds'
[xUnit.net 00:00:04.83]       
[xUnit.net 00:00:04.83]       Available assignment targets:
[xUnit.net 00:00:04.83]         - AttributeName
[xUnit.net 00:00:04.83]         - entity.ExpiresAt
[xUnit.net 00:00:04.83]         - entity.Id
[xUnit.net 00:00:04.83]         - Indexes
[xUnit.net 00:00:04.83]         - IsCollection
[xUnit.net 00:00:04.83]         - IsMultiItemEntity
[xUnit.net 00:00:04.83]         - IsNullable
[xUnit.net 00:00:04.83]         - IsPartitionKey
[xUnit.net 00:00:04.83]         - IsSortKey
[xUnit.net 00:00:04.83]         - item["pk"]
[xUnit.net 00:00:04.83]         - item["ttl"]
[xUnit.net 00:00:04.83]         - KeyFormat
[xUnit.net 00:00:04.83]         - N
[xUnit.net 00:00:04.83]         - Properties
[xUnit.net 00:00:04.83]         - PropertyName
[xUnit.net 00:00:04.83]         - PropertyType
[xUnit.net 00:00:04.83]         - Relationships
[xUnit.net 00:00:04.83]         - S
[xUnit.net 00:00:04.83]         - SupportedOperations
[xUnit.net 00:00:04.83]         - TableName
[xUnit.net 00:00:04.83]       
[xUnit.net 00:00:04.83]       Source code context:
[xUnit.net 00:00:04.83]            1: // <auto-generated />
[xUnit.net 00:00:04.83]            2: // This code was generated by the DynamoDB Source Generator.
[xUnit.net 00:00:04.83]            3: // Changes to this file may be lost when the code is regenerated.
[xUnit.net 00:00:04.83]            4: 
[xUnit.net 00:00:04.83]            5: using System;
[xUnit.net 00:00:04.83]            6: using System.Collections.Generic;
[xUnit.net 00:00:04.83]            7: using System.IO;
[xUnit.net 00:00:04.83]            8: using System.Linq;
[xUnit.net 00:00:04.83]            9: using System.Runtime.CompilerServices;
[xUnit.net 00:00:04.83]           10: using System.Threading;
[xUnit.net 00:00:04.83]         ... (230 more lines)
[xUnit.net 00:00:04.83]       
[xUnit.net 00:00:04.83]       
[xUnit.net 00:00:04.83]       Stack Trace:
[xUnit.net 00:00:04.83]         /Users/dguisinger/git/oproto-fluent-dynamodb/Oproto.FluentDynamoDb.SourceGenerator.UnitTests/TestHelpers/SemanticAssertions.cs(137,0): at Oproto.FluentDynamoDb.SourceGenerator.UnitTests.TestHelpers.SemanticAssertions.ShouldContainAssignment(String sourceCode, String targetName, String because)
[xUnit.net 00:00:04.83]         /Users/dguisinger/git/oproto-fluent-dynamodb/Oproto.FluentDynamoDb.SourceGenerator.UnitTests/Generators/AdvancedTypeGenerationTests.cs(623,0): at Oproto.FluentDynamoDb.SourceGenerator.UnitTests.Generators.AdvancedTypeGenerationTests.Generator_WithDateTimeTtl_GeneratesUnixEpochConversion()
[xUnit.net 00:00:04.83]            at System.RuntimeMethodHandle.InvokeMethod(Object target, Void** arguments, Signature sig, Boolean isConstructor)
[xUnit.net 00:00:04.83]            at System.Reflection.MethodBaseInvoker.InvokeWithNoArgs(Object obj, BindingFlags invokeAttr)
  Passed Oproto.FluentDynamoDb.SourceGenerator.UnitTests.Generators.AdvancedTypeGenerationTests.Generator_WithJsonBlobToDynamoDb_SerializesCorrectly [123 ms]
  Failed Oproto.FluentDynamoDb.SourceGenerator.UnitTests.Generators.AdvancedTypeGenerationTests.Generator_WithDateTimeTtl_GeneratesUnixEpochConversion [131 ms]
  Error Message:
   Oproto.FluentDynamoDb.SourceGenerator.UnitTests.TestHelpers.SemanticAssertionException : Expected source code to contain assignment to 'seconds'

Available assignment targets:
  - AttributeName
  - entity.ExpiresAt
  - entity.Id
  - Indexes
  - IsCollection
  - IsMultiItemEntity
  - IsNullable
  - IsPartitionKey
  - IsSortKey
  - item["pk"]
  - item["ttl"]
  - KeyFormat
  - N
  - Properties
  - PropertyName
  - PropertyType
  - Relationships
  - S
  - SupportedOperations
  - TableName

Source code context:
     1: // <auto-generated />
     2: // This code was generated by the DynamoDB Source Generator.
     3: // Changes to this file may be lost when the code is regenerated.
     4: 
     5: using System;
     6: using System.Collections.Generic;
     7: using System.IO;
     8: using System.Linq;
     9: using System.Runtime.CompilerServices;
    10: using System.Threading;
  ... (230 more lines)


  Stack Trace:
     at Oproto.FluentDynamoDb.SourceGenerator.UnitTests.TestHelpers.SemanticAssertions.ShouldContainAssignment(String sourceCode, String targetName, String because) in /Users/dguisinger/git/oproto-fluent-dynamodb/Oproto.FluentDynamoDb.SourceGenerator.UnitTests/TestHelpers/SemanticAssertions.cs:line 137
   at Oproto.FluentDynamoDb.SourceGenerator.UnitTests.Generators.AdvancedTypeGenerationTests.Generator_WithDateTimeTtl_GeneratesUnixEpochConversion() in /Users/dguisinger/git/oproto-fluent-dynamodb/Oproto.FluentDynamoDb.SourceGenerator.UnitTests/Generators/AdvancedTypeGenerationTests.cs:line 623
   at System.RuntimeMethodHandle.InvokeMethod(Object target, Void** arguments, Signature sig, Boolean isConstructor)
   at System.Reflection.MethodBaseInvoker.InvokeWithNoArgs(Object obj, BindingFlags invokeAttr)
  Passed Oproto.FluentDynamoDb.SourceGenerator.UnitTests.Generators.AdvancedTypeGenerationTests.Generator_WithJsonBlobComplexType_GeneratesCorrectSerialization [130 ms]
  Passed Oproto.FluentDynamoDb.SourceGenerator.UnitTests.Generators.AdvancedTypeGenerationTests.Generator_WithNullDictionary_HandlesGracefully [128 ms]
  Passed Oproto.FluentDynamoDb.SourceGenerator.UnitTests.Generators.AdvancedTypeGenerationTests.Generator_WithDateTimeOffsetTtl_GeneratesUnixEpochConversion [114 ms]
  Passed Oproto.FluentDynamoDb.SourceGenerator.UnitTests.Generators.AdvancedTypeGenerationTests.Generator_WithBlobReference_GeneratesAsyncMethodSignatures [152 ms]
  Passed Oproto.FluentDynamoDb.SourceGenerator.UnitTests.Generators.AdvancedTypeGenerationTests.Generator_WithBlobReference_GeneratesReferenceStorageInDynamoDb [145 ms]
  Passed Oproto.FluentDynamoDb.SourceGenerator.UnitTests.Generators.AdvancedTypeGenerationTests.Generator_WithIncompatibleAttributes_GeneratesDYNDB104Error [18 ms]
  Passed Oproto.FluentDynamoDb.SourceGenerator.UnitTests.Generators.AdvancedTypeGenerationTests.Generator_WithAssemblyAttributeDetection_UsesCorrectSerializer [124 ms]
[xUnit.net 00:00:05.79]     Oproto.FluentDynamoDb.SourceGenerator.UnitTests.Generators.AdvancedTypeGenerationTests.Generator_WithDynamoDbMapAttribute_GeneratesNestedMapConversion [FAIL]
[xUnit.net 00:00:05.79]       Oproto.FluentDynamoDb.SourceGenerator.UnitTests.TestHelpers.SemanticAssertionException : Expected source code to contain assignment to 'attributesMap'
[xUnit.net 00:00:05.79]       
[xUnit.net 00:00:05.79]       Available assignment targets:
[xUnit.net 00:00:05.79]         - AttributeName
[xUnit.net 00:00:05.79]         - entity.Attributes
[xUnit.net 00:00:05.79]         - entity.Id
[xUnit.net 00:00:05.79]         - Indexes
[xUnit.net 00:00:05.79]         - IsCollection
[xUnit.net 00:00:05.79]         - IsMultiItemEntity
[xUnit.net 00:00:05.79]         - IsNullable
[xUnit.net 00:00:05.79]         - IsPartitionKey
[xUnit.net 00:00:05.79]         - IsSortKey
[xUnit.net 00:00:05.79]         - item["attributes"]
[xUnit.net 00:00:05.79]         - item["pk"]
[xUnit.net 00:00:05.79]         - KeyFormat
[xUnit.net 00:00:05.79]         - M
[xUnit.net 00:00:05.79]         - Properties
[xUnit.net 00:00:05.79]         - PropertyName
[xUnit.net 00:00:05.79]         - PropertyType
[xUnit.net 00:00:05.79]         - Relationships
[xUnit.net 00:00:05.79]         - S
[xUnit.net 00:00:05.79]         - SupportedOperations
[xUnit.net 00:00:05.79]         - TableName
[xUnit.net 00:00:05.79]       
[xUnit.net 00:00:05.79]       Source code context:
[xUnit.net 00:00:05.79]            1: // <auto-generated />
[xUnit.net 00:00:05.79]            2: // This code was generated by the DynamoDB Source Generator.
[xUnit.net 00:00:05.79]            3: // Changes to this file may be lost when the code is regenerated.
[xUnit.net 00:00:05.79]            4: 
[xUnit.net 00:00:05.79]            5: using System;
[xUnit.net 00:00:05.79]            6: using System.Collections.Generic;
[xUnit.net 00:00:05.79]            7: using System.IO;
[xUnit.net 00:00:05.79]            8: using System.Linq;
[xUnit.net 00:00:05.79]            9: using System.Runtime.CompilerServices;
[xUnit.net 00:00:05.79]           10: using System.Threading;
[xUnit.net 00:00:05.79]         ... (224 more lines)
[xUnit.net 00:00:05.79]       
[xUnit.net 00:00:05.79]       
[xUnit.net 00:00:05.79]       Stack Trace:
[xUnit.net 00:00:05.79]         /Users/dguisinger/git/oproto-fluent-dynamodb/Oproto.FluentDynamoDb.SourceGenerator.UnitTests/TestHelpers/SemanticAssertions.cs(137,0): at Oproto.FluentDynamoDb.SourceGenerator.UnitTests.TestHelpers.SemanticAssertions.ShouldContainAssignment(String sourceCode, String targetName, String because)
[xUnit.net 00:00:05.79]         /Users/dguisinger/git/oproto-fluent-dynamodb/Oproto.FluentDynamoDb.SourceGenerator.UnitTests/Generators/AdvancedTypeGenerationTests.cs(123,0): at Oproto.FluentDynamoDb.SourceGenerator.UnitTests.Generators.AdvancedTypeGenerationTests.Generator_WithDynamoDbMapAttribute_GeneratesNestedMapConversion()
[xUnit.net 00:00:05.79]            at System.RuntimeMethodHandle.InvokeMethod(Object target, Void** arguments, Signature sig, Boolean isConstructor)
[xUnit.net 00:00:05.79]            at System.Reflection.MethodBaseInvoker.InvokeWithNoArgs(Object obj, BindingFlags invokeAttr)
[xUnit.net 00:00:05.79]   Finished:    Oproto.FluentDynamoDb.SourceGenerator.UnitTests
  Passed Oproto.FluentDynamoDb.SourceGenerator.UnitTests.Generators.AdvancedTypeGenerationTests.Generator_WithJsonBlobNoSerializer_GeneratesError [27 ms]
  Failed Oproto.FluentDynamoDb.SourceGenerator.UnitTests.Generators.AdvancedTypeGenerationTests.Generator_WithDynamoDbMapAttribute_GeneratesNestedMapConversion [118 ms]
  Error Message:
   Oproto.FluentDynamoDb.SourceGenerator.UnitTests.TestHelpers.SemanticAssertionException : Expected source code to contain assignment to 'attributesMap'

Available assignment targets:
  - AttributeName
  - entity.Attributes
  - entity.Id
  - Indexes
  - IsCollection
  - IsMultiItemEntity
  - IsNullable
  - IsPartitionKey
  - IsSortKey
  - item["attributes"]
  - item["pk"]
  - KeyFormat
  - M
  - Properties
  - PropertyName
  - PropertyType
  - Relationships
  - S
  - SupportedOperations
  - TableName

Source code context:
     1: // <auto-generated />
     2: // This code was generated by the DynamoDB Source Generator.
     3: // Changes to this file may be lost when the code is regenerated.
     4: 
     5: using System;
     6: using System.Collections.Generic;
     7: using System.IO;
     8: using System.Linq;
     9: using System.Runtime.CompilerServices;
    10: using System.Threading;
  ... (224 more lines)


  Stack Trace:
     at Oproto.FluentDynamoDb.SourceGenerator.UnitTests.TestHelpers.SemanticAssertions.ShouldContainAssignment(String sourceCode, String targetName, String because) in /Users/dguisinger/git/oproto-fluent-dynamodb/Oproto.FluentDynamoDb.SourceGenerator.UnitTests/TestHelpers/SemanticAssertions.cs:line 137
   at Oproto.FluentDynamoDb.SourceGenerator.UnitTests.Generators.AdvancedTypeGenerationTests.Generator_WithDynamoDbMapAttribute_GeneratesNestedMapConversion() in /Users/dguisinger/git/oproto-fluent-dynamodb/Oproto.FluentDynamoDb.SourceGenerator.UnitTests/Generators/AdvancedTypeGenerationTests.cs:line 123
   at System.RuntimeMethodHandle.InvokeMethod(Object target, Void** arguments, Signature sig, Boolean isConstructor)
   at System.Reflection.MethodBaseInvoker.InvokeWithNoArgs(Object obj, BindingFlags invokeAttr)

Test Run Failed.
Total tests: 188
     Passed: 185
     Failed: 3
 Total time: 6.1854 Seconds
     1>Project "/Users/dguisinger/git/oproto-fluent-dynamodb/Oproto.FluentDynamoDb.sln" (1) is building "/Users/dguisinger/git/oproto-fluent-dynamodb/Oproto.FluentDynamoDb.SourceGenerator.UnitTests/Oproto.FluentDynamoDb.SourceGenerator.UnitTests.csproj" (6) on node 6 (VSTest target(s)).
     6>VSTest:
         MSB4181: The "Microsoft.TestPlatform.Build.Tasks.VSTestTask" task returned false but did not log an error.
     6>Done Building Project "/Users/dguisinger/git/oproto-fluent-dynamodb/Oproto.FluentDynamoDb.SourceGenerator.UnitTests/Oproto.FluentDynamoDb.SourceGenerator.UnitTests.csproj" (VSTest target(s)) -- FAILED.
     1>Done Building Project "/Users/dguisinger/git/oproto-fluent-dynamodb/Oproto.FluentDynamoDb.sln" (VSTest target(s)) -- FAILED.

Build FAILED.
    0 Warning(s)
    0 Error(s)

Time Elapsed 00:00:06.97
